Archive member included to satisfy reference by file (symbol)

c:/progra~1/raspbe~1/picosd~1.1/gcc-ar~1/bin/../lib/gcc/arm-none-eabi/10.3.1/thumb/v6-m/nofp\libgcc.a(_dvmd_tls.o)
                              pio/hub75/CMakeFiles/pio_hub75.dir/C_/Program_Files/Raspberry_Pi/Pico_SDK_v1.5.1/pico-sdk/src/rp2_common/pico_divider/divider.S.obj (__aeabi_idiv0)
c:/progra~1/raspbe~1/picosd~1.1/gcc-ar~1/bin/../lib/gcc/arm-none-eabi/10.3.1/../../../../arm-none-eabi/lib/thumb/v6-m/nofp\libg.a(lib_a-calloc.o)
                              pio/hub75/CMakeFiles/pio_hub75.dir/C_/Program_Files/Raspberry_Pi/Pico_SDK_v1.5.1/pico-sdk/src/rp2_common/pico_malloc/pico_malloc.c.obj (calloc)
c:/progra~1/raspbe~1/picosd~1.1/gcc-ar~1/bin/../lib/gcc/arm-none-eabi/10.3.1/../../../../arm-none-eabi/lib/thumb/v6-m/nofp\libg.a(lib_a-callocr.o)
                              c:/progra~1/raspbe~1/picosd~1.1/gcc-ar~1/bin/../lib/gcc/arm-none-eabi/10.3.1/../../../../arm-none-eabi/lib/thumb/v6-m/nofp\libg.a(lib_a-calloc.o) (_calloc_r)
c:/progra~1/raspbe~1/picosd~1.1/gcc-ar~1/bin/../lib/gcc/arm-none-eabi/10.3.1/../../../../arm-none-eabi/lib/thumb/v6-m/nofp\libg.a(lib_a-errno.o)
                              c:/progra~1/raspbe~1/picosd~1.1/gcc-ar~1/bin/../lib/gcc/arm-none-eabi/10.3.1/../../../../arm-none-eabi/lib/thumb/v6-m/nofp\libg.a(lib_a-callocr.o) (__errno)
c:/progra~1/raspbe~1/picosd~1.1/gcc-ar~1/bin/../lib/gcc/arm-none-eabi/10.3.1/../../../../arm-none-eabi/lib/thumb/v6-m/nofp\libg.a(lib_a-impure.o)
                              c:/progra~1/raspbe~1/picosd~1.1/gcc-ar~1/bin/../lib/gcc/arm-none-eabi/10.3.1/../../../../arm-none-eabi/lib/thumb/v6-m/nofp\libg.a(lib_a-calloc.o) (_impure_ptr)
c:/progra~1/raspbe~1/picosd~1.1/gcc-ar~1/bin/../lib/gcc/arm-none-eabi/10.3.1/../../../../arm-none-eabi/lib/thumb/v6-m/nofp\libg.a(lib_a-init.o)
                              c:/progra~1/raspbe~1/picosd~1.1/gcc-ar~1/bin/../lib/gcc/arm-none-eabi/10.3.1/../../../../arm-none-eabi/lib/thumb/v6-m/nofp/crt0.o (__libc_init_array)
c:/progra~1/raspbe~1/picosd~1.1/gcc-ar~1/bin/../lib/gcc/arm-none-eabi/10.3.1/../../../../arm-none-eabi/lib/thumb/v6-m/nofp\libg.a(lib_a-malloc.o)
                              pio/hub75/CMakeFiles/pio_hub75.dir/C_/Program_Files/Raspberry_Pi/Pico_SDK_v1.5.1/pico-sdk/src/rp2_common/pico_malloc/pico_malloc.c.obj (malloc)
c:/progra~1/raspbe~1/picosd~1.1/gcc-ar~1/bin/../lib/gcc/arm-none-eabi/10.3.1/../../../../arm-none-eabi/lib/thumb/v6-m/nofp\libg.a(lib_a-mallocr.o)
                              c:/progra~1/raspbe~1/picosd~1.1/gcc-ar~1/bin/../lib/gcc/arm-none-eabi/10.3.1/../../../../arm-none-eabi/lib/thumb/v6-m/nofp\libg.a(lib_a-callocr.o) (_malloc_r)
c:/progra~1/raspbe~1/picosd~1.1/gcc-ar~1/bin/../lib/gcc/arm-none-eabi/10.3.1/../../../../arm-none-eabi/lib/thumb/v6-m/nofp\libg.a(lib_a-mlock.o)
                              c:/progra~1/raspbe~1/picosd~1.1/gcc-ar~1/bin/../lib/gcc/arm-none-eabi/10.3.1/../../../../arm-none-eabi/lib/thumb/v6-m/nofp\libg.a(lib_a-mallocr.o) (__malloc_lock)
c:/progra~1/raspbe~1/picosd~1.1/gcc-ar~1/bin/../lib/gcc/arm-none-eabi/10.3.1/../../../../arm-none-eabi/lib/thumb/v6-m/nofp\libg.a(lib_a-realloc.o)
                              pio/hub75/CMakeFiles/pio_hub75.dir/C_/Program_Files/Raspberry_Pi/Pico_SDK_v1.5.1/pico-sdk/src/rp2_common/pico_malloc/pico_malloc.c.obj (realloc)
c:/progra~1/raspbe~1/picosd~1.1/gcc-ar~1/bin/../lib/gcc/arm-none-eabi/10.3.1/../../../../arm-none-eabi/lib/thumb/v6-m/nofp\libg.a(lib_a-reallocr.o)
                              c:/progra~1/raspbe~1/picosd~1.1/gcc-ar~1/bin/../lib/gcc/arm-none-eabi/10.3.1/../../../../arm-none-eabi/lib/thumb/v6-m/nofp\libg.a(lib_a-realloc.o) (_realloc_r)
c:/progra~1/raspbe~1/picosd~1.1/gcc-ar~1/bin/../lib/gcc/arm-none-eabi/10.3.1/../../../../arm-none-eabi/lib/thumb/v6-m/nofp\libg.a(lib_a-sbrkr.o)
                              c:/progra~1/raspbe~1/picosd~1.1/gcc-ar~1/bin/../lib/gcc/arm-none-eabi/10.3.1/../../../../arm-none-eabi/lib/thumb/v6-m/nofp\libg.a(lib_a-mallocr.o) (_sbrk_r)
c:/progra~1/raspbe~1/picosd~1.1/gcc-ar~1/bin/../lib/gcc/arm-none-eabi/10.3.1/../../../../arm-none-eabi/lib/thumb/v6-m/nofp\libg.a(lib_a-strlen-stub.o)
                              pio/hub75/CMakeFiles/pio_hub75.dir/C_/Program_Files/Raspberry_Pi/Pico_SDK_v1.5.1/pico-sdk/src/rp2_common/pico_stdio/stdio.c.obj (strlen)
c:/progra~1/raspbe~1/picosd~1.1/gcc-ar~1/bin/../lib/gcc/arm-none-eabi/10.3.1/../../../../arm-none-eabi/lib/thumb/v6-m/nofp\libg.a(lib_a-freer.o)
                              c:/progra~1/raspbe~1/picosd~1.1/gcc-ar~1/bin/../lib/gcc/arm-none-eabi/10.3.1/../../../../arm-none-eabi/lib/thumb/v6-m/nofp\libg.a(lib_a-malloc.o) (_free_r)
c:/progra~1/raspbe~1/picosd~1.1/gcc-ar~1/bin/../lib/gcc/arm-none-eabi/10.3.1/../../../../arm-none-eabi/lib/thumb/v6-m/nofp\libg.a(lib_a-lock.o)
                              c:/progra~1/raspbe~1/picosd~1.1/gcc-ar~1/bin/../lib/gcc/arm-none-eabi/10.3.1/../../../../arm-none-eabi/lib/thumb/v6-m/nofp\libg.a(lib_a-mlock.o) (__retarget_lock_acquire_recursive)
[...]
Memory Configuration

Name             Origin             Length             Attributes
FLASH            0x10000000         0x00200000         xr
RAM              0x20000000         0x00040000         xrw
SCRATCH_X        0x20040000         0x00001000         xrw
SCRATCH_Y        0x20041000         0x00001000         xrw
*default*        0x00000000         0xffffffff

Linker script and memory map

LOAD c:/progra~1/raspbe~1/picosd~1.1/gcc-ar~1/bin/../lib/gcc/arm-none-eabi/10.3.1/thumb/v6-m/nofp/crti.o
LOAD c:/progra~1/raspbe~1/picosd~1.1/gcc-ar~1/bin/../lib/gcc/arm-none-eabi/10.3.1/thumb/v6-m/nofp/crtbegin.o
LOAD c:/progra~1/raspbe~1/picosd~1.1/gcc-ar~1/bin/../lib/gcc/arm-none-eabi/10.3.1/../../../../arm-none-eabi/lib/thumb/v6-m/nofp/crt0.o

.flash_begin    0x10000000        0x0
                0x10000000                __flash_binary_start = .

.boot2          0x10000000      0x100
                0x10000000                __boot2_start__ = .
 *(.boot2)
 .boot2         0x10000000      0x100 C:\Users\thisi\AppData\Local\Temp\ccvPb8ak.o
                0x10000100                __boot2_end__ = .
                0x00000001                ASSERT (((__boot2_end__ - __boot2_start__) == 0x100), ERROR: Pico second stage bootloader must be 256 bytes in size)

.text           0x10000100     0x4460
                0x10000100                __logical_binary_start = .
 *(.vectors)
 .vectors       0x10000100       0xd4 pio/hub75/CMakeFiles/pio_hub75.dir/C_/Program_Files/Raspberry_Pi/Pico_SDK_v1.5.1/pico-sdk/src/rp2_common/pico_standard_link/crt0.S.obj
                0x10000100                __VECTOR_TABLE
                0x10000100                __vectors
                0x100001c0                isr_invalid
                0x100001c0                __default_isrs_start
                0x100001c2                isr_nmi
                0x100001c4                isr_hardfault
                0x100001c6                isr_svcall
                0x100001c8                isr_pendsv
                0x100001ca                isr_systick
                0x100001cc                isr_irq23
                0x100001cc                isr_irq18
                0x100001cc                isr_irq11
                0x100001cc                isr_irq28
                0x100001cc                isr_irq19
                0x100001cc                isr_irq0
                0x100001cc                isr_irq6
                0x100001cc                isr_irq5
                0x100001cc                isr_irq12
                0x100001cc                isr_irq22
                0x100001cc                isr_irq31
                0x100001cc                isr_irq17
                0x100001cc                isr_irq27
                0x100001cc                isr_irq30
                0x100001cc                isr_irq2
                0x100001cc                isr_irq10
                0x100001cc                isr_irq8
                0x100001cc                isr_irq24
                0x100001cc                isr_irq1
                0x100001cc                isr_irq7
                0x100001cc                isr_irq21
                0x100001cc                isr_irq20
                0x100001cc                isr_irq15
                0x100001cc                isr_irq25
                0x100001cc                isr_irq13
                0x100001cc                __unhandled_user_irq
                0x100001cc                isr_irq4
                0x100001cc                isr_irq16
                0x100001cc                isr_irq29
                0x100001cc                isr_irq26
                0x100001cc                __default_isrs_end
                0x100001cc                isr_irq3
                0x100001cc                isr_irq14
                0x100001cc                isr_irq9
                0x100001d2                unhandled_user_irq_num_in_r0
 *(.binary_info_header)
 .binary_info_header
                0x100001d4       0x14 pio/hub75/CMakeFiles/pio_hub75.dir/C_/Program_Files/Raspberry_Pi/Pico_SDK_v1.5.1/pico-sdk/src/rp2_common/pico_standard_link/crt0.S.obj
                0x100001e8                __binary_info_header_end = .
 *(.reset)
 .reset         0x100001e8       0xa0 pio/hub75/CMakeFiles/pio_hub75.dir/C_/Program_Files/Raspberry_Pi/Pico_SDK_v1.5.1/pico-sdk/src/rp2_common/pico_standard_link/crt0.S.obj
                0x100001e8                _entry_point
 .reset         0x10000288       0x30 pio/hub75/CMakeFiles/pio_hub75.dir/C_/Program_Files/Raspberry_Pi/Pico_SDK_v1.5.1/pico-sdk/src/rp2_common/pico_standard_link/binary_info.c.obj
 *(.init)
 .init          0x100002b8        0x4 c:/progra~1/raspbe~1/picosd~1.1/gcc-ar~1/bin/../lib/gcc/arm-none-eabi/10.3.1/thumb/v6-m/nofp/crti.o
                0x100002b8                _init
 *(EXCLUDE_FILE(*libm.a: *libc.a:*lib_a-mem*.o *libgcc.a:) .text*)
 .text          0x100002bc       0x48 c:/progra~1/raspbe~1/picosd~1.1/gcc-ar~1/bin/../lib/gcc/arm-none-eabi/10.3.1/thumb/v6-m/nofp/crtbegin.o
 .text.pio_get_default_sm_config
                0x10000304       0x28 pio/hub75/CMakeFiles/pio_hub75.dir/hub75.c.obj
 .text.main     0x1000032c      0x310 pio/hub75/CMakeFiles/pio_hub75.dir/hub75.c.obj
                0x1000032c                main
 .text.gpio_set_function
                0x1000063c       0x30 pio/hub75/CMakeFiles/pio_hub75.dir/C_/Program_Files/Raspberry_Pi/Pico_SDK_v1.5.1/pico-sdk/src/rp2_common/hardware_gpio/gpio.c.obj
                0x1000063c                gpio_set_function
 .text.running_on_fpga
                0x1000066c       0x14 pio/hub75/CMakeFiles/pio_hub75.dir/C_/Program_Files/Raspberry_Pi/Pico_SDK_v1.5.1/pico-sdk/src/rp2_common/pico_platform/platform.c.obj
                0x1000066c                running_on_fpga
 .text.hw_claim_lock
                0x10000680       0x18 pio/hub75/CMakeFiles/pio_hub75.dir/C_/Program_Files/Raspberry_Pi/Pico_SDK_v1.5.1/pico-sdk/src/rp2_common/hardware_claim/claim.c.obj
                0x10000680                hw_claim_lock
 .text.hw_claim_unlock
                0x10000698       0x14 pio/hub75/CMakeFiles/pio_hub75.dir/C_/Program_Files/Raspberry_Pi/Pico_SDK_v1.5.1/pico-sdk/src/rp2_common/hardware_claim/claim.c.obj
                0x10000698                hw_claim_unlock
 .text.hw_claim_or_assert
                0x100006ac       0x32 pio/hub75/CMakeFiles/pio_hub75.dir/C_/Program_Files/Raspberry_Pi/Pico_SDK_v1.5.1/pico-sdk/src/rp2_common/hardware_claim/claim.c.obj
                0x100006ac                hw_claim_or_assert
 *fill*         0x100006de        0x2 
 .text.spin_locks_reset
                0x100006e0       0x20 pio/hub75/CMakeFiles/pio_hub75.dir/C_/Program_Files/Raspberry_Pi/Pico_SDK_v1.5.1/pico-sdk/src/rp2_common/hardware_sync/sync.c.obj
                0x100006e0                spin_locks_reset
 .text.next_striped_spin_lock_num
                0x10000700       0x1c pio/hub75/CMakeFiles/pio_hub75.dir/C_/Program_Files/Raspberry_Pi/Pico_SDK_v1.5.1/pico-sdk/src/rp2_common/hardware_sync/sync.c.obj
                0x10000700                next_striped_spin_lock_num
 .text.set_raw_irq_handler_and_unlock
                0x1000071c       0x28 pio/hub75/CMakeFiles/pio_hub75.dir/C_/Program_Files/Raspberry_Pi/Pico_SDK_v1.5.1/pico-sdk/src/rp2_common/hardware_irq/irq.c.obj
 .text.make_branch
                0x10000744       0x48 pio/hub75/CMakeFiles/pio_hub75.dir/C_/Program_Files/Raspberry_Pi/Pico_SDK_v1.5.1/pico-sdk/src/rp2_common/hardware_irq/irq.c.obj
 .text.insert_branch_and_link
                0x1000078c       0x40 pio/hub75/CMakeFiles/pio_hub75.dir/C_/Program_Files/Raspberry_Pi/Pico_SDK_v1.5.1/pico-sdk/src/rp2_common/hardware_irq/irq.c.obj
 .text.irq_is_enabled
                0x100007cc       0x18 pio/hub75/CMakeFiles/pio_hub75.dir/C_/Program_Files/Raspberry_Pi/Pico_SDK_v1.5.1/pico-sdk/src/rp2_common/hardware_irq/irq.c.obj
                0x100007cc                irq_is_enabled
 .text.irq_set_mask_enabled
                0x100007e4       0x20 pio/hub75/CMakeFiles/pio_hub75.dir/C_/Program_Files/Raspberry_Pi/Pico_SDK_v1.5.1/pico-sdk/src/rp2_common/hardware_irq/irq.c.obj
                0x100007e4                irq_set_mask_enabled
 .text.irq_set_enabled
                0x10000804        0xe pio/hub75/CMakeFiles/pio_hub75.dir/C_/Program_Files/Raspberry_Pi/Pico_SDK_v1.5.1/pico-sdk/src/rp2_common/hardware_irq/irq.c.obj
                0x10000804                irq_set_enabled
 *fill*         0x10000812        0x2 
 .text.irq_get_vtable_handler
                0x10000814       0x10 pio/hub75/CMakeFiles/pio_hub75.dir/C_/Program_Files/Raspberry_Pi/Pico_SDK_v1.5.1/pico-sdk/src/rp2_common/hardware_irq/irq.c.obj
                0x10000814                irq_get_vtable_handler
 .text.irq_set_exclusive_handler
                0x10000824       0x54 pio/hub75/CMakeFiles/pio_hub75.dir/C_/Program_Files/Raspberry_Pi/Pico_SDK_v1.5.1/pico-sdk/src/rp2_common/hardware_irq/irq.c.obj
                0x10000824                irq_set_exclusive_handler
 .text.irq_remove_handler
                0x10000878      0x1ac pio/hub75/CMakeFiles/pio_hub75.dir/C_/Program_Files/Raspberry_Pi/Pico_SDK_v1.5.1/pico-sdk/src/rp2_common/hardware_irq/irq.c.obj
                0x10000878                irq_remove_handler
 .text.irq_add_tail_to_free_list
                0x10000a24       0xf0 pio/hub75/CMakeFiles/pio_hub75.dir/C_/Program_Files/Raspberry_Pi/Pico_SDK_v1.5.1/pico-sdk/src/rp2_common/hardware_irq/irq.c.obj
                0x10000a24                irq_add_tail_to_free_list
 .text.irq_init_priorities
                0x10000b14       0x1c pio/hub75/CMakeFiles/pio_hub75.dir/C_/Program_Files/Raspberry_Pi/Pico_SDK_v1.5.1/pico-sdk/src/rp2_common/hardware_irq/irq.c.obj
                0x10000b14                irq_init_priorities
 .text.lock_init
                0x10000b30       0x10 pio/hub75/CMakeFiles/pio_hub75.dir/C_/Program_Files/Raspberry_Pi/Pico_SDK_v1.5.1/pico-sdk/src/common/pico_sync/lock_core.c.obj
                0x10000b30                lock_init
 .text.mutex_init
                0x10000b40       0x1a pio/hub75/CMakeFiles/pio_hub75.dir/C_/Program_Files/Raspberry_Pi/Pico_SDK_v1.5.1/pico-sdk/src/common/pico_sync/mutex.c.obj
                0x10000b40                mutex_init
 .text.recursive_mutex_init
                0x10000b5a       0x1e pio/hub75/CMakeFiles/pio_hub75.dir/C_/Program_Files/Raspberry_Pi/Pico_SDK_v1.5.1/pico-sdk/src/common/pico_sync/mutex.c.obj
                0x10000b5a                recursive_mutex_init
 .text.alarm_pool_post_alloc_init
                0x10000b78       0x40 pio/hub75/CMakeFiles/pio_hub75.dir/C_/Program_Files/Raspberry_Pi/Pico_SDK_v1.5.1/pico-sdk/src/common/pico_time/time.c.obj
 .text.sleep_until_callback
                0x10000bb8       0x30 pio/hub75/CMakeFiles/pio_hub75.dir/C_/Program_Files/Raspberry_Pi/Pico_SDK_v1.5.1/pico-sdk/src/common/pico_time/time.c.obj
 .text.timer_pool_entry_comparator
                0x10000be8       0x7c pio/hub75/CMakeFiles/pio_hub75.dir/C_/Program_Files/Raspberry_Pi/Pico_SDK_v1.5.1/pico-sdk/src/common/pico_time/time.c.obj
                0x10000be8                timer_pool_entry_comparator
 .text.ph_add_child_node
                0x10000c64       0xa4 pio/hub75/CMakeFiles/pio_hub75.dir/C_/Program_Files/Raspberry_Pi/Pico_SDK_v1.5.1/pico-sdk/src/common/pico_time/time.c.obj
 .text.ph_merge_nodes
                0x10000d08       0x3e pio/hub75/CMakeFiles/pio_hub75.dir/C_/Program_Files/Raspberry_Pi/Pico_SDK_v1.5.1/pico-sdk/src/common/pico_time/time.c.obj
 *fill*         0x10000d46        0x2 
 .text.add_alarm_under_lock
                0x10000d48      0x174 pio/hub75/CMakeFiles/pio_hub75.dir/C_/Program_Files/Raspberry_Pi/Pico_SDK_v1.5.1/pico-sdk/src/common/pico_time/time.c.obj
 .text.alarm_pool_alarm_callback
                0x10000ebc      0x33c pio/hub75/CMakeFiles/pio_hub75.dir/C_/Program_Files/Raspberry_Pi/Pico_SDK_v1.5.1/pico-sdk/src/common/pico_time/time.c.obj
 .text.alarm_pool_init_default
                0x100011f8       0x40 pio/hub75/CMakeFiles/pio_hub75.dir/C_/Program_Files/Raspberry_Pi/Pico_SDK_v1.5.1/pico-sdk/src/common/pico_time/time.c.obj
                0x100011f8                alarm_pool_init_default
 .text.alarm_pool_get_default
                0x10001238       0x2c pio/hub75/CMakeFiles/pio_hub75.dir/C_/Program_Files/Raspberry_Pi/Pico_SDK_v1.5.1/pico-sdk/src/common/pico_time/time.c.obj
                0x10001238                alarm_pool_get_default
 .text.alarm_pool_add_alarm_at
                0x10001264      0x168 pio/hub75/CMakeFiles/pio_hub75.dir/C_/Program_Files/Raspberry_Pi/Pico_SDK_v1.5.1/pico-sdk/src/common/pico_time/time.c.obj
                0x10001264                alarm_pool_add_alarm_at
 .text.alarm_pool_cancel_alarm
                0x100013cc       0xf8 pio/hub75/CMakeFiles/pio_hub75.dir/C_/Program_Files/Raspberry_Pi/Pico_SDK_v1.5.1/pico-sdk/src/common/pico_time/time.c.obj
                0x100013cc                alarm_pool_cancel_alarm
 .text.best_effort_wfe_or_timeout
                0x100014c4       0xac pio/hub75/CMakeFiles/pio_hub75.dir/C_/Program_Files/Raspberry_Pi/Pico_SDK_v1.5.1/pico-sdk/src/common/pico_time/time.c.obj
                0x100014c4                best_effort_wfe_or_timeout
 .text.hardware_alarm_irq_handler
                0x10001570       0x90 pio/hub75/CMakeFiles/pio_hub75.dir/C_/Program_Files/Raspberry_Pi/Pico_SDK_v1.5.1/pico-sdk/src/rp2_common/hardware_timer/timer.c.obj
 .text.hardware_alarm_claim
                0x10001600       0x18 pio/hub75/CMakeFiles/pio_hub75.dir/C_/Program_Files/Raspberry_Pi/Pico_SDK_v1.5.1/pico-sdk/src/rp2_common/hardware_timer/timer.c.obj
                0x10001600                hardware_alarm_claim
 .text.time_us_64
                0x10001618       0x18 pio/hub75/CMakeFiles/pio_hub75.dir/C_/Program_Files/Raspberry_Pi/Pico_SDK_v1.5.1/pico-sdk/src/rp2_common/hardware_timer/timer.c.obj
                0x10001618                time_us_64
 .text.busy_wait_until
                0x10001630       0x28 pio/hub75/CMakeFiles/pio_hub75.dir/C_/Program_Files/Raspberry_Pi/Pico_SDK_v1.5.1/pico-sdk/src/rp2_common/hardware_timer/timer.c.obj
                0x10001630                busy_wait_until
 .text.busy_wait_us
                0x10001658       0x48 pio/hub75/CMakeFiles/pio_hub75.dir/C_/Program_Files/Raspberry_Pi/Pico_SDK_v1.5.1/pico-sdk/src/rp2_common/hardware_timer/timer.c.obj
                0x10001658                busy_wait_us
 .text.hardware_alarm_set_callback
                0x100016a0       0x90 pio/hub75/CMakeFiles/pio_hub75.dir/C_/Program_Files/Raspberry_Pi/Pico_SDK_v1.5.1/pico-sdk/src/rp2_common/hardware_timer/timer.c.obj
                0x100016a0                hardware_alarm_set_callback
 .text.hardware_alarm_set_target
                0x10001730       0xe8 pio/hub75/CMakeFiles/pio_hub75.dir/C_/Program_Files/Raspberry_Pi/Pico_SDK_v1.5.1/pico-sdk/src/rp2_common/hardware_timer/timer.c.obj
                0x10001730                hardware_alarm_set_target
 .text.hardware_alarm_cancel
                0x10001818       0x40 pio/hub75/CMakeFiles/pio_hub75.dir/C_/Program_Files/Raspberry_Pi/Pico_SDK_v1.5.1/pico-sdk/src/rp2_common/hardware_timer/timer.c.obj
                0x10001818                hardware_alarm_cancel
 .text.ph_add_child_node
                0x10001858       0xa4 pio/hub75/CMakeFiles/pio_hub75.dir/C_/Program_Files/Raspberry_Pi/Pico_SDK_v1.5.1/pico-sdk/src/common/pico_util/pheap.c.obj
 .text.ph_merge_nodes
                0x100018fc       0x3e pio/hub75/CMakeFiles/pio_hub75.dir/C_/Program_Files/Raspberry_Pi/Pico_SDK_v1.5.1/pico-sdk/src/common/pico_util/pheap.c.obj
 *fill*         0x1000193a        0x2 
 .text.ph_clear
                0x1000193c       0x70 pio/hub75/CMakeFiles/pio_hub75.dir/C_/Program_Files/Raspberry_Pi/Pico_SDK_v1.5.1/pico-sdk/src/common/pico_util/pheap.c.obj
                0x1000193c                ph_clear
 .text.ph_post_alloc_init
                0x100019ac        0xe pio/hub75/CMakeFiles/pio_hub75.dir/C_/Program_Files/Raspberry_Pi/Pico_SDK_v1.5.1/pico-sdk/src/common/pico_util/pheap.c.obj
                0x100019ac                ph_post_alloc_init
 *fill*         0x100019ba        0x2 
 .text.ph_merge_two_pass
                0x100019bc       0xa8 pio/hub75/CMakeFiles/pio_hub75.dir/C_/Program_Files/Raspberry_Pi/Pico_SDK_v1.5.1/pico-sdk/src/common/pico_util/pheap.c.obj
                0x100019bc                ph_merge_two_pass
 .text.ph_remove_any_head
                0x10001a64      0x128 pio/hub75/CMakeFiles/pio_hub75.dir/C_/Program_Files/Raspberry_Pi/Pico_SDK_v1.5.1/pico-sdk/src/common/pico_util/pheap.c.obj
 .text.ph_remove_head
                0x10001b8c       0x14 pio/hub75/CMakeFiles/pio_hub75.dir/C_/Program_Files/Raspberry_Pi/Pico_SDK_v1.5.1/pico-sdk/src/common/pico_util/pheap.c.obj
                0x10001b8c                ph_remove_head
 .text.ph_remove_and_free_node
                0x10001ba0       0xf8 pio/hub75/CMakeFiles/pio_hub75.dir/C_/Program_Files/Raspberry_Pi/Pico_SDK_v1.5.1/pico-sdk/src/common/pico_util/pheap.c.obj
                0x10001ba0                ph_remove_and_free_node
 .text.uart_disable_before_lcr_write
                0x10001c98       0x48 pio/hub75/CMakeFiles/pio_hub75.dir/C_/Program_Files/Raspberry_Pi/Pico_SDK_v1.5.1/pico-sdk/src/rp2_common/hardware_uart/uart.c.obj
 .text.uart_write_lcr_bits_masked
                0x10001ce0       0x22 pio/hub75/CMakeFiles/pio_hub75.dir/C_/Program_Files/Raspberry_Pi/Pico_SDK_v1.5.1/pico-sdk/src/rp2_common/hardware_uart/uart.c.obj
 *fill*         0x10001d02        0x2 
 .text.uart_set_baudrate
                0x10001d04       0x5c pio/hub75/CMakeFiles/pio_hub75.dir/C_/Program_Files/Raspberry_Pi/Pico_SDK_v1.5.1/pico-sdk/src/rp2_common/hardware_uart/uart.c.obj
                0x10001d04                uart_set_baudrate
 .text.uart_set_format
                0x10001d60       0x2c pio/hub75/CMakeFiles/pio_hub75.dir/C_/Program_Files/Raspberry_Pi/Pico_SDK_v1.5.1/pico-sdk/src/rp2_common/hardware_uart/uart.c.obj
                0x10001d60                uart_set_format
 .text.uart_set_translate_crlf
                0x10001d8c       0x28 pio/hub75/CMakeFiles/pio_hub75.dir/C_/Program_Files/Raspberry_Pi/Pico_SDK_v1.5.1/pico-sdk/src/rp2_common/hardware_uart/uart.c.obj
                0x10001d8c                uart_set_translate_crlf
 .text.uart_init
                0x10001db4       0x80 pio/hub75/CMakeFiles/pio_hub75.dir/C_/Program_Files/Raspberry_Pi/Pico_SDK_v1.5.1/pico-sdk/src/rp2_common/hardware_uart/uart.c.obj
                0x10001db4                uart_init
 .text.clock_configure
                0x10001e34      0x108 pio/hub75/CMakeFiles/pio_hub75.dir/C_/Program_Files/Raspberry_Pi/Pico_SDK_v1.5.1/pico-sdk/src/rp2_common/hardware_clocks/clocks.c.obj
                0x10001e34                clock_configure
 .text.clocks_init
                0x10001f3c      0x100 pio/hub75/CMakeFiles/pio_hub75.dir/C_/Program_Files/Raspberry_Pi/Pico_SDK_v1.5.1/pico-sdk/src/rp2_common/hardware_clocks/clocks.c.obj
                0x10001f3c                clocks_init
 .text.clock_get_hz
                0x1000203c        0xc pio/hub75/CMakeFiles/pio_hub75.dir/C_/Program_Files/Raspberry_Pi/Pico_SDK_v1.5.1/pico-sdk/src/rp2_common/hardware_clocks/clocks.c.obj
                0x1000203c                clock_get_hz
 .text.pll_init
                0x10002048      0x120 pio/hub75/CMakeFiles/pio_hub75.dir/C_/Program_Files/Raspberry_Pi/Pico_SDK_v1.5.1/pico-sdk/src/rp2_common/hardware_pll/pll.c.obj
                0x10002048                pll_init
 .text.watchdog_start_tick
                0x10002168       0x10 pio/hub75/CMakeFiles/pio_hub75.dir/C_/Program_Files/Raspberry_Pi/Pico_SDK_v1.5.1/pico-sdk/src/rp2_common/hardware_watchdog/watchdog.c.obj
                0x10002168                watchdog_start_tick
 .text.xosc_init
                0x10002178       0x28 pio/hub75/CMakeFiles/pio_hub75.dir/C_/Program_Files/Raspberry_Pi/Pico_SDK_v1.5.1/pico-sdk/src/rp2_common/hardware_xosc/xosc.c.obj
                0x10002178                xosc_init
 .text._exit    0x100021a0        0x4 pio/hub75/CMakeFiles/pio_hub75.dir/C_/Program_Files/Raspberry_Pi/Pico_SDK_v1.5.1/pico-sdk/src/rp2_common/pico_runtime/runtime.c.obj
                0x100021a0                _exit
 .text.exit     0x100021a4        0x6 pio/hub75/CMakeFiles/pio_hub75.dir/C_/Program_Files/Raspberry_Pi/Pico_SDK_v1.5.1/pico-sdk/src/rp2_common/pico_runtime/runtime.c.obj
                0x100021a4                exit
 *fill*         0x100021aa        0x2 
 .text.__assert_func
                0x100021ac       0x3c pio/hub75/CMakeFiles/pio_hub75.dir/C_/Program_Files/Raspberry_Pi/Pico_SDK_v1.5.1/pico-sdk/src/rp2_common/pico_runtime/runtime.c.obj
                0x100021ac                __assert_func
 .text.runtime_init
                0x100021e8       0xf8 pio/hub75/CMakeFiles/pio_hub75.dir/C_/Program_Files/Raspberry_Pi/Pico_SDK_v1.5.1/pico-sdk/src/rp2_common/pico_runtime/runtime.c.obj
                0x100021e8                runtime_init
 .text.panic    0x100022e0       0x30 pio/hub75/CMakeFiles/pio_hub75.dir/C_/Program_Files/Raspberry_Pi/Pico_SDK_v1.5.1/pico-sdk/src/rp2_common/pico_runtime/runtime.c.obj
                0x100022e0                panic
 .text._out_null
                0x10002310        0x2 pio/hub75/CMakeFiles/pio_hub75.dir/C_/Program_Files/Raspberry_Pi/Pico_SDK_v1.5.1/pico-sdk/src/rp2_common/pico_printf/printf.c.obj
 .text._out_fct
                0x10002312        0xe pio/hub75/CMakeFiles/pio_hub75.dir/C_/Program_Files/Raspberry_Pi/Pico_SDK_v1.5.1/pico-sdk/src/rp2_common/pico_printf/printf.c.obj
 .text._atoi    0x10002320       0x24 pio/hub75/CMakeFiles/pio_hub75.dir/C_/Program_Files/Raspberry_Pi/Pico_SDK_v1.5.1/pico-sdk/src/rp2_common/pico_printf/printf.c.obj
 .text._out_rev
                0x10002344       0xae pio/hub75/CMakeFiles/pio_hub75.dir/C_/Program_Files/Raspberry_Pi/Pico_SDK_v1.5.1/pico-sdk/src/rp2_common/pico_printf/printf.c.obj
 .text._ntoa_format
                0x100023f2      0x112 pio/hub75/CMakeFiles/pio_hub75.dir/C_/Program_Files/Raspberry_Pi/Pico_SDK_v1.5.1/pico-sdk/src/rp2_common/pico_printf/printf.c.obj
 .text._ntoa_long
                0x10002504       0xbc pio/hub75/CMakeFiles/pio_hub75.dir/C_/Program_Files/Raspberry_Pi/Pico_SDK_v1.5.1/pico-sdk/src/rp2_common/pico_printf/printf.c.obj
 .text._ntoa_long_long
                0x100025c0       0xe2 pio/hub75/CMakeFiles/pio_hub75.dir/C_/Program_Files/Raspberry_Pi/Pico_SDK_v1.5.1/pico-sdk/src/rp2_common/pico_printf/printf.c.obj
 *fill*         0x100026a2        0x2 
 .text._etoa    0x100026a4      0x414 pio/hub75/CMakeFiles/pio_hub75.dir/C_/Program_Files/Raspberry_Pi/Pico_SDK_v1.5.1/pico-sdk/src/rp2_common/pico_printf/printf.c.obj
 .text._ftoa    0x10002ab8      0x354 pio/hub75/CMakeFiles/pio_hub75.dir/C_/Program_Files/Raspberry_Pi/Pico_SDK_v1.5.1/pico-sdk/src/rp2_common/pico_printf/printf.c.obj
 .text._vsnprintf
                0x10002e0c      0x624 pio/hub75/CMakeFiles/pio_hub75.dir/C_/Program_Files/Raspberry_Pi/Pico_SDK_v1.5.1/pico-sdk/src/rp2_common/pico_printf/printf.c.obj
 .text.vfctprintf
                0x10003430       0x20 pio/hub75/CMakeFiles/pio_hub75.dir/C_/Program_Files/Raspberry_Pi/Pico_SDK_v1.5.1/pico-sdk/src/rp2_common/pico_printf/printf.c.obj
                0x10003430                vfctprintf
 .text          0x10003450       0x10 pio/hub75/CMakeFiles/pio_hub75.dir/C_/Program_Files/Raspberry_Pi/Pico_SDK_v1.5.1/pico-sdk/src/rp2_common/pico_bit_ops/bit_ops_aeabi.S.obj
 .text.rom_func_lookup
                0x10003460       0x10 pio/hub75/CMakeFiles/pio_hub75.dir/C_/Program_Files/Raspberry_Pi/Pico_SDK_v1.5.1/pico-sdk/src/rp2_common/pico_bootrom/bootrom.c.obj
                0x10003460                rom_func_lookup
 .text.rom_data_lookup
                0x10003470       0x10 pio/hub75/CMakeFiles/pio_hub75.dir/C_/Program_Files/Raspberry_Pi/Pico_SDK_v1.5.1/pico-sdk/src/rp2_common/pico_bootrom/bootrom.c.obj
                0x10003470                rom_data_lookup
 .text.rom_funcs_lookup
                0x10003480       0x36 pio/hub75/CMakeFiles/pio_hub75.dir/C_/Program_Files/Raspberry_Pi/Pico_SDK_v1.5.1/pico-sdk/src/rp2_common/pico_bootrom/bootrom.c.obj
                0x10003480                rom_funcs_lookup
 *fill*         0x100034b6        0x2 
 .text.__wrap___aeabi_idiv
                0x100034b8       0x50 pio/hub75/CMakeFiles/pio_hub75.dir/C_/Program_Files/Raspberry_Pi/Pico_SDK_v1.5.1/pico-sdk/src/rp2_common/pico_divider/divider.S.obj
                0x100034b8                __wrap___aeabi_idivmod
                0x100034b8                divmod_s32s32
                0x100034b8                div_s32s32
                0x100034b8                __wrap___aeabi_idiv
                0x100034c0                divmod_s32s32_unsafe
                0x100034ec                divmod_s32s32_savestate
 .text.__wrap___aeabi_uidiv
                0x10003508       0x4c pio/hub75/CMakeFiles/pio_hub75.dir/C_/Program_Files/Raspberry_Pi/Pico_SDK_v1.5.1/pico-sdk/src/rp2_common/pico_divider/divider.S.obj
                0x10003508                __wrap___aeabi_uidiv
                0x10003508                __wrap___aeabi_uidivmod
                0x10003508                div_u32u32
                0x10003508                divmod_u32u32
                0x10003510                divmod_u32u32_unsafe
                0x10003538                divmod_u32u32_savestate
 .text.__wrap___aeabi_ldiv
                0x10003554      0x424 pio/hub75/CMakeFiles/pio_hub75.dir/C_/Program_Files/Raspberry_Pi/Pico_SDK_v1.5.1/pico-sdk/src/rp2_common/pico_divider/divider.S.obj
                0x10003554                div_s64s64
                0x10003554                divmod_s64s64
                0x10003554                __wrap___aeabi_ldivmod
                0x10003584                divmod_u64u64
                0x10003584                div_u64u64
                0x10003584                __wrap___aeabi_uldivmod
                0x10003594                divmod_u64u64_savestate
                0x100035b4                divmod_s64s64_unsafe
                0x1000363c                divmod_u64u64_unsafe
 .text.__wrap___aeabi_darithmetic
                0x10003978       0x60 pio/hub75/CMakeFiles/pio_hub75.dir/C_/Program_Files/Raspberry_Pi/Pico_SDK_v1.5.1/pico-sdk/src/rp2_common/pico_double/double_aeabi.S.obj
                0x10003978                __wrap___aeabi_drsub
                0x1000397e                __wrap___aeabi_dsub
                0x10003988                __wrap___aeabi_dadd
                0x10003992                __wrap___aeabi_ddiv
                0x100039c6                __wrap___aeabi_dmul
 .text.__wrap___aeabi_cdcmple
                0x100039d8       0x6c pio/hub75/CMakeFiles/pio_hub75.dir/C_/Program_Files/Raspberry_Pi/Pico_SDK_v1.5.1/pico-sdk/src/rp2_common/pico_double/double_aeabi.S.obj
                0x100039d8                __wrap___aeabi_cdrcmple
                0x100039e8                __wrap___aeabi_cdcmpeq
                0x100039e8                __wrap___aeabi_cdcmple
 .text.__wrap___aeabi_dcmplt
                0x10003a44        0xc pio/hub75/CMakeFiles/pio_hub75.dir/C_/Program_Files/Raspberry_Pi/Pico_SDK_v1.5.1/pico-sdk/src/rp2_common/pico_double/double_aeabi.S.obj
                0x10003a44                __wrap___aeabi_dcmplt
 .text.__wrap___aeabi_dcmple
                0x10003a50       0x10 pio/hub75/CMakeFiles/pio_hub75.dir/C_/Program_Files/Raspberry_Pi/Pico_SDK_v1.5.1/pico-sdk/src/rp2_common/pico_double/double_aeabi.S.obj
                0x10003a50                __wrap___aeabi_dcmple
 .text.__wrap___aeabi_dcmpge
                0x10003a60       0x10 pio/hub75/CMakeFiles/pio_hub75.dir/C_/Program_Files/Raspberry_Pi/Pico_SDK_v1.5.1/pico-sdk/src/rp2_common/pico_double/double_aeabi.S.obj
                0x10003a60                __wrap___aeabi_dcmpge
 .text.__wrap___aeabi_dcmpgt
                0x10003a70        0xa pio/hub75/CMakeFiles/pio_hub75.dir/C_/Program_Files/Raspberry_Pi/Pico_SDK_v1.5.1/pico-sdk/src/rp2_common/pico_double/double_aeabi.S.obj
                0x10003a70                __wrap___aeabi_dcmpgt
 .text.__wrap___aeabi_dcmpun
                0x10003a7a       0x1c pio/hub75/CMakeFiles/pio_hub75.dir/C_/Program_Files/Raspberry_Pi/Pico_SDK_v1.5.1/pico-sdk/src/rp2_common/pico_double/double_aeabi.S.obj
                0x10003a7a                __wrap___aeabi_dcmpun
 *fill*         0x10003a96        0x2 
 .text.__wrap___aeabi_i2d
                0x10003a98       0x38 pio/hub75/CMakeFiles/pio_hub75.dir/C_/Program_Files/Raspberry_Pi/Pico_SDK_v1.5.1/pico-sdk/src/rp2_common/pico_double/double_aeabi.S.obj
                0x10003a98                __wrap___aeabi_ui2d
                0x10003aa0                __wrap___aeabi_i2d
 .text.__wrap___aeabi_d2iz
                0x10003ad0       0x48 pio/hub75/CMakeFiles/pio_hub75.dir/C_/Program_Files/Raspberry_Pi/Pico_SDK_v1.5.1/pico-sdk/src/rp2_common/pico_double/double_aeabi.S.obj
                0x10003ad0                double2int_z
                0x10003ad0                __wrap___aeabi_d2iz
 .text.__wrap___aeabi_d2uiz
                0x10003b18       0x10 pio/hub75/CMakeFiles/pio_hub75.dir/C_/Program_Files/Raspberry_Pi/Pico_SDK_v1.5.1/pico-sdk/src/rp2_common/pico_double/double_aeabi.S.obj
                0x10003b18                __wrap___aeabi_d2uiz
                0x10003b18                double2uint
 .text.missing_double_func_shim
                0x10003b28        0xc pio/hub75/CMakeFiles/pio_hub75.dir/C_/Program_Files/Raspberry_Pi/Pico_SDK_v1.5.1/pico-sdk/src/rp2_common/pico_double/double_init_rom.c.obj
 .text.__aeabi_double_init
                0x10003b34       0xcc pio/hub75/CMakeFiles/pio_hub75.dir/C_/Program_Files/Raspberry_Pi/Pico_SDK_v1.5.1/pico-sdk/src/rp2_common/pico_double/double_init_rom.c.obj
                0x10003b34                __aeabi_double_init
 .text.double_table_shim_on_use_helper
                0x10003c00       0x34 pio/hub75/CMakeFiles/pio_hub75.dir/C_/Program_Files/Raspberry_Pi/Pico_SDK_v1.5.1/pico-sdk/src/rp2_common/pico_double/double_v1_rom_shim.S.obj
                0x10003c00                double_table_shim_on_use_helper
 .text.missing_float_func_shim
                0x10003c34        0xc pio/hub75/CMakeFiles/pio_hub75.dir/C_/Program_Files/Raspberry_Pi/Pico_SDK_v1.5.1/pico-sdk/src/rp2_common/pico_float/float_init_rom.c.obj
 .text.__aeabi_float_init
                0x10003c40       0x88 pio/hub75/CMakeFiles/pio_hub75.dir/C_/Program_Files/Raspberry_Pi/Pico_SDK_v1.5.1/pico-sdk/src/rp2_common/pico_float/float_init_rom.c.obj
                0x10003c40                __aeabi_float_init
 .text          0x10003cc8       0x10 pio/hub75/CMakeFiles/pio_hub75.dir/C_/Program_Files/Raspberry_Pi/Pico_SDK_v1.5.1/pico-sdk/src/rp2_common/pico_mem_ops/mem_ops_aeabi.S.obj
                0x10003cc8                __aeabi_mem_init
 .text.memset   0x10003cd8        0xc pio/hub75/CMakeFiles/pio_hub75.dir/C_/Program_Files/Raspberry_Pi/Pico_SDK_v1.5.1/pico-sdk/src/rp2_common/pico_mem_ops/mem_ops_aeabi.S.obj
                0x10003cd8                __wrap_memset
 .text.memcpy   0x10003ce4        0xc pio/hub75/CMakeFiles/pio_hub75.dir/C_/Program_Files/Raspberry_Pi/Pico_SDK_v1.5.1/pico-sdk/src/rp2_common/pico_mem_ops/mem_ops_aeabi.S.obj
                0x10003ce4                __wrap_memcpy
                0x10003ce4                __wrap___aeabi_memcpy
 .text.stdio_out_chars_no_crlf
                0x10003cf0        0xe pio/hub75/CMakeFiles/pio_hub75.dir/C_/Program_Files/Raspberry_Pi/Pico_SDK_v1.5.1/pico-sdk/src/rp2_common/pico_stdio/stdio.c.obj
 *fill*         0x10003cfe        0x2 
 .text.stdio_out_chars_crlf
                0x10003d00       0x80 pio/hub75/CMakeFiles/pio_hub75.dir/C_/Program_Files/Raspberry_Pi/Pico_SDK_v1.5.1/pico-sdk/src/rp2_common/pico_stdio/stdio.c.obj
 .text.stdio_stack_buffer_flush
                0x10003d80       0x44 pio/hub75/CMakeFiles/pio_hub75.dir/C_/Program_Files/Raspberry_Pi/Pico_SDK_v1.5.1/pico-sdk/src/rp2_common/pico_stdio/stdio.c.obj
 .text.stdio_buffered_printer
                0x10003dc4       0x20 pio/hub75/CMakeFiles/pio_hub75.dir/C_/Program_Files/Raspberry_Pi/Pico_SDK_v1.5.1/pico-sdk/src/rp2_common/pico_stdio/stdio.c.obj
 .text.stdout_serialize_begin
                0x10003de4       0x5c pio/hub75/CMakeFiles/pio_hub75.dir/C_/Program_Files/Raspberry_Pi/Pico_SDK_v1.5.1/pico-sdk/src/rp2_common/pico_stdio/stdio.c.obj
                0x10003de4                stdout_serialize_begin
 .text.stdout_serialize_end
                0x10003e40       0x10 pio/hub75/CMakeFiles/pio_hub75.dir/C_/Program_Files/Raspberry_Pi/Pico_SDK_v1.5.1/pico-sdk/src/rp2_common/pico_stdio/stdio.c.obj
                0x10003e40                stdout_serialize_end
 .text.stdio_put_string
                0x10003e50       0x98 pio/hub75/CMakeFiles/pio_hub75.dir/C_/Program_Files/Raspberry_Pi/Pico_SDK_v1.5.1/pico-sdk/src/rp2_common/pico_stdio/stdio.c.obj
 .text.stdio_set_driver_enabled
                0x10003ee8       0x2c pio/hub75/CMakeFiles/pio_hub75.dir/C_/Program_Files/Raspberry_Pi/Pico_SDK_v1.5.1/pico-sdk/src/rp2_common/pico_stdio/stdio.c.obj
                0x10003ee8                stdio_set_driver_enabled
 .text.stdio_flush
                0x10003f14       0x20 pio/hub75/CMakeFiles/pio_hub75.dir/C_/Program_Files/Raspberry_Pi/Pico_SDK_v1.5.1/pico-sdk/src/rp2_common/pico_stdio/stdio.c.obj
                0x10003f14                stdio_flush
 .text.__wrap_puts
                0x10003f34       0x1e pio/hub75/CMakeFiles/pio_hub75.dir/C_/Program_Files/Raspberry_Pi/Pico_SDK_v1.5.1/pico-sdk/src/rp2_common/pico_stdio/stdio.c.obj
                0x10003f34                __wrap_puts
 *fill*         0x10003f52        0x2 
 .text.__wrap_vprintf
                0x10003f54       0x40 pio/hub75/CMakeFiles/pio_hub75.dir/C_/Program_Files/Raspberry_Pi/Pico_SDK_v1.5.1/pico-sdk/src/rp2_common/pico_stdio/stdio.c.obj
                0x10003f54                __wrap_vprintf
 .text.__wrap_printf
                0x10003f94       0x18 pio/hub75/CMakeFiles/pio_hub75.dir/C_/Program_Files/Raspberry_Pi/Pico_SDK_v1.5.1/pico-sdk/src/rp2_common/pico_stdio/stdio.c.obj
                0x10003f94                __wrap_printf
 .text.stdio_init_all
                0x10003fac        0xa pio/hub75/CMakeFiles/pio_hub75.dir/C_/Program_Files/Raspberry_Pi/Pico_SDK_v1.5.1/pico-sdk/src/rp2_common/pico_stdio/stdio.c.obj
                0x10003fac                stdio_init_all
 *fill*         0x10003fb6        0x2 
 .text.stdio_uart_out_chars
                0x10003fb8       0x74 pio/hub75/CMakeFiles/pio_hub75.dir/C_/Program_Files/Raspberry_Pi/Pico_SDK_v1.5.1/pico-sdk/src/rp2_common/pico_stdio_uart/stdio_uart.c.obj
 .text.stdio_uart_in_chars
                0x1000402c       0x80 pio/hub75/CMakeFiles/pio_hub75.dir/C_/Program_Files/Raspberry_Pi/Pico_SDK_v1.5.1/pico-sdk/src/rp2_common/pico_stdio_uart/stdio_uart.c.obj
                0x1000402c                stdio_uart_in_chars
 .text.on_uart_rx
                0x100040ac       0x28 pio/hub75/CMakeFiles/pio_hub75.dir/C_/Program_Files/Raspberry_Pi/Pico_SDK_v1.5.1/pico-sdk/src/rp2_common/pico_stdio_uart/stdio_uart.c.obj
 .text.stdio_uart_set_chars_available_callback
                0x100040d4       0x8c pio/hub75/CMakeFiles/pio_hub75.dir/C_/Program_Files/Raspberry_Pi/Pico_SDK_v1.5.1/pico-sdk/src/rp2_common/pico_stdio_uart/stdio_uart.c.obj
 .text.stdio_uart_init_full
                0x10004160       0x44 pio/hub75/CMakeFiles/pio_hub75.dir/C_/Program_Files/Raspberry_Pi/Pico_SDK_v1.5.1/pico-sdk/src/rp2_common/pico_stdio_uart/stdio_uart.c.obj
                0x10004160                stdio_uart_init_full
 .text.stdio_uart_init
                0x100041a4       0x28 pio/hub75/CMakeFiles/pio_hub75.dir/C_/Program_Files/Raspberry_Pi/Pico_SDK_v1.5.1/pico-sdk/src/rp2_common/pico_stdio_uart/stdio_uart.c.obj
                0x100041a4                stdio_uart_init
 .text._pio_can_add_program_at_offset
                0x100041cc       0x3c pio/hub75/CMakeFiles/pio_hub75.dir/C_/Program_Files/Raspberry_Pi/Pico_SDK_v1.5.1/pico-sdk/src/rp2_common/hardware_pio/pio.c.obj
 .text._pio_find_offset_for_program
                0x10004208       0x7c pio/hub75/CMakeFiles/pio_hub75.dir/C_/Program_Files/Raspberry_Pi/Pico_SDK_v1.5.1/pico-sdk/src/rp2_common/hardware_pio/pio.c.obj
 .text._pio_add_program_at_offset
                0x10004284       0x78 pio/hub75/CMakeFiles/pio_hub75.dir/C_/Program_Files/Raspberry_Pi/Pico_SDK_v1.5.1/pico-sdk/src/rp2_common/hardware_pio/pio.c.obj
 .text.pio_add_program
                0x100042fc       0x38 pio/hub75/CMakeFiles/pio_hub75.dir/C_/Program_Files/Raspberry_Pi/Pico_SDK_v1.5.1/pico-sdk/src/rp2_common/hardware_pio/pio.c.obj
                0x100042fc                pio_add_program
 .text.pio_sm_set_consecutive_pindirs
                0x10004334       0xa4 pio/hub75/CMakeFiles/pio_hub75.dir/C_/Program_Files/Raspberry_Pi/Pico_SDK_v1.5.1/pico-sdk/src/rp2_common/hardware_pio/pio.c.obj
                0x10004334                pio_sm_set_consecutive_pindirs
 .text.pio_sm_init
                0x100043d8       0xe4 pio/hub75/CMakeFiles/pio_hub75.dir/C_/Program_Files/Raspberry_Pi/Pico_SDK_v1.5.1/pico-sdk/src/rp2_common/hardware_pio/pio.c.obj
                0x100043d8                pio_sm_init
 .text.strlen   0x100044bc       0x5c c:/progra~1/raspbe~1/picosd~1.1/gcc-ar~1/bin/../lib/gcc/arm-none-eabi/10.3.1/../../../../arm-none-eabi/lib/thumb/v6-m/nofp\libg.a(lib_a-strlen-stub.o)
                0x100044bc                strlen
 *(.fini)
 .fini          0x10004518        0x4 c:/progra~1/raspbe~1/picosd~1.1/gcc-ar~1/bin/../lib/gcc/arm-none-eabi/10.3.1/thumb/v6-m/nofp/crti.o
                0x10004518                _fini
 *fill*         0x1000451c        0x4 
 .fini.__stub   0x10004520       0x40 linker stubs
 *crtbegin.o(.ctors)
 *crtbegin?.o(.ctors)
 *(EXCLUDE_FILE(*crtend.o *crtend?.o) .ctors)
 *(SORT_BY_NAME(.ctors.*))
 *(.ctors)
 *crtbegin.o(.dtors)
 *crtbegin?.o(.dtors)
 *(EXCLUDE_FILE(*crtend.o *crtend?.o) .dtors)
 *(SORT_BY_NAME(.dtors.*))
 *(.dtors)
 *(.eh_frame*)
 .eh_frame      0x10004560        0x0 c:/progra~1/raspbe~1/picosd~1.1/gcc-ar~1/bin/../lib/gcc/arm-none-eabi/10.3.1/thumb/v6-m/nofp/crtbegin.o
                0x10004560                . = ALIGN (0x4)

.glue_7         0x10004560        0x0
 .glue_7        0x10004560        0x0 linker stubs

.glue_7t        0x10004560        0x0
 .glue_7t       0x10004560        0x0 linker stubs

.vfp11_veneer   0x10004560        0x0
 .vfp11_veneer  0x10004560        0x0 linker stubs

.v4_bx          0x10004560        0x0
 .v4_bx         0x10004560        0x0 linker stubs

.iplt           0x10004560        0x0
 .iplt          0x10004560        0x0 c:/progra~1/raspbe~1/picosd~1.1/gcc-ar~1/bin/../lib/gcc/arm-none-eabi/10.3.1/thumb/v6-m/nofp/crtbegin.o

.rodata         0x10004560     0x119c
 *(EXCLUDE_FILE(*libm.a: *libc.a:*lib_a-mem*.o *libgcc.a:) .rodata*)
 .rodata.hub75_data_rgb888_program
                0x10004560        0x6 pio/hub75/CMakeFiles/pio_hub75.dir/hub75.c.obj
 *fill*         0x10004566        0x2 
 .rodata.hub75_data_rgb888_program_instructions
                0x10004568       0x20 pio/hub75/CMakeFiles/pio_hub75.dir/hub75.c.obj
 .rodata.hub75_row_program
                0x10004588        0x6 pio/hub75/CMakeFiles/pio_hub75.dir/hub75.c.obj
 *fill*         0x1000458e        0x2 
 .rodata.hub75_row_program_instructions
                0x10004590        0x6 pio/hub75/CMakeFiles/pio_hub75.dir/hub75.c.obj
 *fill*         0x10004596        0x2 
 .rodata.make_branch.str1.4
                0x10004598       0x89 pio/hub75/CMakeFiles/pio_hub75.dir/C_/Program_Files/Raspberry_Pi/Pico_SDK_v1.5.1/pico-sdk/src/rp2_common/hardware_irq/irq.c.obj
 *fill*         0x10004621        0x3 
 .rodata.insert_branch_and_link.str1.4
                0x10004624       0x10 pio/hub75/CMakeFiles/pio_hub75.dir/C_/Program_Files/Raspberry_Pi/Pico_SDK_v1.5.1/pico-sdk/src/rp2_common/hardware_irq/irq.c.obj
 .rodata.irq_set_exclusive_handler.str1.4
                0x10004634       0x36 pio/hub75/CMakeFiles/pio_hub75.dir/C_/Program_Files/Raspberry_Pi/Pico_SDK_v1.5.1/pico-sdk/src/rp2_common/hardware_irq/irq.c.obj
 *fill*         0x1000466a        0x2 
 .rodata.irq_add_shared_handler.str1.4
                0x1000466c       0xd9 pio/hub75/CMakeFiles/pio_hub75.dir/C_/Program_Files/Raspberry_Pi/Pico_SDK_v1.5.1/pico-sdk/src/rp2_common/hardware_irq/irq.c.obj
 *fill*         0x10004745        0x3 
 .rodata.irq_remove_handler.str1.4
                0x10004748       0x3a pio/hub75/CMakeFiles/pio_hub75.dir/C_/Program_Files/Raspberry_Pi/Pico_SDK_v1.5.1/pico-sdk/src/rp2_common/hardware_irq/irq.c.obj
 *fill*         0x10004782        0x2 
 .rodata.irq_add_tail_to_free_list.str1.4
                0x10004784       0x3a pio/hub75/CMakeFiles/pio_hub75.dir/C_/Program_Files/Raspberry_Pi/Pico_SDK_v1.5.1/pico-sdk/src/rp2_common/hardware_irq/irq.c.obj
 *fill*         0x100047be        0x2 
 .rodata.__func__.0
                0x100047c0       0x1a pio/hub75/CMakeFiles/pio_hub75.dir/C_/Program_Files/Raspberry_Pi/Pico_SDK_v1.5.1/pico-sdk/src/rp2_common/hardware_irq/irq.c.obj
 *fill*         0x100047da        0x2 
 .rodata.__func__.1
                0x100047dc       0x17 pio/hub75/CMakeFiles/pio_hub75.dir/C_/Program_Files/Raspberry_Pi/Pico_SDK_v1.5.1/pico-sdk/src/rp2_common/hardware_irq/irq.c.obj
 *fill*         0x100047f3        0x1 
 .rodata.__func__.2
                0x100047f4       0x13 pio/hub75/CMakeFiles/pio_hub75.dir/C_/Program_Files/Raspberry_Pi/Pico_SDK_v1.5.1/pico-sdk/src/rp2_common/hardware_irq/irq.c.obj
 *fill*         0x10004807        0x1 
 .rodata.__func__.3
                0x10004808        0xc pio/hub75/CMakeFiles/pio_hub75.dir/C_/Program_Files/Raspberry_Pi/Pico_SDK_v1.5.1/pico-sdk/src/rp2_common/hardware_irq/irq.c.obj
 .rodata.__func__.4
                0x10004814        0xf pio/hub75/CMakeFiles/pio_hub75.dir/C_/Program_Files/Raspberry_Pi/Pico_SDK_v1.5.1/pico-sdk/src/rp2_common/hardware_irq/irq.c.obj
 *fill*         0x10004823        0x1 
 .rodata.__func__.6
                0x10004824       0x1a pio/hub75/CMakeFiles/pio_hub75.dir/C_/Program_Files/Raspberry_Pi/Pico_SDK_v1.5.1/pico-sdk/src/rp2_common/hardware_irq/irq.c.obj
 *fill*         0x1000483e        0x2 
 .rodata.str1.4
                0x10004840      0x125 pio/hub75/CMakeFiles/pio_hub75.dir/C_/Program_Files/Raspberry_Pi/Pico_SDK_v1.5.1/pico-sdk/src/common/pico_sync/mutex.c.obj
 *fill*         0x10004965        0x3 
 .rodata.__func__.1
                0x10004968        0xb pio/hub75/CMakeFiles/pio_hub75.dir/C_/Program_Files/Raspberry_Pi/Pico_SDK_v1.5.1/pico-sdk/src/common/pico_sync/mutex.c.obj
 *fill*         0x10004973        0x1 
 .rodata.__func__.3
                0x10004974       0x18 pio/hub75/CMakeFiles/pio_hub75.dir/C_/Program_Files/Raspberry_Pi/Pico_SDK_v1.5.1/pico-sdk/src/common/pico_sync/mutex.c.obj
 .rodata.repeating_timer_callback.str1.4
                0x1000498c       0x67 pio/hub75/CMakeFiles/pio_hub75.dir/C_/Program_Files/Raspberry_Pi/Pico_SDK_v1.5.1/pico-sdk/src/common/pico_time/time.c.obj
 *fill*         0x100049f3        0x1 
 .rodata.timer_pool_entry_comparator.str1.4
                0x100049f4       0x22 pio/hub75/CMakeFiles/pio_hub75.dir/C_/Program_Files/Raspberry_Pi/Pico_SDK_v1.5.1/pico-sdk/src/common/pico_time/time.c.obj
 *fill*         0x10004a16        0x2 
 .rodata.ph_add_child_node.str1.4
                0x10004a18       0xb2 pio/hub75/CMakeFiles/pio_hub75.dir/C_/Program_Files/Raspberry_Pi/Pico_SDK_v1.5.1/pico-sdk/src/common/pico_time/time.c.obj
 *fill*         0x10004aca        0x2 
 .rodata.add_alarm_under_lock.str1.4
                0x10004acc       0x28 pio/hub75/CMakeFiles/pio_hub75.dir/C_/Program_Files/Raspberry_Pi/Pico_SDK_v1.5.1/pico-sdk/src/common/pico_time/time.c.obj
                                 0x2b (size before relaxing)
 .rodata.alarm_pool_alarm_callback.str1.4
                0x10004af4       0x98 pio/hub75/CMakeFiles/pio_hub75.dir/C_/Program_Files/Raspberry_Pi/Pico_SDK_v1.5.1/pico-sdk/src/common/pico_time/time.c.obj
                                0x118 (size before relaxing)
 .rodata.alarm_pool_get_default.str1.4
                0x10004b8c       0x21 pio/hub75/CMakeFiles/pio_hub75.dir/C_/Program_Files/Raspberry_Pi/Pico_SDK_v1.5.1/pico-sdk/src/common/pico_time/time.c.obj
 *fill*         0x10004bad        0x3 
 .rodata.alarm_pool_cancel_alarm.str1.4
                0x10004bb0       0x27 pio/hub75/CMakeFiles/pio_hub75.dir/C_/Program_Files/Raspberry_Pi/Pico_SDK_v1.5.1/pico-sdk/src/common/pico_time/time.c.obj
 *fill*         0x10004bd7        0x1 
 .rodata.__func__.1
                0x10004bd8       0x18 pio/hub75/CMakeFiles/pio_hub75.dir/C_/Program_Files/Raspberry_Pi/Pico_SDK_v1.5.1/pico-sdk/src/common/pico_time/time.c.obj
 .rodata.__func__.10
                0x10004bf0       0x15 pio/hub75/CMakeFiles/pio_hub75.dir/C_/Program_Files/Raspberry_Pi/Pico_SDK_v1.5.1/pico-sdk/src/common/pico_time/time.c.obj
 *fill*         0x10004c05        0x3 
 .rodata.__func__.11
                0x10004c08       0x1a pio/hub75/CMakeFiles/pio_hub75.dir/C_/Program_Files/Raspberry_Pi/Pico_SDK_v1.5.1/pico-sdk/src/common/pico_time/time.c.obj
 *fill*         0x10004c22        0x2 
 .rodata.__func__.12
                0x10004c24        0xa pio/hub75/CMakeFiles/pio_hub75.dir/C_/Program_Files/Raspberry_Pi/Pico_SDK_v1.5.1/pico-sdk/src/common/pico_time/time.c.obj
 *fill*         0x10004c2e        0x2 
 .rodata.__func__.3
                0x10004c30       0x17 pio/hub75/CMakeFiles/pio_hub75.dir/C_/Program_Files/Raspberry_Pi/Pico_SDK_v1.5.1/pico-sdk/src/common/pico_time/time.c.obj
 *fill*         0x10004c47        0x1 
 .rodata.__func__.4
                0x10004c48       0x12 pio/hub75/CMakeFiles/pio_hub75.dir/C_/Program_Files/Raspberry_Pi/Pico_SDK_v1.5.1/pico-sdk/src/common/pico_time/time.c.obj
 *fill*         0x10004c5a        0x2 
 .rodata.__func__.5
                0x10004c5c        0xd pio/hub75/CMakeFiles/pio_hub75.dir/C_/Program_Files/Raspberry_Pi/Pico_SDK_v1.5.1/pico-sdk/src/common/pico_time/time.c.obj
 *fill*         0x10004c69        0x3 
 .rodata.__func__.6
                0x10004c6c       0x12 pio/hub75/CMakeFiles/pio_hub75.dir/C_/Program_Files/Raspberry_Pi/Pico_SDK_v1.5.1/pico-sdk/src/common/pico_time/time.c.obj
 *fill*         0x10004c7e        0x2 
 .rodata.__func__.7
                0x10004c80        0xf pio/hub75/CMakeFiles/pio_hub75.dir/C_/Program_Files/Raspberry_Pi/Pico_SDK_v1.5.1/pico-sdk/src/common/pico_time/time.c.obj
 *fill*         0x10004c8f        0x1 
 .rodata.__func__.8
                0x10004c90        0xc pio/hub75/CMakeFiles/pio_hub75.dir/C_/Program_Files/Raspberry_Pi/Pico_SDK_v1.5.1/pico-sdk/src/common/pico_time/time.c.obj
 .rodata.__func__.9
                0x10004c9c       0x15 pio/hub75/CMakeFiles/pio_hub75.dir/C_/Program_Files/Raspberry_Pi/Pico_SDK_v1.5.1/pico-sdk/src/common/pico_time/time.c.obj
 *fill*         0x10004cb1        0x3 
 .rodata.hardware_alarm_claim.str1.4
                0x10004cb4       0x22 pio/hub75/CMakeFiles/pio_hub75.dir/C_/Program_Files/Raspberry_Pi/Pico_SDK_v1.5.1/pico-sdk/src/rp2_common/hardware_timer/timer.c.obj
 .rodata.busy_wait_us.str1.4
                0x10004cd6       0x7d pio/hub75/CMakeFiles/pio_hub75.dir/C_/Program_Files/Raspberry_Pi/Pico_SDK_v1.5.1/pico-sdk/src/rp2_common/hardware_timer/timer.c.obj
 *fill*         0x10004cd6        0x2 
 .rodata.hardware_alarm_set_target.str1.4
                0x10004cd8       0x81 pio/hub75/CMakeFiles/pio_hub75.dir/C_/Program_Files/Raspberry_Pi/Pico_SDK_v1.5.1/pico-sdk/src/rp2_common/hardware_timer/timer.c.obj
 *fill*         0x10004d59        0x3 
 .rodata.__func__.0
                0x10004d5c       0x1a pio/hub75/CMakeFiles/pio_hub75.dir/C_/Program_Files/Raspberry_Pi/Pico_SDK_v1.5.1/pico-sdk/src/rp2_common/hardware_timer/timer.c.obj
 *fill*         0x10004d76        0x2 
 .rodata.__func__.1
                0x10004d78       0x15 pio/hub75/CMakeFiles/pio_hub75.dir/C_/Program_Files/Raspberry_Pi/Pico_SDK_v1.5.1/pico-sdk/src/rp2_common/hardware_timer/timer.c.obj
 .rodata.ph_add_child_node.str1.4
                0x10004d8d       0xb2 pio/hub75/CMakeFiles/pio_hub75.dir/C_/Program_Files/Raspberry_Pi/Pico_SDK_v1.5.1/pico-sdk/src/common/pico_util/pheap.c.obj
 *fill*         0x10004d8d        0x3 
 .rodata.ph_remove_any_head.str1.4
                0x10004d90       0xa8 pio/hub75/CMakeFiles/pio_hub75.dir/C_/Program_Files/Raspberry_Pi/Pico_SDK_v1.5.1/pico-sdk/src/common/pico_util/pheap.c.obj
                                 0xbc (size before relaxing)
 .rodata.ph_remove_and_free_node.str1.4
                0x10004e38       0x1e pio/hub75/CMakeFiles/pio_hub75.dir/C_/Program_Files/Raspberry_Pi/Pico_SDK_v1.5.1/pico-sdk/src/common/pico_util/pheap.c.obj
                                 0x26 (size before relaxing)
 *fill*         0x10004e56        0x2 
 .rodata.__func__.0
                0x10004e58       0x18 pio/hub75/CMakeFiles/pio_hub75.dir/C_/Program_Files/Raspberry_Pi/Pico_SDK_v1.5.1/pico-sdk/src/common/pico_util/pheap.c.obj
 .rodata.__func__.1
                0x10004e70       0x13 pio/hub75/CMakeFiles/pio_hub75.dir/C_/Program_Files/Raspberry_Pi/Pico_SDK_v1.5.1/pico-sdk/src/common/pico_util/pheap.c.obj
 *fill*         0x10004e83        0x1 
 .rodata.__func__.2
                0x10004e84       0x12 pio/hub75/CMakeFiles/pio_hub75.dir/C_/Program_Files/Raspberry_Pi/Pico_SDK_v1.5.1/pico-sdk/src/common/pico_util/pheap.c.obj
 *fill*         0x10004e96        0x2 
 .rodata.__func__.3
                0x10004e98        0xc pio/hub75/CMakeFiles/pio_hub75.dir/C_/Program_Files/Raspberry_Pi/Pico_SDK_v1.5.1/pico-sdk/src/common/pico_util/pheap.c.obj
 .rodata.clock_configure.str1.4
                0x10004ea4       0x73 pio/hub75/CMakeFiles/pio_hub75.dir/C_/Program_Files/Raspberry_Pi/Pico_SDK_v1.5.1/pico-sdk/src/rp2_common/hardware_clocks/clocks.c.obj
 *fill*         0x10004f17        0x1 
 .rodata.__func__.1
                0x10004f18       0x10 pio/hub75/CMakeFiles/pio_hub75.dir/C_/Program_Files/Raspberry_Pi/Pico_SDK_v1.5.1/pico-sdk/src/rp2_common/hardware_clocks/clocks.c.obj
 .rodata.pll_init.str1.4
                0x10004f28      0x140 pio/hub75/CMakeFiles/pio_hub75.dir/C_/Program_Files/Raspberry_Pi/Pico_SDK_v1.5.1/pico-sdk/src/rp2_common/hardware_pll/pll.c.obj
 .rodata.__func__.0
                0x10005068        0x9 pio/hub75/CMakeFiles/pio_hub75.dir/C_/Program_Files/Raspberry_Pi/Pico_SDK_v1.5.1/pico-sdk/src/rp2_common/hardware_pll/pll.c.obj
 *fill*         0x10005071        0x3 
 .rodata.__assert_func.str1.4
                0x10005074       0x3f pio/hub75/CMakeFiles/pio_hub75.dir/C_/Program_Files/Raspberry_Pi/Pico_SDK_v1.5.1/pico-sdk/src/rp2_common/pico_runtime/runtime.c.obj
                                 0x43 (size before relaxing)
 *fill*         0x100050b3        0x1 
 .rodata.runtime_init.str1.4
                0x100050b4       0x7d pio/hub75/CMakeFiles/pio_hub75.dir/C_/Program_Files/Raspberry_Pi/Pico_SDK_v1.5.1/pico-sdk/src/rp2_common/pico_runtime/runtime.c.obj
 *fill*         0x10005131        0x3 
 .rodata.panic.str1.4
                0x10005134       0x12 pio/hub75/CMakeFiles/pio_hub75.dir/C_/Program_Files/Raspberry_Pi/Pico_SDK_v1.5.1/pico-sdk/src/rp2_common/pico_runtime/runtime.c.obj
 *fill*         0x10005146        0x2 
 .rodata.__func__.2
                0x10005148        0xd pio/hub75/CMakeFiles/pio_hub75.dir/C_/Program_Files/Raspberry_Pi/Pico_SDK_v1.5.1/pico-sdk/src/rp2_common/pico_runtime/runtime.c.obj
 *fill*         0x10005155        0x3 
 .rodata._ftoa.str1.4
                0x10005158       0x15 pio/hub75/CMakeFiles/pio_hub75.dir/C_/Program_Files/Raspberry_Pi/Pico_SDK_v1.5.1/pico-sdk/src/rp2_common/pico_printf/printf.c.obj
 *fill*         0x1000516d        0x3 
 .rodata._vsnprintf
                0x10005170      0x1e0 pio/hub75/CMakeFiles/pio_hub75.dir/C_/Program_Files/Raspberry_Pi/Pico_SDK_v1.5.1/pico-sdk/src/rp2_common/pico_printf/printf.c.obj
 .rodata.pow10.0
                0x10005350       0x50 pio/hub75/CMakeFiles/pio_hub75.dir/C_/Program_Files/Raspberry_Pi/Pico_SDK_v1.5.1/pico-sdk/src/rp2_common/pico_printf/printf.c.obj
 .rodata.missing_double_func_shim.str1.4
                0x100053a0       0x18 pio/hub75/CMakeFiles/pio_hub75.dir/C_/Program_Files/Raspberry_Pi/Pico_SDK_v1.5.1/pico-sdk/src/rp2_common/pico_double/double_init_rom.c.obj
 .rodata.__aeabi_double_init.str1.4
                0x100053b8       0xb8 pio/hub75/CMakeFiles/pio_hub75.dir/C_/Program_Files/Raspberry_Pi/Pico_SDK_v1.5.1/pico-sdk/src/rp2_common/pico_double/double_init_rom.c.obj
 .rodata.__func__.0
                0x10005470       0x14 pio/hub75/CMakeFiles/pio_hub75.dir/C_/Program_Files/Raspberry_Pi/Pico_SDK_v1.5.1/pico-sdk/src/rp2_common/pico_double/double_init_rom.c.obj
 .rodata.missing_float_func_shim.str1.4
                0x10005484        0x1 pio/hub75/CMakeFiles/pio_hub75.dir/C_/Program_Files/Raspberry_Pi/Pico_SDK_v1.5.1/pico-sdk/src/rp2_common/pico_float/float_init_rom.c.obj
 .rodata.__aeabi_float_init.str1.4
                0x10005484       0x96 pio/hub75/CMakeFiles/pio_hub75.dir/C_/Program_Files/Raspberry_Pi/Pico_SDK_v1.5.1/pico-sdk/src/rp2_common/pico_float/float_init_rom.c.obj
 *fill*         0x1000551a        0x2 
 .rodata.__func__.0
                0x1000551c       0x13 pio/hub75/CMakeFiles/pio_hub75.dir/C_/Program_Files/Raspberry_Pi/Pico_SDK_v1.5.1/pico-sdk/src/rp2_common/pico_float/float_init_rom.c.obj
 *fill*         0x1000552f        0x1 
 .rodata.str1.4
                0x10005530       0x84 pio/hub75/CMakeFiles/pio_hub75.dir/C_/Program_Files/Raspberry_Pi/Pico_SDK_v1.5.1/pico-sdk/src/rp2_common/pico_standard_link/binary_info.c.obj
 .rodata.__bi_44
                0x100055b4        0xc pio/hub75/CMakeFiles/pio_hub75.dir/C_/Program_Files/Raspberry_Pi/Pico_SDK_v1.5.1/pico-sdk/src/rp2_common/pico_standard_link/binary_info.c.obj
 .rodata.__bi_69
                0x100055c0        0xc pio/hub75/CMakeFiles/pio_hub75.dir/C_/Program_Files/Raspberry_Pi/Pico_SDK_v1.5.1/pico-sdk/src/rp2_common/pico_standard_link/binary_info.c.obj
 .rodata.__bi_75
                0x100055cc        0xc pio/hub75/CMakeFiles/pio_hub75.dir/C_/Program_Files/Raspberry_Pi/Pico_SDK_v1.5.1/pico-sdk/src/rp2_common/pico_standard_link/binary_info.c.obj
 .rodata.__bi_81
                0x100055d8        0xc pio/hub75/CMakeFiles/pio_hub75.dir/C_/Program_Files/Raspberry_Pi/Pico_SDK_v1.5.1/pico-sdk/src/rp2_common/pico_standard_link/binary_info.c.obj
 .rodata.stdout_serialize_begin.str1.4
                0x100055e4       0x7d pio/hub75/CMakeFiles/pio_hub75.dir/C_/Program_Files/Raspberry_Pi/Pico_SDK_v1.5.1/pico-sdk/src/rp2_common/pico_stdio/stdio.c.obj
 .rodata.__func__.3
                0x100055e4       0x15 pio/hub75/CMakeFiles/pio_hub75.dir/C_/Program_Files/Raspberry_Pi/Pico_SDK_v1.5.1/pico-sdk/src/rp2_common/pico_stdio/stdio.c.obj
 *fill*         0x100055f9        0x3 
 .rodata.crlf_str.2
                0x100055fc        0x2 pio/hub75/CMakeFiles/pio_hub75.dir/C_/Program_Files/Raspberry_Pi/Pico_SDK_v1.5.1/pico-sdk/src/rp2_common/pico_stdio/stdio.c.obj
 *fill*         0x100055fe        0x2 
 .rodata.str1.4
                0x10005600       0x2c pio/hub75/CMakeFiles/pio_hub75.dir/C_/Program_Files/Raspberry_Pi/Pico_SDK_v1.5.1/pico-sdk/src/rp2_common/pico_stdio_uart/stdio_uart.c.obj
 .rodata.__bi_33.4
                0x1000562c        0xc pio/hub75/CMakeFiles/pio_hub75.dir/C_/Program_Files/Raspberry_Pi/Pico_SDK_v1.5.1/pico-sdk/src/rp2_common/pico_stdio_uart/stdio_uart.c.obj
 .rodata.__bi_34.5
                0x10005638        0x8 pio/hub75/CMakeFiles/pio_hub75.dir/C_/Program_Files/Raspberry_Pi/Pico_SDK_v1.5.1/pico-sdk/src/rp2_common/pico_stdio_uart/stdio_uart.c.obj
 .rodata._pio_find_offset_for_program.str1.4
                0x10005640       0x85 pio/hub75/CMakeFiles/pio_hub75.dir/C_/Program_Files/Raspberry_Pi/Pico_SDK_v1.5.1/pico-sdk/src/rp2_common/hardware_pio/pio.c.obj
 *fill*         0x100056c5        0x3 
 .rodata._pio_add_program_at_offset.str1.4
                0x100056c8       0x11 pio/hub75/CMakeFiles/pio_hub75.dir/C_/Program_Files/Raspberry_Pi/Pico_SDK_v1.5.1/pico-sdk/src/rp2_common/hardware_pio/pio.c.obj
 *fill*         0x100056d9        0x3 
 .rodata.__func__.1
                0x100056dc       0x1d pio/hub75/CMakeFiles/pio_hub75.dir/C_/Program_Files/Raspberry_Pi/Pico_SDK_v1.5.1/pico-sdk/src/rp2_common/hardware_pio/pio.c.obj
                0x100056fc                . = ALIGN (0x4)
 *fill*         0x100056f9        0x3 
 *(SORT_BY_ALIGNMENT(SORT_BY_NAME(.flashdata*)))
                0x100056fc                . = ALIGN (0x4)

.ARM.extab
 *(.ARM.extab* .gnu.linkonce.armextab.*)
                0x100056fc                __exidx_start = .

.ARM.exidx
 *(.ARM.exidx* .gnu.linkonce.armexidx.*)
                0x100056fc                __exidx_end = .
                0x100056fc                . = ALIGN (0x4)
                0x100056fc                __binary_info_start = .

.binary_info    0x100056fc       0x28
 *(.binary_info.keep.*)
 .binary_info.keep.__bi_ptr22
                0x100056fc        0x4 pio/hub75/CMakeFiles/pio_hub75.dir/C_/Program_Files/Raspberry_Pi/Pico_SDK_v1.5.1/pico-sdk/src/rp2_common/pico_standard_link/binary_info.c.obj
 .binary_info.keep.__bi_ptr30
                0x10005700        0x4 pio/hub75/CMakeFiles/pio_hub75.dir/C_/Program_Files/Raspberry_Pi/Pico_SDK_v1.5.1/pico-sdk/src/rp2_common/pico_standard_link/binary_info.c.obj
 .binary_info.keep.__bi_ptr38
                0x10005704        0x4 pio/hub75/CMakeFiles/pio_hub75.dir/C_/Program_Files/Raspberry_Pi/Pico_SDK_v1.5.1/pico-sdk/src/rp2_common/pico_standard_link/binary_info.c.obj
 .binary_info.keep.__bi_ptr44
                0x10005708        0x4 pio/hub75/CMakeFiles/pio_hub75.dir/C_/Program_Files/Raspberry_Pi/Pico_SDK_v1.5.1/pico-sdk/src/rp2_common/pico_standard_link/binary_info.c.obj
 .binary_info.keep.__bi_ptr50
                0x1000570c        0x4 pio/hub75/CMakeFiles/pio_hub75.dir/C_/Program_Files/Raspberry_Pi/Pico_SDK_v1.5.1/pico-sdk/src/rp2_common/pico_standard_link/binary_info.c.obj
 .binary_info.keep.__bi_ptr69
                0x10005710        0x4 pio/hub75/CMakeFiles/pio_hub75.dir/C_/Program_Files/Raspberry_Pi/Pico_SDK_v1.5.1/pico-sdk/src/rp2_common/pico_standard_link/binary_info.c.obj
 .binary_info.keep.__bi_ptr75
                0x10005714        0x4 pio/hub75/CMakeFiles/pio_hub75.dir/C_/Program_Files/Raspberry_Pi/Pico_SDK_v1.5.1/pico-sdk/src/rp2_common/pico_standard_link/binary_info.c.obj
 .binary_info.keep.__bi_ptr81
                0x10005718        0x4 pio/hub75/CMakeFiles/pio_hub75.dir/C_/Program_Files/Raspberry_Pi/Pico_SDK_v1.5.1/pico-sdk/src/rp2_common/pico_standard_link/binary_info.c.obj
 *(.binary_info.*)
 .binary_info.__bi_ptr33
                0x1000571c        0x4 pio/hub75/CMakeFiles/pio_hub75.dir/C_/Program_Files/Raspberry_Pi/Pico_SDK_v1.5.1/pico-sdk/src/rp2_common/pico_stdio_uart/stdio_uart.c.obj
 .binary_info.__bi_ptr34
                0x10005720        0x4 pio/hub75/CMakeFiles/pio_hub75.dir/C_/Program_Files/Raspberry_Pi/Pico_SDK_v1.5.1/pico-sdk/src/rp2_common/pico_stdio_uart/stdio_uart.c.obj
                0x10005724                __binary_info_end = .

.rel.dyn        0x10005724        0x0
 .rel.iplt      0x10005724        0x0 c:/progra~1/raspbe~1/picosd~1.1/gcc-ar~1/bin/../lib/gcc/arm-none-eabi/10.3.1/thumb/v6-m/nofp/crtbegin.o
                0x10005724                . = ALIGN (0x4)

.ram_vector_table
                0x20000000       0xc0
 *(.ram_vector_table)
 .ram_vector_table
                0x20000000       0xc0 pio/hub75/CMakeFiles/pio_hub75.dir/C_/Program_Files/Raspberry_Pi/Pico_SDK_v1.5.1/pico-sdk/src/rp2_common/pico_runtime/runtime.c.obj
                0x20000000                ram_vector_table

.data           0x200000c0     0x4244 load address 0x10005724
                0x200000c0                __data_start__ = .
 *(vtable)
 *(.time_critical*)
 .time_critical.mutex_try_enter
                0x200000c0       0x46 pio/hub75/CMakeFiles/pio_hub75.dir/C_/Program_Files/Raspberry_Pi/Pico_SDK_v1.5.1/pico-sdk/src/common/pico_sync/mutex.c.obj
                0x200000c0                mutex_try_enter
 *fill*         0x20000106        0x2 
 .time_critical.mutex_enter_block_until
                0x20000108       0x8c pio/hub75/CMakeFiles/pio_hub75.dir/C_/Program_Files/Raspberry_Pi/Pico_SDK_v1.5.1/pico-sdk/src/common/pico_sync/mutex.c.obj
                0x20000108                mutex_enter_block_until
 .time_critical.mutex_try_enter_block_until
                0x20000194       0x34 pio/hub75/CMakeFiles/pio_hub75.dir/C_/Program_Files/Raspberry_Pi/Pico_SDK_v1.5.1/pico-sdk/src/common/pico_sync/mutex.c.obj
                0x20000194                mutex_try_enter_block_until
 .time_critical.mutex_exit
                0x200001c8       0x4c pio/hub75/CMakeFiles/pio_hub75.dir/C_/Program_Files/Raspberry_Pi/Pico_SDK_v1.5.1/pico-sdk/src/common/pico_sync/mutex.c.obj
                0x200001c8                mutex_exit
 *(.text*)
 .text          0x20000214        0x4 c:/progra~1/raspbe~1/picosd~1.1/gcc-ar~1/bin/../lib/gcc/arm-none-eabi/10.3.1/thumb/v6-m/nofp\libgcc.a(_dvmd_tls.o)
                0x20000214                __aeabi_idiv0
                0x20000214                __aeabi_ldiv0
 .text.__stub   0x20000218       0x20 linker stubs
                0x20000238                . = ALIGN (0x4)
 *(.rodata*)
                0x20000238                . = ALIGN (0x4)
 *(.data*)
 .data.mountains_128x64
                0x20000238     0x4000 pio/hub75/CMakeFiles/pio_hub75.dir/hub75.c.obj
 .data.striped_spin_lock_num
                0x20004238        0x1 pio/hub75/CMakeFiles/pio_hub75.dir/C_/Program_Files/Raspberry_Pi/Pico_SDK_v1.5.1/pico-sdk/src/rp2_common/hardware_sync/sync.c.obj
 *fill*         0x20004239        0x3 
 .data          0x2000423c       0x48 pio/hub75/CMakeFiles/pio_hub75.dir/C_/Program_Files/Raspberry_Pi/Pico_SDK_v1.5.1/pico-sdk/src/rp2_common/hardware_irq/irq_handler_chain.S.obj
                0x2000423c                irq_handler_chain_slots
                0x2000426c                irq_handler_chain_first_slot
                0x20004276                irq_handler_chain_remove_tail
 .data.default_alarm_pool
                0x20004284       0x18 pio/hub75/CMakeFiles/pio_hub75.dir/C_/Program_Files/Raspberry_Pi/Pico_SDK_v1.5.1/pico-sdk/src/common/pico_time/time.c.obj
 .data.default_alarm_pool_heap
                0x2000429c       0x10 pio/hub75/CMakeFiles/pio_hub75.dir/C_/Program_Files/Raspberry_Pi/Pico_SDK_v1.5.1/pico-sdk/src/common/pico_time/time.c.obj
 *fill*         0x200042ac        0x4 
 .data.aeabi_bits_funcs
                0x200042b0       0x10 pio/hub75/CMakeFiles/pio_hub75.dir/C_/Program_Files/Raspberry_Pi/Pico_SDK_v1.5.1/pico-sdk/src/rp2_common/pico_bit_ops/bit_ops_aeabi.S.obj
                0x200042b0                aeabi_bits_funcs
                0x200042c0                aeabi_bits_funcs_end
 .data.aeabi_mem_funcs
                0x200042c0       0x10 pio/hub75/CMakeFiles/pio_hub75.dir/C_/Program_Files/Raspberry_Pi/Pico_SDK_v1.5.1/pico-sdk/src/rp2_common/pico_mem_ops/mem_ops_aeabi.S.obj
                0x200042c0                aeabi_mem_funcs
                0x200042d0                aeabi_mem_funcs_end
 .data.stdio_uart
                0x200042d0       0x18 pio/hub75/CMakeFiles/pio_hub75.dir/C_/Program_Files/Raspberry_Pi/Pico_SDK_v1.5.1/pico-sdk/src/rp2_common/pico_stdio_uart/stdio_uart.c.obj
                0x200042d0                stdio_uart
                0x200042e8                . = ALIGN (0x4)
 *(.after_data.*)
                0x200042e8                . = ALIGN (0x4)
                0x200042e8                PROVIDE (__mutex_array_start = .)
 *(SORT_BY_NAME(.mutex_array.*))
 *(.mutex_array)
 .mutex_array   0x200042e8        0x8 pio/hub75/CMakeFiles/pio_hub75.dir/C_/Program_Files/Raspberry_Pi/Pico_SDK_v1.5.1/pico-sdk/src/rp2_common/pico_stdio/stdio.c.obj
                0x200042f0                PROVIDE (__mutex_array_end = .)
                0x200042f0                . = ALIGN (0x4)
                0x200042f0                PROVIDE (__preinit_array_start = .)
 *(SORT_BY_NAME(.preinit_array.*))
 .preinit_array.00001
                0x200042f0        0x4 pio/hub75/CMakeFiles/pio_hub75.dir/C_/Program_Files/Raspberry_Pi/Pico_SDK_v1.5.1/pico-sdk/src/rp2_common/pico_mem_ops/mem_ops_aeabi.S.obj
 .preinit_array.00010
                0x200042f4        0x4 pio/hub75/CMakeFiles/pio_hub75.dir/C_/Program_Files/Raspberry_Pi/Pico_SDK_v1.5.1/pico-sdk/src/rp2_common/pico_bit_ops/bit_ops_aeabi.S.obj
 .preinit_array.00020
                0x200042f8        0x4 pio/hub75/CMakeFiles/pio_hub75.dir/C_/Program_Files/Raspberry_Pi/Pico_SDK_v1.5.1/pico-sdk/src/rp2_common/pico_double/double_aeabi.S.obj
 .preinit_array.00020
                0x200042fc        0x4 pio/hub75/CMakeFiles/pio_hub75.dir/C_/Program_Files/Raspberry_Pi/Pico_SDK_v1.5.1/pico-sdk/src/rp2_common/pico_float/float_aeabi.S.obj
 *(.preinit_array)
                0x20004300                PROVIDE (__preinit_array_end = .)
                0x20004300                . = ALIGN (0x4)
                0x20004300                PROVIDE (__init_array_start = .)
 *(SORT_BY_NAME(.init_array.*))
 *(.init_array)
 .init_array    0x20004300        0x4 c:/progra~1/raspbe~1/picosd~1.1/gcc-ar~1/bin/../lib/gcc/arm-none-eabi/10.3.1/thumb/v6-m/nofp/crtbegin.o
                0x20004304                PROVIDE (__init_array_end = .)
                0x20004304                . = ALIGN (0x4)
                [!provide]                PROVIDE (__fini_array_start = .)
 *(SORT_BY_NAME(.fini_array.*))
 *(.fini_array)
                [!provide]                PROVIDE (__fini_array_end = .)
 *(.jcr)
                0x20004304                . = ALIGN (0x4)
                0x20004304                __data_end__ = .
                0x10005724                __etext = LOADADDR (.data)

.igot.plt       0x20004304        0x0 load address 0x10009968
 .igot.plt      0x20004304        0x0 c:/progra~1/raspbe~1/picosd~1.1/gcc-ar~1/bin/../lib/gcc/arm-none-eabi/10.3.1/thumb/v6-m/nofp/crtbegin.o

.uninitialized_data
                0x20004304        0x0 load address 0x10009968
                0x20004304                . = ALIGN (0x4)
 *(.uninitialized_data*)

.scratch_x      0x20040000        0x0 load address 0x10009968
                0x20040000                __scratch_x_start__ = .
 *(.scratch_x.*)
                0x20040000                . = ALIGN (0x4)
                0x20040000                __scratch_x_end__ = .
                0x10009968                __scratch_x_source__ = LOADADDR (.scratch_x)

.scratch_y      0x20041000        0x0 load address 0x10009968
                0x20041000                __scratch_y_start__ = .
 *(.scratch_y.*)
                0x20041000                . = ALIGN (0x4)
                0x20041000                __scratch_y_end__ = .
                0x10009968                __scratch_y_source__ = LOADADDR (.scratch_y)

.bss            0x20004308      0x7e0
                0x20004308                . = ALIGN (0x4)
                0x20004308                __bss_start__ = .
 *(SORT_BY_ALIGNMENT(SORT_BY_NAME(.bss*)))
 .bss.default_alarm_pool_entries
                0x20004308      0x100 pio/hub75/CMakeFiles/pio_hub75.dir/C_/Program_Files/Raspberry_Pi/Pico_SDK_v1.5.1/pico-sdk/src/common/pico_time/time.c.obj
 .bss           0x20004408       0x1c c:/progra~1/raspbe~1/picosd~1.1/gcc-ar~1/bin/../lib/gcc/arm-none-eabi/10.3.1/thumb/v6-m/nofp/crtbegin.o
 .bss._used_instruction_space
                0x20004424        0x8 pio/hub75/CMakeFiles/pio_hub75.dir/C_/Program_Files/Raspberry_Pi/Pico_SDK_v1.5.1/pico-sdk/src/rp2_common/hardware_pio/pio.c.obj
 .bss.alarm_callbacks
                0x2000442c       0x10 pio/hub75/CMakeFiles/pio_hub75.dir/C_/Program_Files/Raspberry_Pi/Pico_SDK_v1.5.1/pico-sdk/src/rp2_common/hardware_timer/timer.c.obj
 .bss.chars_available_callback
                0x2000443c        0x4 pio/hub75/CMakeFiles/pio_hub75.dir/C_/Program_Files/Raspberry_Pi/Pico_SDK_v1.5.1/pico-sdk/src/rp2_common/pico_stdio_uart/stdio_uart.c.obj
 .bss.chars_available_param
                0x20004440        0x4 pio/hub75/CMakeFiles/pio_hub75.dir/C_/Program_Files/Raspberry_Pi/Pico_SDK_v1.5.1/pico-sdk/src/rp2_common/pico_stdio_uart/stdio_uart.c.obj
 .bss.configured_freq
                0x20004444       0x28 pio/hub75/CMakeFiles/pio_hub75.dir/C_/Program_Files/Raspberry_Pi/Pico_SDK_v1.5.1/pico-sdk/src/rp2_common/hardware_clocks/clocks.c.obj
 .bss.default_alarm_pool_entry_ids_high
                0x2000446c       0x10 pio/hub75/CMakeFiles/pio_hub75.dir/C_/Program_Files/Raspberry_Pi/Pico_SDK_v1.5.1/pico-sdk/src/common/pico_time/time.c.obj
 .bss.default_alarm_pool_heap_nodes
                0x2000447c       0x30 pio/hub75/CMakeFiles/pio_hub75.dir/C_/Program_Files/Raspberry_Pi/Pico_SDK_v1.5.1/pico-sdk/src/common/pico_time/time.c.obj
 .bss.drivers   0x200044ac        0x4 pio/hub75/CMakeFiles/pio_hub75.dir/C_/Program_Files/Raspberry_Pi/Pico_SDK_v1.5.1/pico-sdk/src/rp2_common/pico_stdio/stdio.c.obj
 .bss.filter    0x200044b0        0x4 pio/hub75/CMakeFiles/pio_hub75.dir/C_/Program_Files/Raspberry_Pi/Pico_SDK_v1.5.1/pico-sdk/src/rp2_common/pico_stdio/stdio.c.obj
 .bss.gc_row.0  0x200044b4      0x400 pio/hub75/CMakeFiles/pio_hub75.dir/hub75.c.obj
 .bss.pools     0x200048b4       0x10 pio/hub75/CMakeFiles/pio_hub75.dir/C_/Program_Files/Raspberry_Pi/Pico_SDK_v1.5.1/pico-sdk/src/common/pico_time/time.c.obj
 .bss.sd_table  0x200048c4      0x100 pio/hub75/CMakeFiles/pio_hub75.dir/C_/Program_Files/Raspberry_Pi/Pico_SDK_v1.5.1/pico-sdk/src/rp2_common/pico_double/double_init_rom.c.obj
                0x200048c4                sd_table
 .bss.sf_clz_func
                0x200049c4        0x4 pio/hub75/CMakeFiles/pio_hub75.dir/C_/Program_Files/Raspberry_Pi/Pico_SDK_v1.5.1/pico-sdk/src/rp2_common/pico_double/double_init_rom.c.obj
                0x200049c4                sf_clz_func
 .bss.sf_table  0x200049c8      0x100 pio/hub75/CMakeFiles/pio_hub75.dir/C_/Program_Files/Raspberry_Pi/Pico_SDK_v1.5.1/pico-sdk/src/rp2_common/pico_float/float_init_rom.c.obj
                0x200049c8                sf_table
 .bss.sleep_notifier
                0x20004ac8        0x4 pio/hub75/CMakeFiles/pio_hub75.dir/C_/Program_Files/Raspberry_Pi/Pico_SDK_v1.5.1/pico-sdk/src/common/pico_time/time.c.obj
 .bss.target_hi
                0x20004acc       0x10 pio/hub75/CMakeFiles/pio_hub75.dir/C_/Program_Files/Raspberry_Pi/Pico_SDK_v1.5.1/pico-sdk/src/rp2_common/hardware_timer/timer.c.obj
 .bss.uart_char_to_line_feed
                0x20004adc        0x4 pio/hub75/CMakeFiles/pio_hub75.dir/C_/Program_Files/Raspberry_Pi/Pico_SDK_v1.5.1/pico-sdk/src/rp2_common/hardware_uart/uart.c.obj
                0x20004adc                uart_char_to_line_feed
 .bss.uart_instance
                0x20004ae0        0x4 pio/hub75/CMakeFiles/pio_hub75.dir/C_/Program_Files/Raspberry_Pi/Pico_SDK_v1.5.1/pico-sdk/src/rp2_common/pico_stdio_uart/stdio_uart.c.obj
 .bss.claimed   0x20004ae4        0x1 pio/hub75/CMakeFiles/pio_hub75.dir/C_/Program_Files/Raspberry_Pi/Pico_SDK_v1.5.1/pico-sdk/src/rp2_common/hardware_timer/timer.c.obj
 .bss.irq_hander_chain_free_slot_head
                0x20004ae5        0x1 pio/hub75/CMakeFiles/pio_hub75.dir/C_/Program_Files/Raspberry_Pi/Pico_SDK_v1.5.1/pico-sdk/src/rp2_common/hardware_irq/irq.c.obj
 .bss.timer_callbacks_pending
                0x20004ae6        0x1 pio/hub75/CMakeFiles/pio_hub75.dir/C_/Program_Files/Raspberry_Pi/Pico_SDK_v1.5.1/pico-sdk/src/rp2_common/hardware_timer/timer.c.obj
 *(COMMON)
                0x20004ae8                . = ALIGN (0x4)
 *fill*         0x20004ae7        0x1 
                0x20004ae8                __bss_end__ = .

.heap           0x20004ae8      0x800
                0x20004ae8                __end__ = .
                0x20004ae8                end = __end__
 *(.heap*)
 .heap          0x20004ae8      0x800 pio/hub75/CMakeFiles/pio_hub75.dir/C_/Program_Files/Raspberry_Pi/Pico_SDK_v1.5.1/pico-sdk/src/rp2_common/pico_standard_link/crt0.S.obj
                0x200052e8                __HeapLimit = .

.stack1_dummy   0x20040000        0x0
 *(.stack1*)

.stack_dummy    0x20041000      0x800
 *(.stack*)
 .stack         0x20041000      0x800 pio/hub75/CMakeFiles/pio_hub75.dir/C_/Program_Files/Raspberry_Pi/Pico_SDK_v1.5.1/pico-sdk/src/rp2_common/pico_standard_link/crt0.S.obj

.flash_end      0x10009968        0x0
                0x10009968                PROVIDE (__flash_binary_end = .)
                0x20040000                __StackLimit = (ORIGIN (RAM) + LENGTH (RAM))
                0x20041000                __StackOneTop = (ORIGIN (SCRATCH_X) + LENGTH (SCRATCH_X))
                0x20042000                __StackTop = (ORIGIN (SCRATCH_Y) + LENGTH (SCRATCH_Y))
                0x20041000                __StackOneBottom = (__StackOneTop - SIZEOF (.stack1_dummy))
                0x20041800                __StackBottom = (__StackTop - SIZEOF (.stack_dummy))
                0x20042000                PROVIDE (__stack = __StackTop)
                0x00000001                ASSERT ((__StackLimit >= __HeapLimit), region RAM overflowed)
                0x00000001                ASSERT (((__binary_info_header_end - __logical_binary_start) <= 0x100), Binary info must be in first 256 bytes of the binary)
LOAD pio/hub75/CMakeFiles/pio_hub75.dir/hub75.c.obj
LOAD pio/hub75/CMakeFiles/pio_hub75.dir/C_/Program_Files/Raspberry_Pi/Pico_SDK_v1.5.1/pico-sdk/src/rp2_common/pico_stdlib/stdlib.c.obj
LOAD pio/hub75/CMakeFiles/pio_hub75.dir/C_/Program_Files/Raspberry_Pi/Pico_SDK_v1.5.1/pico-sdk/src/rp2_common/hardware_gpio/gpio.c.obj
LOAD pio/hub75/CMakeFiles/pio_hub75.dir/C_/Program_Files/Raspberry_Pi/Pico_SDK_v1.5.1/pico-sdk/src/rp2_common/pico_platform/platform.c.obj
LOAD pio/hub75/CMakeFiles/pio_hub75.dir/C_/Program_Files/Raspberry_Pi/Pico_SDK_v1.5.1/pico-sdk/src/rp2_common/hardware_claim/claim.c.obj
LOAD pio/hub75/CMakeFiles/pio_hub75.dir/C_/Program_Files/Raspberry_Pi/Pico_SDK_v1.5.1/pico-sdk/src/rp2_common/hardware_sync/sync.c.obj
LOAD pio/hub75/CMakeFiles/pio_hub75.dir/C_/Program_Files/Raspberry_Pi/Pico_SDK_v1.5.1/pico-sdk/src/rp2_common/hardware_irq/irq.c.obj
LOAD pio/hub75/CMakeFiles/pio_hub75.dir/C_/Program_Files/Raspberry_Pi/Pico_SDK_v1.5.1/pico-sdk/src/rp2_common/hardware_irq/irq_handler_chain.S.obj
LOAD pio/hub75/CMakeFiles/pio_hub75.dir/C_/Program_Files/Raspberry_Pi/Pico_SDK_v1.5.1/pico-sdk/src/common/pico_sync/sem.c.obj
LOAD pio/hub75/CMakeFiles/pio_hub75.dir/C_/Program_Files/Raspberry_Pi/Pico_SDK_v1.5.1/pico-sdk/src/common/pico_sync/lock_core.c.obj
LOAD pio/hub75/CMakeFiles/pio_hub75.dir/C_/Program_Files/Raspberry_Pi/Pico_SDK_v1.5.1/pico-sdk/src/common/pico_sync/mutex.c.obj
LOAD pio/hub75/CMakeFiles/pio_hub75.dir/C_/Program_Files/Raspberry_Pi/Pico_SDK_v1.5.1/pico-sdk/src/common/pico_sync/critical_section.c.obj
LOAD pio/hub75/CMakeFiles/pio_hub75.dir/C_/Program_Files/Raspberry_Pi/Pico_SDK_v1.5.1/pico-sdk/src/common/pico_time/time.c.obj
LOAD pio/hub75/CMakeFiles/pio_hub75.dir/C_/Program_Files/Raspberry_Pi/Pico_SDK_v1.5.1/pico-sdk/src/common/pico_time/timeout_helper.c.obj
LOAD pio/hub75/CMakeFiles/pio_hub75.dir/C_/Program_Files/Raspberry_Pi/Pico_SDK_v1.5.1/pico-sdk/src/rp2_common/hardware_timer/timer.c.obj
LOAD pio/hub75/CMakeFiles/pio_hub75.dir/C_/Program_Files/Raspberry_Pi/Pico_SDK_v1.5.1/pico-sdk/src/common/pico_util/datetime.c.obj
LOAD pio/hub75/CMakeFiles/pio_hub75.dir/C_/Program_Files/Raspberry_Pi/Pico_SDK_v1.5.1/pico-sdk/src/common/pico_util/pheap.c.obj
LOAD pio/hub75/CMakeFiles/pio_hub75.dir/C_/Program_Files/Raspberry_Pi/Pico_SDK_v1.5.1/pico-sdk/src/common/pico_util/queue.c.obj
LOAD pio/hub75/CMakeFiles/pio_hub75.dir/C_/Program_Files/Raspberry_Pi/Pico_SDK_v1.5.1/pico-sdk/src/rp2_common/hardware_uart/uart.c.obj
LOAD pio/hub75/CMakeFiles/pio_hub75.dir/C_/Program_Files/Raspberry_Pi/Pico_SDK_v1.5.1/pico-sdk/src/rp2_common/hardware_clocks/clocks.c.obj
LOAD pio/hub75/CMakeFiles/pio_hub75.dir/C_/Program_Files/Raspberry_Pi/Pico_SDK_v1.5.1/pico-sdk/src/rp2_common/hardware_pll/pll.c.obj
LOAD pio/hub75/CMakeFiles/pio_hub75.dir/C_/Program_Files/Raspberry_Pi/Pico_SDK_v1.5.1/pico-sdk/src/rp2_common/hardware_vreg/vreg.c.obj
LOAD pio/hub75/CMakeFiles/pio_hub75.dir/C_/Program_Files/Raspberry_Pi/Pico_SDK_v1.5.1/pico-sdk/src/rp2_common/hardware_watchdog/watchdog.c.obj
LOAD pio/hub75/CMakeFiles/pio_hub75.dir/C_/Program_Files/Raspberry_Pi/Pico_SDK_v1.5.1/pico-sdk/src/rp2_common/hardware_xosc/xosc.c.obj
LOAD pio/hub75/CMakeFiles/pio_hub75.dir/C_/Program_Files/Raspberry_Pi/Pico_SDK_v1.5.1/pico-sdk/src/rp2_common/hardware_divider/divider.S.obj
LOAD pio/hub75/CMakeFiles/pio_hub75.dir/C_/Program_Files/Raspberry_Pi/Pico_SDK_v1.5.1/pico-sdk/src/rp2_common/pico_runtime/runtime.c.obj
LOAD pio/hub75/CMakeFiles/pio_hub75.dir/C_/Program_Files/Raspberry_Pi/Pico_SDK_v1.5.1/pico-sdk/src/rp2_common/pico_printf/printf.c.obj
LOAD pio/hub75/CMakeFiles/pio_hub75.dir/C_/Program_Files/Raspberry_Pi/Pico_SDK_v1.5.1/pico-sdk/src/rp2_common/pico_bit_ops/bit_ops_aeabi.S.obj
LOAD pio/hub75/CMakeFiles/pio_hub75.dir/C_/Program_Files/Raspberry_Pi/Pico_SDK_v1.5.1/pico-sdk/src/rp2_common/pico_bootrom/bootrom.c.obj
LOAD pio/hub75/CMakeFiles/pio_hub75.dir/C_/Program_Files/Raspberry_Pi/Pico_SDK_v1.5.1/pico-sdk/src/rp2_common/pico_divider/divider.S.obj
LOAD pio/hub75/CMakeFiles/pio_hub75.dir/C_/Program_Files/Raspberry_Pi/Pico_SDK_v1.5.1/pico-sdk/src/rp2_common/pico_double/double_aeabi.S.obj
LOAD pio/hub75/CMakeFiles/pio_hub75.dir/C_/Program_Files/Raspberry_Pi/Pico_SDK_v1.5.1/pico-sdk/src/rp2_common/pico_double/double_init_rom.c.obj
LOAD pio/hub75/CMakeFiles/pio_hub75.dir/C_/Program_Files/Raspberry_Pi/Pico_SDK_v1.5.1/pico-sdk/src/rp2_common/pico_double/double_math.c.obj
LOAD pio/hub75/CMakeFiles/pio_hub75.dir/C_/Program_Files/Raspberry_Pi/Pico_SDK_v1.5.1/pico-sdk/src/rp2_common/pico_double/double_v1_rom_shim.S.obj
LOAD pio/hub75/CMakeFiles/pio_hub75.dir/C_/Program_Files/Raspberry_Pi/Pico_SDK_v1.5.1/pico-sdk/src/rp2_common/pico_int64_ops/pico_int64_ops_aeabi.S.obj
LOAD pio/hub75/CMakeFiles/pio_hub75.dir/C_/Program_Files/Raspberry_Pi/Pico_SDK_v1.5.1/pico-sdk/src/rp2_common/pico_float/float_aeabi.S.obj
LOAD pio/hub75/CMakeFiles/pio_hub75.dir/C_/Program_Files/Raspberry_Pi/Pico_SDK_v1.5.1/pico-sdk/src/rp2_common/pico_float/float_init_rom.c.obj
LOAD pio/hub75/CMakeFiles/pio_hub75.dir/C_/Program_Files/Raspberry_Pi/Pico_SDK_v1.5.1/pico-sdk/src/rp2_common/pico_float/float_math.c.obj
LOAD pio/hub75/CMakeFiles/pio_hub75.dir/C_/Program_Files/Raspberry_Pi/Pico_SDK_v1.5.1/pico-sdk/src/rp2_common/pico_float/float_v1_rom_shim.S.obj
LOAD pio/hub75/CMakeFiles/pio_hub75.dir/C_/Program_Files/Raspberry_Pi/Pico_SDK_v1.5.1/pico-sdk/src/rp2_common/pico_malloc/pico_malloc.c.obj
LOAD pio/hub75/CMakeFiles/pio_hub75.dir/C_/Program_Files/Raspberry_Pi/Pico_SDK_v1.5.1/pico-sdk/src/rp2_common/pico_mem_ops/mem_ops_aeabi.S.obj
LOAD pio/hub75/CMakeFiles/pio_hub75.dir/C_/Program_Files/Raspberry_Pi/Pico_SDK_v1.5.1/pico-sdk/src/rp2_common/pico_standard_link/crt0.S.obj
LOAD pio/hub75/CMakeFiles/pio_hub75.dir/C_/Program_Files/Raspberry_Pi/Pico_SDK_v1.5.1/pico-sdk/src/rp2_common/pico_standard_link/new_delete.cpp.obj
LOAD pio/hub75/CMakeFiles/pio_hub75.dir/C_/Program_Files/Raspberry_Pi/Pico_SDK_v1.5.1/pico-sdk/src/rp2_common/pico_standard_link/binary_info.c.obj
LOAD pio/hub75/CMakeFiles/pio_hub75.dir/C_/Program_Files/Raspberry_Pi/Pico_SDK_v1.5.1/pico-sdk/src/rp2_common/pico_stdio/stdio.c.obj
LOAD pio/hub75/CMakeFiles/pio_hub75.dir/C_/Program_Files/Raspberry_Pi/Pico_SDK_v1.5.1/pico-sdk/src/rp2_common/pico_stdio_uart/stdio_uart.c.obj
LOAD pio/hub75/CMakeFiles/pio_hub75.dir/C_/Program_Files/Raspberry_Pi/Pico_SDK_v1.5.1/pico-sdk/src/rp2_common/hardware_pio/pio.c.obj
LOAD C:\Users\thisi\AppData\Local\Temp\ccvPb8ak.o
LOAD c:/progra~1/raspbe~1/picosd~1.1/gcc-ar~1/bin/../lib/gcc/arm-none-eabi/10.3.1/../../../../arm-none-eabi/lib/thumb/v6-m/nofp\libstdc++.a
LOAD c:/progra~1/raspbe~1/picosd~1.1/gcc-ar~1/bin/../lib/gcc/arm-none-eabi/10.3.1/../../../../arm-none-eabi/lib/thumb/v6-m/nofp\libm.a
START GROUP
LOAD c:/progra~1/raspbe~1/picosd~1.1/gcc-ar~1/bin/../lib/gcc/arm-none-eabi/10.3.1/thumb/v6-m/nofp\libgcc.a
LOAD c:/progra~1/raspbe~1/picosd~1.1/gcc-ar~1/bin/../lib/gcc/arm-none-eabi/10.3.1/../../../../arm-none-eabi/lib/thumb/v6-m/nofp\libg.a
LOAD c:/progra~1/raspbe~1/picosd~1.1/gcc-ar~1/bin/../lib/gcc/arm-none-eabi/10.3.1/../../../../arm-none-eabi/lib/thumb/v6-m/nofp\libc.a
END GROUP
START GROUP
LOAD c:/progra~1/raspbe~1/picosd~1.1/gcc-ar~1/bin/../lib/gcc/arm-none-eabi/10.3.1/thumb/v6-m/nofp\libgcc.a
LOAD c:/progra~1/raspbe~1/picosd~1.1/gcc-ar~1/bin/../lib/gcc/arm-none-eabi/10.3.1/../../../../arm-none-eabi/lib/thumb/v6-m/nofp\libc.a
LOAD c:/progra~1/raspbe~1/picosd~1.1/gcc-ar~1/bin/../lib/gcc/arm-none-eabi/10.3.1/../../../../arm-none-eabi/lib/thumb/v6-m/nofp\libnosys.a
END GROUP
LOAD c:/progra~1/raspbe~1/picosd~1.1/gcc-ar~1/bin/../lib/gcc/arm-none-eabi/10.3.1/thumb/v6-m/nofp/crtend.o
LOAD c:/progra~1/raspbe~1/picosd~1.1/gcc-ar~1/bin/../lib/gcc/arm-none-eabi/10.3.1/thumb/v6-m/nofp/crtn.o
OUTPUT(pio\hub75\pio_hub75.elf elf32-littlearm)
LOAD linker stubs

.ARM.attributes
                0x00000000       0x28
 .ARM.attributes
                0x00000000       0x1e c:/progra~1/raspbe~1/picosd~1.1/gcc-ar~1/bin/../lib/gcc/arm-none-eabi/10.3.1/thumb/v6-m/nofp/crti.o
 .ARM.attributes
                0x0000001e       0x2c c:/progra~1/raspbe~1/picosd~1.1/gcc-ar~1/bin/../lib/gcc/arm-none-eabi/10.3.1/thumb/v6-m/nofp/crtbegin.o
 .ARM.attributes
                0x0000004a       0x2c pio/hub75/CMakeFiles/pio_hub75.dir/hub75.c.obj
 .ARM.attributes
                0x00000076       0x2c pio/hub75/CMakeFiles/pio_hub75.dir/C_/Program_Files/Raspberry_Pi/Pico_SDK_v1.5.1/pico-sdk/src/rp2_common/hardware_gpio/gpio.c.obj
 .ARM.attributes
                0x000000a2       0x2c pio/hub75/CMakeFiles/pio_hub75.dir/C_/Program_Files/Raspberry_Pi/Pico_SDK_v1.5.1/pico-sdk/src/rp2_common/pico_platform/platform.c.obj
 .ARM.attributes
                0x000000ce       0x2c pio/hub75/CMakeFiles/pio_hub75.dir/C_/Program_Files/Raspberry_Pi/Pico_SDK_v1.5.1/pico-sdk/src/rp2_common/hardware_claim/claim.c.obj
 .ARM.attributes
                0x000000fa       0x2c pio/hub75/CMakeFiles/pio_hub75.dir/C_/Program_Files/Raspberry_Pi/Pico_SDK_v1.5.1/pico-sdk/src/rp2_common/hardware_sync/sync.c.obj
 .ARM.attributes
                0x00000126       0x2c pio/hub75/CMakeFiles/pio_hub75.dir/C_/Program_Files/Raspberry_Pi/Pico_SDK_v1.5.1/pico-sdk/src/rp2_common/hardware_irq/irq.c.obj
 .ARM.attributes
                0x00000152       0x22 pio/hub75/CMakeFiles/pio_hub75.dir/C_/Program_Files/Raspberry_Pi/Pico_SDK_v1.5.1/pico-sdk/src/rp2_common/hardware_irq/irq_handler_chain.S.obj
 .ARM.attributes
                0x00000174       0x2c pio/hub75/CMakeFiles/pio_hub75.dir/C_/Program_Files/Raspberry_Pi/Pico_SDK_v1.5.1/pico-sdk/src/common/pico_sync/lock_core.c.obj
 .ARM.attributes
                0x000001a0       0x2c pio/hub75/CMakeFiles/pio_hub75.dir/C_/Program_Files/Raspberry_Pi/Pico_SDK_v1.5.1/pico-sdk/src/common/pico_sync/mutex.c.obj
 .ARM.attributes
                0x000001cc       0x2c pio/hub75/CMakeFiles/pio_hub75.dir/C_/Program_Files/Raspberry_Pi/Pico_SDK_v1.5.1/pico-sdk/src/common/pico_time/time.c.obj
 .ARM.attributes
                0x000001f8       0x2c pio/hub75/CMakeFiles/pio_hub75.dir/C_/Program_Files/Raspberry_Pi/Pico_SDK_v1.5.1/pico-sdk/src/rp2_common/hardware_timer/timer.c.obj
 .ARM.attributes
                0x00000224       0x2c pio/hub75/CMakeFiles/pio_hub75.dir/C_/Program_Files/Raspberry_Pi/Pico_SDK_v1.5.1/pico-sdk/src/common/pico_util/pheap.c.obj
 .ARM.attributes
                0x00000250       0x2c pio/hub75/CMakeFiles/pio_hub75.dir/C_/Program_Files/Raspberry_Pi/Pico_SDK_v1.5.1/pico-sdk/src/rp2_common/hardware_uart/uart.c.obj
 .ARM.attributes
                0x0000027c       0x2c pio/hub75/CMakeFiles/pio_hub75.dir/C_/Program_Files/Raspberry_Pi/Pico_SDK_v1.5.1/pico-sdk/src/rp2_common/hardware_clocks/clocks.c.obj
 .ARM.attributes
                0x000002a8       0x2c pio/hub75/CMakeFiles/pio_hub75.dir/C_/Program_Files/Raspberry_Pi/Pico_SDK_v1.5.1/pico-sdk/src/rp2_common/hardware_pll/pll.c.obj
 .ARM.attributes
                0x000002d4       0x2c pio/hub75/CMakeFiles/pio_hub75.dir/C_/Program_Files/Raspberry_Pi/Pico_SDK_v1.5.1/pico-sdk/src/rp2_common/hardware_watchdog/watchdog.c.obj
 .ARM.attributes
                0x00000300       0x2c pio/hub75/CMakeFiles/pio_hub75.dir/C_/Program_Files/Raspberry_Pi/Pico_SDK_v1.5.1/pico-sdk/src/rp2_common/hardware_xosc/xosc.c.obj
 .ARM.attributes
                0x0000032c       0x2c pio/hub75/CMakeFiles/pio_hub75.dir/C_/Program_Files/Raspberry_Pi/Pico_SDK_v1.5.1/pico-sdk/src/rp2_common/pico_runtime/runtime.c.obj
 .ARM.attributes
                0x00000358       0x2c pio/hub75/CMakeFiles/pio_hub75.dir/C_/Program_Files/Raspberry_Pi/Pico_SDK_v1.5.1/pico-sdk/src/rp2_common/pico_printf/printf.c.obj
 .ARM.attributes
                0x00000384       0x22 pio/hub75/CMakeFiles/pio_hub75.dir/C_/Program_Files/Raspberry_Pi/Pico_SDK_v1.5.1/pico-sdk/src/rp2_common/pico_bit_ops/bit_ops_aeabi.S.obj
 .ARM.attributes
                0x000003a6       0x2c pio/hub75/CMakeFiles/pio_hub75.dir/C_/Program_Files/Raspberry_Pi/Pico_SDK_v1.5.1/pico-sdk/src/rp2_common/pico_bootrom/bootrom.c.obj
 .ARM.attributes
                0x000003d2       0x22 pio/hub75/CMakeFiles/pio_hub75.dir/C_/Program_Files/Raspberry_Pi/Pico_SDK_v1.5.1/pico-sdk/src/rp2_common/pico_divider/divider.S.obj
 .ARM.attributes
                0x000003f4       0x22 pio/hub75/CMakeFiles/pio_hub75.dir/C_/Program_Files/Raspberry_Pi/Pico_SDK_v1.5.1/pico-sdk/src/rp2_common/pico_double/double_aeabi.S.obj
 .ARM.attributes
                0x00000416       0x2c pio/hub75/CMakeFiles/pio_hub75.dir/C_/Program_Files/Raspberry_Pi/Pico_SDK_v1.5.1/pico-sdk/src/rp2_common/pico_double/double_init_rom.c.obj
 .ARM.attributes
                0x00000442       0x22 pio/hub75/CMakeFiles/pio_hub75.dir/C_/Program_Files/Raspberry_Pi/Pico_SDK_v1.5.1/pico-sdk/src/rp2_common/pico_double/double_v1_rom_shim.S.obj
 .ARM.attributes
                0x00000464       0x22 pio/hub75/CMakeFiles/pio_hub75.dir/C_/Program_Files/Raspberry_Pi/Pico_SDK_v1.5.1/pico-sdk/src/rp2_common/pico_float/float_aeabi.S.obj
 .ARM.attributes
                0x00000486       0x2c pio/hub75/CMakeFiles/pio_hub75.dir/C_/Program_Files/Raspberry_Pi/Pico_SDK_v1.5.1/pico-sdk/src/rp2_common/pico_float/float_init_rom.c.obj
 .ARM.attributes
                0x000004b2       0x22 pio/hub75/CMakeFiles/pio_hub75.dir/C_/Program_Files/Raspberry_Pi/Pico_SDK_v1.5.1/pico-sdk/src/rp2_common/pico_mem_ops/mem_ops_aeabi.S.obj
 .ARM.attributes
                0x000004d4       0x22 pio/hub75/CMakeFiles/pio_hub75.dir/C_/Program_Files/Raspberry_Pi/Pico_SDK_v1.5.1/pico-sdk/src/rp2_common/pico_standard_link/crt0.S.obj
 .ARM.attributes
                0x000004f6       0x2c pio/hub75/CMakeFiles/pio_hub75.dir/C_/Program_Files/Raspberry_Pi/Pico_SDK_v1.5.1/pico-sdk/src/rp2_common/pico_standard_link/binary_info.c.obj
 .ARM.attributes
                0x00000522       0x2c pio/hub75/CMakeFiles/pio_hub75.dir/C_/Program_Files/Raspberry_Pi/Pico_SDK_v1.5.1/pico-sdk/src/rp2_common/pico_stdio/stdio.c.obj
 .ARM.attributes
                0x0000054e       0x2c pio/hub75/CMakeFiles/pio_hub75.dir/C_/Program_Files/Raspberry_Pi/Pico_SDK_v1.5.1/pico-sdk/src/rp2_common/pico_stdio_uart/stdio_uart.c.obj
 .ARM.attributes
                0x0000057a       0x2c pio/hub75/CMakeFiles/pio_hub75.dir/C_/Program_Files/Raspberry_Pi/Pico_SDK_v1.5.1/pico-sdk/src/rp2_common/hardware_pio/pio.c.obj
 .ARM.attributes
                0x000005a6       0x22 C:\Users\thisi\AppData\Local\Temp\ccvPb8ak.o
 .ARM.attributes
                0x000005c8       0x1e c:/progra~1/raspbe~1/picosd~1.1/gcc-ar~1/bin/../lib/gcc/arm-none-eabi/10.3.1/thumb/v6-m/nofp\libgcc.a(_dvmd_tls.o)
 .ARM.attributes
                0x000005e6       0x2c c:/progra~1/raspbe~1/picosd~1.1/gcc-ar~1/bin/../lib/gcc/arm-none-eabi/10.3.1/../../../../arm-none-eabi/lib/thumb/v6-m/nofp\libg.a(lib_a-strlen-stub.o)

.comment        0x00000000       0x49
 .comment       0x00000000       0x49 pio/hub75/CMakeFiles/pio_hub75.dir/hub75.c.obj
                                 0x4a (size before relaxing)
 .comment       0x00000049       0x4a pio/hub75/CMakeFiles/pio_hub75.dir/C_/Program_Files/Raspberry_Pi/Pico_SDK_v1.5.1/pico-sdk/src/rp2_common/hardware_gpio/gpio.c.obj
 .comment       0x00000049       0x4a pio/hub75/CMakeFiles/pio_hub75.dir/C_/Program_Files/Raspberry_Pi/Pico_SDK_v1.5.1/pico-sdk/src/rp2_common/pico_platform/platform.c.obj
 .comment       0x00000049       0x4a pio/hub75/CMakeFiles/pio_hub75.dir/C_/Program_Files/Raspberry_Pi/Pico_SDK_v1.5.1/pico-sdk/src/rp2_common/hardware_claim/claim.c.obj
 .comment       0x00000049       0x4a pio/hub75/CMakeFiles/pio_hub75.dir/C_/Program_Files/Raspberry_Pi/Pico_SDK_v1.5.1/pico-sdk/src/rp2_common/hardware_sync/sync.c.obj
 .comment       0x00000049       0x4a pio/hub75/CMakeFiles/pio_hub75.dir/C_/Program_Files/Raspberry_Pi/Pico_SDK_v1.5.1/pico-sdk/src/rp2_common/hardware_irq/irq.c.obj
 .comment       0x00000049       0x4a pio/hub75/CMakeFiles/pio_hub75.dir/C_/Program_Files/Raspberry_Pi/Pico_SDK_v1.5.1/pico-sdk/src/common/pico_sync/lock_core.c.obj
 .comment       0x00000049       0x4a pio/hub75/CMakeFiles/pio_hub75.dir/C_/Program_Files/Raspberry_Pi/Pico_SDK_v1.5.1/pico-sdk/src/common/pico_sync/mutex.c.obj
 .comment       0x00000049       0x4a pio/hub75/CMakeFiles/pio_hub75.dir/C_/Program_Files/Raspberry_Pi/Pico_SDK_v1.5.1/pico-sdk/src/common/pico_time/time.c.obj
 .comment       0x00000049       0x4a pio/hub75/CMakeFiles/pio_hub75.dir/C_/Program_Files/Raspberry_Pi/Pico_SDK_v1.5.1/pico-sdk/src/rp2_common/hardware_timer/timer.c.obj
 .comment       0x00000049       0x4a pio/hub75/CMakeFiles/pio_hub75.dir/C_/Program_Files/Raspberry_Pi/Pico_SDK_v1.5.1/pico-sdk/src/common/pico_util/pheap.c.obj
 .comment       0x00000049       0x4a pio/hub75/CMakeFiles/pio_hub75.dir/C_/Program_Files/Raspberry_Pi/Pico_SDK_v1.5.1/pico-sdk/src/rp2_common/hardware_uart/uart.c.obj
 .comment       0x00000049       0x4a pio/hub75/CMakeFiles/pio_hub75.dir/C_/Program_Files/Raspberry_Pi/Pico_SDK_v1.5.1/pico-sdk/src/rp2_common/hardware_clocks/clocks.c.obj
 .comment       0x00000049       0x4a pio/hub75/CMakeFiles/pio_hub75.dir/C_/Program_Files/Raspberry_Pi/Pico_SDK_v1.5.1/pico-sdk/src/rp2_common/hardware_pll/pll.c.obj
 .comment       0x00000049       0x4a pio/hub75/CMakeFiles/pio_hub75.dir/C_/Program_Files/Raspberry_Pi/Pico_SDK_v1.5.1/pico-sdk/src/rp2_common/hardware_watchdog/watchdog.c.obj
 .comment       0x00000049       0x4a pio/hub75/CMakeFiles/pio_hub75.dir/C_/Program_Files/Raspberry_Pi/Pico_SDK_v1.5.1/pico-sdk/src/rp2_common/hardware_xosc/xosc.c.obj
 .comment       0x00000049       0x4a pio/hub75/CMakeFiles/pio_hub75.dir/C_/Program_Files/Raspberry_Pi/Pico_SDK_v1.5.1/pico-sdk/src/rp2_common/pico_runtime/runtime.c.obj
 .comment       0x00000049       0x4a pio/hub75/CMakeFiles/pio_hub75.dir/C_/Program_Files/Raspberry_Pi/Pico_SDK_v1.5.1/pico-sdk/src/rp2_common/pico_printf/printf.c.obj
 .comment       0x00000049       0x4a pio/hub75/CMakeFiles/pio_hub75.dir/C_/Program_Files/Raspberry_Pi/Pico_SDK_v1.5.1/pico-sdk/src/rp2_common/pico_bootrom/bootrom.c.obj
 .comment       0x00000049       0x4a pio/hub75/CMakeFiles/pio_hub75.dir/C_/Program_Files/Raspberry_Pi/Pico_SDK_v1.5.1/pico-sdk/src/rp2_common/pico_double/double_init_rom.c.obj
 .comment       0x00000049       0x4a pio/hub75/CMakeFiles/pio_hub75.dir/C_/Program_Files/Raspberry_Pi/Pico_SDK_v1.5.1/pico-sdk/src/rp2_common/pico_float/float_init_rom.c.obj
 .comment       0x00000049       0x4a pio/hub75/CMakeFiles/pio_hub75.dir/C_/Program_Files/Raspberry_Pi/Pico_SDK_v1.5.1/pico-sdk/src/rp2_common/pico_standard_link/binary_info.c.obj
 .comment       0x00000049       0x4a pio/hub75/CMakeFiles/pio_hub75.dir/C_/Program_Files/Raspberry_Pi/Pico_SDK_v1.5.1/pico-sdk/src/rp2_common/pico_stdio/stdio.c.obj
 .comment       0x00000049       0x4a pio/hub75/CMakeFiles/pio_hub75.dir/C_/Program_Files/Raspberry_Pi/Pico_SDK_v1.5.1/pico-sdk/src/rp2_common/pico_stdio_uart/stdio_uart.c.obj
 .comment       0x00000049       0x4a pio/hub75/CMakeFiles/pio_hub75.dir/C_/Program_Files/Raspberry_Pi/Pico_SDK_v1.5.1/pico-sdk/src/rp2_common/hardware_pio/pio.c.obj

.debug_info     0x00000000    0x194b4
 .debug_info    0x00000000     0x1cc7 pio/hub75/CMakeFiles/pio_hub75.dir/hub75.c.obj
 .debug_info    0x00001cc7     0x187e pio/hub75/CMakeFiles/pio_hub75.dir/C_/Program_Files/Raspberry_Pi/Pico_SDK_v1.5.1/pico-sdk/src/rp2_common/hardware_gpio/gpio.c.obj
 .debug_info    0x00003545      0x1e3 pio/hub75/CMakeFiles/pio_hub75.dir/C_/Program_Files/Raspberry_Pi/Pico_SDK_v1.5.1/pico-sdk/src/rp2_common/pico_platform/platform.c.obj
 .debug_info    0x00003728      0x6be pio/hub75/CMakeFiles/pio_hub75.dir/C_/Program_Files/Raspberry_Pi/Pico_SDK_v1.5.1/pico-sdk/src/rp2_common/hardware_claim/claim.c.obj
 .debug_info    0x00003de6      0x58e pio/hub75/CMakeFiles/pio_hub75.dir/C_/Program_Files/Raspberry_Pi/Pico_SDK_v1.5.1/pico-sdk/src/rp2_common/hardware_sync/sync.c.obj
 .debug_info    0x00004374     0x1c9e pio/hub75/CMakeFiles/pio_hub75.dir/C_/Program_Files/Raspberry_Pi/Pico_SDK_v1.5.1/pico-sdk/src/rp2_common/hardware_irq/irq.c.obj
 .debug_info    0x00006012      0x1a4 pio/hub75/CMakeFiles/pio_hub75.dir/C_/Program_Files/Raspberry_Pi/Pico_SDK_v1.5.1/pico-sdk/src/common/pico_sync/lock_core.c.obj
 .debug_info    0x000061b6     0x20d5 pio/hub75/CMakeFiles/pio_hub75.dir/C_/Program_Files/Raspberry_Pi/Pico_SDK_v1.5.1/pico-sdk/src/common/pico_sync/mutex.c.obj
 .debug_info    0x0000828b     0x4068 pio/hub75/CMakeFiles/pio_hub75.dir/C_/Program_Files/Raspberry_Pi/Pico_SDK_v1.5.1/pico-sdk/src/common/pico_time/time.c.obj
 .debug_info    0x0000c2f3     0x13f0 pio/hub75/CMakeFiles/pio_hub75.dir/C_/Program_Files/Raspberry_Pi/Pico_SDK_v1.5.1/pico-sdk/src/rp2_common/hardware_timer/timer.c.obj
 .debug_info    0x0000d6e3     0x123b pio/hub75/CMakeFiles/pio_hub75.dir/C_/Program_Files/Raspberry_Pi/Pico_SDK_v1.5.1/pico-sdk/src/common/pico_util/pheap.c.obj
 .debug_info    0x0000e91e      0xdd2 pio/hub75/CMakeFiles/pio_hub75.dir/C_/Program_Files/Raspberry_Pi/Pico_SDK_v1.5.1/pico-sdk/src/rp2_common/hardware_uart/uart.c.obj
 .debug_info    0x0000f6f0      0xfcf pio/hub75/CMakeFiles/pio_hub75.dir/C_/Program_Files/Raspberry_Pi/Pico_SDK_v1.5.1/pico-sdk/src/rp2_common/hardware_clocks/clocks.c.obj
 .debug_info    0x000106bf      0x51b pio/hub75/CMakeFiles/pio_hub75.dir/C_/Program_Files/Raspberry_Pi/Pico_SDK_v1.5.1/pico-sdk/src/rp2_common/hardware_pll/pll.c.obj
 .debug_info    0x00010bda      0x4ee pio/hub75/CMakeFiles/pio_hub75.dir/C_/Program_Files/Raspberry_Pi/Pico_SDK_v1.5.1/pico-sdk/src/rp2_common/hardware_watchdog/watchdog.c.obj
 .debug_info    0x000110c8      0x1d8 pio/hub75/CMakeFiles/pio_hub75.dir/C_/Program_Files/Raspberry_Pi/Pico_SDK_v1.5.1/pico-sdk/src/rp2_common/hardware_xosc/xosc.c.obj
 .debug_info    0x000112a0     0x1053 pio/hub75/CMakeFiles/pio_hub75.dir/C_/Program_Files/Raspberry_Pi/Pico_SDK_v1.5.1/pico-sdk/src/rp2_common/pico_runtime/runtime.c.obj