Archive member included to satisfy reference by file (symbol)

c:/progra~1/raspbe~1/picosd~1.1/gcc-ar~1/bin/../lib/gcc/arm-none-eabi/10.3.1/thumb/v6-m/nofp\libgcc.a(_dvmd_tls.o)
                              pio/uart_rx/CMakeFiles/pio_uart_rx.dir/C_/Program_Files/Raspberry_Pi/Pico_SDK_v1.5.1/pico-sdk/src/rp2_common/pico_divider/divider.S.obj (__aeabi_idiv0)
c:/progra~1/raspbe~1/picosd~1.1/gcc-ar~1/bin/../lib/gcc/arm-none-eabi/10.3.1/../../../../arm-none-eabi/lib/thumb/v6-m/nofp\libg.a(lib_a-calloc.o)
                              pio/uart_rx/CMakeFiles/pio_uart_rx.dir/C_/Program_Files/Raspberry_Pi/Pico_SDK_v1.5.1/pico-sdk/src/rp2_common/pico_malloc/pico_malloc.c.obj (calloc)
c:/progra~1/raspbe~1/picosd~1.1/gcc-ar~1/bin/../lib/gcc/arm-none-eabi/10.3.1/../../../../arm-none-eabi/lib/thumb/v6-m/nofp\libg.a(lib_a-callocr.o)
                              c:/progra~1/raspbe~1/picosd~1.1/gcc-ar~1/bin/../lib/gcc/arm-none-eabi/10.3.1/../../../../arm-none-eabi/lib/thumb/v6-m/nofp\libg.a(lib_a-calloc.o) (_calloc_r)
c:/progra~1/raspbe~1/picosd~1.1/gcc-ar~1/bin/../lib/gcc/arm-none-eabi/10.3.1/../../../../arm-none-eabi/lib/thumb/v6-m/nofp\libg.a(lib_a-errno.o)
                              c:/progra~1/raspbe~1/picosd~1.1/gcc-ar~1/bin/../lib/gcc/arm-none-eabi/10.3.1/../../../../arm-none-eabi/lib/thumb/v6-m/nofp\libg.a(lib_a-callocr.o) (__errno)
c:/progra~1/raspbe~1/picosd~1.1/gcc-ar~1/bin/../lib/gcc/arm-none-eabi/10.3.1/../../../../arm-none-eabi/lib/thumb/v6-m/nofp\libg.a(lib_a-impure.o)
                              c:/progra~1/raspbe~1/picosd~1.1/gcc-ar~1/bin/../lib/gcc/arm-none-eabi/10.3.1/../../../../arm-none-eabi/lib/thumb/v6-m/nofp\libg.a(lib_a-calloc.o) (_impure_ptr)
c:/progra~1/raspbe~1/picosd~1.1/gcc-ar~1/bin/../lib/gcc/arm-none-eabi/10.3.1/../../../../arm-none-eabi/lib/thumb/v6-m/nofp\libg.a(lib_a-init.o)
                              c:/progra~1/raspbe~1/picosd~1.1/gcc-ar~1/bin/../lib/gcc/arm-none-eabi/10.3.1/../../../../arm-none-eabi/lib/thumb/v6-m/nofp/crt0.o (__libc_init_array)
c:/progra~1/raspbe~1/picosd~1.1/gcc-ar~1/bin/../lib/gcc/arm-none-eabi/10.3.1/../../../../arm-none-eabi/lib/thumb/v6-m/nofp\libg.a(lib_a-malloc.o)
                              pio/uart_rx/CMakeFiles/pio_uart_rx.dir/C_/Program_Files/Raspberry_Pi/Pico_SDK_v1.5.1/pico-sdk/src/rp2_common/pico_malloc/pico_malloc.c.obj (malloc)
c:/progra~1/raspbe~1/picosd~1.1/gcc-ar~1/bin/../lib/gcc/arm-none-eabi/10.3.1/../../../../arm-none-eabi/lib/thumb/v6-m/nofp\libg.a(lib_a-mallocr.o)
                              c:/progra~1/raspbe~1/picosd~1.1/gcc-ar~1/bin/../lib/gcc/arm-none-eabi/10.3.1/../../../../arm-none-eabi/lib/thumb/v6-m/nofp\libg.a(lib_a-callocr.o) (_malloc_r)
c:/progra~1/raspbe~1/picosd~1.1/gcc-ar~1/bin/../lib/gcc/arm-none-eabi/10.3.1/../../../../arm-none-eabi/lib/thumb/v6-m/nofp\libg.a(lib_a-mlock.o)
                              c:/progra~1/raspbe~1/picosd~1.1/gcc-ar~1/bin/../lib/gcc/arm-none-eabi/10.3.1/../../../../arm-none-eabi/lib/thumb/v6-m/nofp\libg.a(lib_a-mallocr.o) (__malloc_lock)
c:/progra~1/raspbe~1/picosd~1.1/gcc-ar~1/bin/../lib/gcc/arm-none-eabi/10.3.1/../../../../arm-none-eabi/lib/thumb/v6-m/nofp\libg.a(lib_a-realloc.o)
                              pio/uart_rx/CMakeFiles/pio_uart_rx.dir/C_/Program_Files/Raspberry_Pi/Pico_SDK_v1.5.1/pico-sdk/src/rp2_common/pico_malloc/pico_malloc.c.obj (realloc)
c:/progra~1/raspbe~1/picosd~1.1/gcc-ar~1/bin/../lib/gcc/arm-none-eabi/10.3.1/../../../../arm-none-eabi/lib/thumb/v6-m/nofp\libg.a(lib_a-reallocr.o)
                              c:/progra~1/raspbe~1/picosd~1.1/gcc-ar~1/bin/../lib/gcc/arm-none-eabi/10.3.1/../../../../arm-none-eabi/lib/thumb/v6-m/nofp\libg.a(lib_a-realloc.o) (_realloc_r)
c:/progra~1/raspbe~1/picosd~1.1/gcc-ar~1/bin/../lib/gcc/arm-none-eabi/10.3.1/../../../../arm-none-eabi/lib/thumb/v6-m/nofp\libg.a(lib_a-sbrkr.o)
                              c:/progra~1/raspbe~1/picosd~1.1/gcc-ar~1/bin/../lib/gcc/arm-none-eabi/10.3.1/../../../../arm-none-eabi/lib/thumb/v6-m/nofp\libg.a(lib_a-mallocr.o) (_sbrk_r)
c:/progra~1/raspbe~1/picosd~1.1/gcc-ar~1/bin/../lib/gcc/arm-none-eabi/10.3.1/../../../../arm-none-eabi/lib/thumb/v6-m/nofp\libg.a(lib_a-strlen-stub.o)
                              pio/uart_rx/CMakeFiles/pio_uart_rx.dir/C_/Program_Files/Raspberry_Pi/Pico_SDK_v1.5.1/pico-sdk/src/rp2_common/pico_stdio/stdio.c.obj (strlen)
c:/progra~1/raspbe~1/picosd~1.1/gcc-ar~1/bin/../lib/gcc/arm-none-eabi/10.3.1/../../../../arm-none-eabi/lib/thumb/v6-m/nofp\libg.a(lib_a-freer.o)
                              c:/progra~1/raspbe~1/picosd~1.1/gcc-ar~1/bin/../lib/gcc/arm-none-eabi/10.3.1/../../../../arm-none-eabi/lib/thumb/v6-m/nofp\libg.a(lib_a-malloc.o) (_free_r)
c:/progra~1/raspbe~1/picosd~1.1/gcc-ar~1/bin/../lib/gcc/arm-none-eabi/10.3.1/../../../../arm-none-eabi/lib/thumb/v6-m/nofp\libg.a(lib_a-lock.o)
[...]
Memory Configuration

Name             Origin             Length             Attributes
FLASH            0x10000000         0x00200000         xr
RAM              0x20000000         0x00040000         xrw
SCRATCH_X        0x20040000         0x00001000         xrw
SCRATCH_Y        0x20041000         0x00001000         xrw
*default*        0x00000000         0xffffffff

Linker script and memory map

LOAD c:/progra~1/raspbe~1/picosd~1.1/gcc-ar~1/bin/../lib/gcc/arm-none-eabi/10.3.1/thumb/v6-m/nofp/crti.o
LOAD c:/progra~1/raspbe~1/picosd~1.1/gcc-ar~1/bin/../lib/gcc/arm-none-eabi/10.3.1/thumb/v6-m/nofp/crtbegin.o
LOAD c:/progra~1/raspbe~1/picosd~1.1/gcc-ar~1/bin/../lib/gcc/arm-none-eabi/10.3.1/../../../../arm-none-eabi/lib/thumb/v6-m/nofp/crt0.o

.flash_begin    0x10000000        0x0
                0x10000000                __flash_binary_start = .

.boot2          0x10000000      0x100
                0x10000000                __boot2_start__ = .
 *(.boot2)
 .boot2         0x10000000      0x100 C:\Users\thisi\AppData\Local\Temp\ccCvqWWi.o
                0x10000100                __boot2_end__ = .
                0x00000001                ASSERT (((__boot2_end__ - __boot2_start__) == 0x100), ERROR: Pico second stage bootloader must be 256 bytes in size)

.text           0x10000100     0x4588
                0x10000100                __logical_binary_start = .
 *(.vectors)
 .vectors       0x10000100       0xd4 pio/uart_rx/CMakeFiles/pio_uart_rx.dir/C_/Program_Files/Raspberry_Pi/Pico_SDK_v1.5.1/pico-sdk/src/rp2_common/pico_standard_link/crt0.S.obj
                0x10000100                __VECTOR_TABLE
                0x10000100                __vectors
                0x100001c0                isr_invalid
                0x100001c0                __default_isrs_start
                0x100001c2                isr_nmi
                0x100001c4                isr_hardfault
                0x100001c6                isr_svcall
                0x100001c8                isr_pendsv
                0x100001ca                isr_systick
                0x100001cc                isr_irq23
                0x100001cc                isr_irq18
                0x100001cc                isr_irq11
                0x100001cc                isr_irq28
                0x100001cc                isr_irq19
                0x100001cc                isr_irq0
                0x100001cc                isr_irq6
                0x100001cc                isr_irq5
                0x100001cc                isr_irq12
                0x100001cc                isr_irq22
                0x100001cc                isr_irq31
                0x100001cc                isr_irq17
                0x100001cc                isr_irq27
                0x100001cc                isr_irq30
                0x100001cc                isr_irq2
                0x100001cc                isr_irq10
                0x100001cc                isr_irq8
                0x100001cc                isr_irq24
                0x100001cc                isr_irq1
                0x100001cc                isr_irq7
                0x100001cc                isr_irq21
                0x100001cc                isr_irq20
                0x100001cc                isr_irq15
                0x100001cc                isr_irq25
                0x100001cc                isr_irq13
                0x100001cc                __unhandled_user_irq
                0x100001cc                isr_irq4
                0x100001cc                isr_irq16
                0x100001cc                isr_irq29
                0x100001cc                isr_irq26
                0x100001cc                __default_isrs_end
                0x100001cc                isr_irq3
                0x100001cc                isr_irq14
                0x100001cc                isr_irq9
                0x100001d2                unhandled_user_irq_num_in_r0
 *(.binary_info_header)
 .binary_info_header
                0x100001d4       0x14 pio/uart_rx/CMakeFiles/pio_uart_rx.dir/C_/Program_Files/Raspberry_Pi/Pico_SDK_v1.5.1/pico-sdk/src/rp2_common/pico_standard_link/crt0.S.obj
                0x100001e8                __binary_info_header_end = .
 *(.reset)
 .reset         0x100001e8       0xa0 pio/uart_rx/CMakeFiles/pio_uart_rx.dir/C_/Program_Files/Raspberry_Pi/Pico_SDK_v1.5.1/pico-sdk/src/rp2_common/pico_standard_link/crt0.S.obj
                0x100001e8                _entry_point
 .reset         0x10000288       0x30 pio/uart_rx/CMakeFiles/pio_uart_rx.dir/C_/Program_Files/Raspberry_Pi/Pico_SDK_v1.5.1/pico-sdk/src/rp2_common/pico_standard_link/binary_info.c.obj
 *(.init)
 .init          0x100002b8        0x4 c:/progra~1/raspbe~1/picosd~1.1/gcc-ar~1/bin/../lib/gcc/arm-none-eabi/10.3.1/thumb/v6-m/nofp/crti.o
                0x100002b8                _init
 *(EXCLUDE_FILE(*libm.a: *libc.a:*lib_a-mem*.o *libgcc.a:) .text*)
 .text          0x100002bc       0x48 c:/progra~1/raspbe~1/picosd~1.1/gcc-ar~1/bin/../lib/gcc/arm-none-eabi/10.3.1/thumb/v6-m/nofp/crtbegin.o
 .text.core1_main
                0x10000304       0x9c pio/uart_rx/CMakeFiles/pio_uart_rx.dir/uart_rx.c.obj
                0x10000304                core1_main
 .text.uart_rx_program_init
                0x100003a0      0x148 pio/uart_rx/CMakeFiles/pio_uart_rx.dir/uart_rx.c.obj
 .text.main     0x100004e8       0x74 pio/uart_rx/CMakeFiles/pio_uart_rx.dir/uart_rx.c.obj
                0x100004e8                main
 .text.setup_default_uart
                0x1000055c        0x8 pio/uart_rx/CMakeFiles/pio_uart_rx.dir/C_/Program_Files/Raspberry_Pi/Pico_SDK_v1.5.1/pico-sdk/src/rp2_common/pico_stdlib/stdlib.c.obj
                0x1000055c                setup_default_uart
 .text.gpio_set_function
                0x10000564       0x30 pio/uart_rx/CMakeFiles/pio_uart_rx.dir/C_/Program_Files/Raspberry_Pi/Pico_SDK_v1.5.1/pico-sdk/src/rp2_common/hardware_gpio/gpio.c.obj
                0x10000564                gpio_set_function
 .text.gpio_set_pulls
                0x10000594       0x34 pio/uart_rx/CMakeFiles/pio_uart_rx.dir/C_/Program_Files/Raspberry_Pi/Pico_SDK_v1.5.1/pico-sdk/src/rp2_common/hardware_gpio/gpio.c.obj
                0x10000594                gpio_set_pulls
 .text.running_on_fpga
                0x100005c8       0x14 pio/uart_rx/CMakeFiles/pio_uart_rx.dir/C_/Program_Files/Raspberry_Pi/Pico_SDK_v1.5.1/pico-sdk/src/rp2_common/pico_platform/platform.c.obj
                0x100005c8                running_on_fpga
 .text.hw_claim_lock
                0x100005dc       0x18 pio/uart_rx/CMakeFiles/pio_uart_rx.dir/C_/Program_Files/Raspberry_Pi/Pico_SDK_v1.5.1/pico-sdk/src/rp2_common/hardware_claim/claim.c.obj
                0x100005dc                hw_claim_lock
 .text.hw_claim_unlock
                0x100005f4       0x14 pio/uart_rx/CMakeFiles/pio_uart_rx.dir/C_/Program_Files/Raspberry_Pi/Pico_SDK_v1.5.1/pico-sdk/src/rp2_common/hardware_claim/claim.c.obj
                0x100005f4                hw_claim_unlock
 .text.hw_claim_or_assert
                0x10000608       0x32 pio/uart_rx/CMakeFiles/pio_uart_rx.dir/C_/Program_Files/Raspberry_Pi/Pico_SDK_v1.5.1/pico-sdk/src/rp2_common/hardware_claim/claim.c.obj
                0x10000608                hw_claim_or_assert
 *fill*         0x1000063a        0x2 
 .text.spin_locks_reset
                0x1000063c       0x20 pio/uart_rx/CMakeFiles/pio_uart_rx.dir/C_/Program_Files/Raspberry_Pi/Pico_SDK_v1.5.1/pico-sdk/src/rp2_common/hardware_sync/sync.c.obj
                0x1000063c                spin_locks_reset
 .text.next_striped_spin_lock_num
                0x1000065c       0x1c pio/uart_rx/CMakeFiles/pio_uart_rx.dir/C_/Program_Files/Raspberry_Pi/Pico_SDK_v1.5.1/pico-sdk/src/rp2_common/hardware_sync/sync.c.obj
                0x1000065c                next_striped_spin_lock_num
 .text.set_raw_irq_handler_and_unlock
                0x10000678       0x28 pio/uart_rx/CMakeFiles/pio_uart_rx.dir/C_/Program_Files/Raspberry_Pi/Pico_SDK_v1.5.1/pico-sdk/src/rp2_common/hardware_irq/irq.c.obj
 .text.make_branch
                0x100006a0       0x48 pio/uart_rx/CMakeFiles/pio_uart_rx.dir/C_/Program_Files/Raspberry_Pi/Pico_SDK_v1.5.1/pico-sdk/src/rp2_common/hardware_irq/irq.c.obj
 .text.insert_branch_and_link
                0x100006e8       0x40 pio/uart_rx/CMakeFiles/pio_uart_rx.dir/C_/Program_Files/Raspberry_Pi/Pico_SDK_v1.5.1/pico-sdk/src/rp2_common/hardware_irq/irq.c.obj
 .text.irq_is_enabled
                0x10000728       0x18 pio/uart_rx/CMakeFiles/pio_uart_rx.dir/C_/Program_Files/Raspberry_Pi/Pico_SDK_v1.5.1/pico-sdk/src/rp2_common/hardware_irq/irq.c.obj
                0x10000728                irq_is_enabled
 .text.irq_set_mask_enabled
                0x10000740       0x20 pio/uart_rx/CMakeFiles/pio_uart_rx.dir/C_/Program_Files/Raspberry_Pi/Pico_SDK_v1.5.1/pico-sdk/src/rp2_common/hardware_irq/irq.c.obj
                0x10000740                irq_set_mask_enabled
 .text.irq_set_enabled
                0x10000760        0xe pio/uart_rx/CMakeFiles/pio_uart_rx.dir/C_/Program_Files/Raspberry_Pi/Pico_SDK_v1.5.1/pico-sdk/src/rp2_common/hardware_irq/irq.c.obj
                0x10000760                irq_set_enabled
 *fill*         0x1000076e        0x2 
 .text.irq_get_vtable_handler
                0x10000770       0x10 pio/uart_rx/CMakeFiles/pio_uart_rx.dir/C_/Program_Files/Raspberry_Pi/Pico_SDK_v1.5.1/pico-sdk/src/rp2_common/hardware_irq/irq.c.obj
                0x10000770                irq_get_vtable_handler
 .text.irq_set_exclusive_handler
                0x10000780       0x54 pio/uart_rx/CMakeFiles/pio_uart_rx.dir/C_/Program_Files/Raspberry_Pi/Pico_SDK_v1.5.1/pico-sdk/src/rp2_common/hardware_irq/irq.c.obj
                0x10000780                irq_set_exclusive_handler
 .text.irq_remove_handler
                0x100007d4      0x1ac pio/uart_rx/CMakeFiles/pio_uart_rx.dir/C_/Program_Files/Raspberry_Pi/Pico_SDK_v1.5.1/pico-sdk/src/rp2_common/hardware_irq/irq.c.obj
                0x100007d4                irq_remove_handler
 .text.irq_add_tail_to_free_list
                0x10000980       0xf0 pio/uart_rx/CMakeFiles/pio_uart_rx.dir/C_/Program_Files/Raspberry_Pi/Pico_SDK_v1.5.1/pico-sdk/src/rp2_common/hardware_irq/irq.c.obj
                0x10000980                irq_add_tail_to_free_list
 .text.irq_init_priorities
                0x10000a70       0x1c pio/uart_rx/CMakeFiles/pio_uart_rx.dir/C_/Program_Files/Raspberry_Pi/Pico_SDK_v1.5.1/pico-sdk/src/rp2_common/hardware_irq/irq.c.obj
                0x10000a70                irq_init_priorities
 .text.lock_init
                0x10000a8c       0x10 pio/uart_rx/CMakeFiles/pio_uart_rx.dir/C_/Program_Files/Raspberry_Pi/Pico_SDK_v1.5.1/pico-sdk/src/common/pico_sync/lock_core.c.obj
                0x10000a8c                lock_init
 .text.mutex_init
                0x10000a9c       0x1a pio/uart_rx/CMakeFiles/pio_uart_rx.dir/C_/Program_Files/Raspberry_Pi/Pico_SDK_v1.5.1/pico-sdk/src/common/pico_sync/mutex.c.obj
                0x10000a9c                mutex_init
 .text.recursive_mutex_init
                0x10000ab6       0x1e pio/uart_rx/CMakeFiles/pio_uart_rx.dir/C_/Program_Files/Raspberry_Pi/Pico_SDK_v1.5.1/pico-sdk/src/common/pico_sync/mutex.c.obj
                0x10000ab6                recursive_mutex_init
 .text.alarm_pool_post_alloc_init
                0x10000ad4       0x40 pio/uart_rx/CMakeFiles/pio_uart_rx.dir/C_/Program_Files/Raspberry_Pi/Pico_SDK_v1.5.1/pico-sdk/src/common/pico_time/time.c.obj
 .text.sleep_until_callback
                0x10000b14       0x30 pio/uart_rx/CMakeFiles/pio_uart_rx.dir/C_/Program_Files/Raspberry_Pi/Pico_SDK_v1.5.1/pico-sdk/src/common/pico_time/time.c.obj
 .text.timer_pool_entry_comparator
                0x10000b44       0x7c pio/uart_rx/CMakeFiles/pio_uart_rx.dir/C_/Program_Files/Raspberry_Pi/Pico_SDK_v1.5.1/pico-sdk/src/common/pico_time/time.c.obj
                0x10000b44                timer_pool_entry_comparator
 .text.ph_add_child_node
                0x10000bc0       0xa4 pio/uart_rx/CMakeFiles/pio_uart_rx.dir/C_/Program_Files/Raspberry_Pi/Pico_SDK_v1.5.1/pico-sdk/src/common/pico_time/time.c.obj
 .text.ph_merge_nodes
                0x10000c64       0x3e pio/uart_rx/CMakeFiles/pio_uart_rx.dir/C_/Program_Files/Raspberry_Pi/Pico_SDK_v1.5.1/pico-sdk/src/common/pico_time/time.c.obj
 *fill*         0x10000ca2        0x2 
 .text.add_alarm_under_lock
                0x10000ca4      0x174 pio/uart_rx/CMakeFiles/pio_uart_rx.dir/C_/Program_Files/Raspberry_Pi/Pico_SDK_v1.5.1/pico-sdk/src/common/pico_time/time.c.obj
 .text.alarm_pool_alarm_callback
                0x10000e18      0x33c pio/uart_rx/CMakeFiles/pio_uart_rx.dir/C_/Program_Files/Raspberry_Pi/Pico_SDK_v1.5.1/pico-sdk/src/common/pico_time/time.c.obj
 .text.alarm_pool_init_default
                0x10001154       0x40 pio/uart_rx/CMakeFiles/pio_uart_rx.dir/C_/Program_Files/Raspberry_Pi/Pico_SDK_v1.5.1/pico-sdk/src/common/pico_time/time.c.obj
                0x10001154                alarm_pool_init_default
 .text.alarm_pool_get_default
                0x10001194       0x2c pio/uart_rx/CMakeFiles/pio_uart_rx.dir/C_/Program_Files/Raspberry_Pi/Pico_SDK_v1.5.1/pico-sdk/src/common/pico_time/time.c.obj
                0x10001194                alarm_pool_get_default
 .text.alarm_pool_add_alarm_at
                0x100011c0      0x168 pio/uart_rx/CMakeFiles/pio_uart_rx.dir/C_/Program_Files/Raspberry_Pi/Pico_SDK_v1.5.1/pico-sdk/src/common/pico_time/time.c.obj
                0x100011c0                alarm_pool_add_alarm_at
 .text.alarm_pool_cancel_alarm
                0x10001328       0xf8 pio/uart_rx/CMakeFiles/pio_uart_rx.dir/C_/Program_Files/Raspberry_Pi/Pico_SDK_v1.5.1/pico-sdk/src/common/pico_time/time.c.obj
                0x10001328                alarm_pool_cancel_alarm
 .text.best_effort_wfe_or_timeout
                0x10001420       0xac pio/uart_rx/CMakeFiles/pio_uart_rx.dir/C_/Program_Files/Raspberry_Pi/Pico_SDK_v1.5.1/pico-sdk/src/common/pico_time/time.c.obj
                0x10001420                best_effort_wfe_or_timeout
 .text.hardware_alarm_irq_handler
                0x100014cc       0x90 pio/uart_rx/CMakeFiles/pio_uart_rx.dir/C_/Program_Files/Raspberry_Pi/Pico_SDK_v1.5.1/pico-sdk/src/rp2_common/hardware_timer/timer.c.obj
 .text.hardware_alarm_claim
                0x1000155c       0x18 pio/uart_rx/CMakeFiles/pio_uart_rx.dir/C_/Program_Files/Raspberry_Pi/Pico_SDK_v1.5.1/pico-sdk/src/rp2_common/hardware_timer/timer.c.obj
                0x1000155c                hardware_alarm_claim
 .text.time_us_64
                0x10001574       0x18 pio/uart_rx/CMakeFiles/pio_uart_rx.dir/C_/Program_Files/Raspberry_Pi/Pico_SDK_v1.5.1/pico-sdk/src/rp2_common/hardware_timer/timer.c.obj
                0x10001574                time_us_64
 .text.busy_wait_until
                0x1000158c       0x28 pio/uart_rx/CMakeFiles/pio_uart_rx.dir/C_/Program_Files/Raspberry_Pi/Pico_SDK_v1.5.1/pico-sdk/src/rp2_common/hardware_timer/timer.c.obj
                0x1000158c                busy_wait_until
 .text.busy_wait_us
                0x100015b4       0x48 pio/uart_rx/CMakeFiles/pio_uart_rx.dir/C_/Program_Files/Raspberry_Pi/Pico_SDK_v1.5.1/pico-sdk/src/rp2_common/hardware_timer/timer.c.obj
                0x100015b4                busy_wait_us
 .text.hardware_alarm_set_callback
                0x100015fc       0x90 pio/uart_rx/CMakeFiles/pio_uart_rx.dir/C_/Program_Files/Raspberry_Pi/Pico_SDK_v1.5.1/pico-sdk/src/rp2_common/hardware_timer/timer.c.obj
                0x100015fc                hardware_alarm_set_callback
 .text.hardware_alarm_set_target
                0x1000168c       0xe8 pio/uart_rx/CMakeFiles/pio_uart_rx.dir/C_/Program_Files/Raspberry_Pi/Pico_SDK_v1.5.1/pico-sdk/src/rp2_common/hardware_timer/timer.c.obj
                0x1000168c                hardware_alarm_set_target
 .text.hardware_alarm_cancel
                0x10001774       0x40 pio/uart_rx/CMakeFiles/pio_uart_rx.dir/C_/Program_Files/Raspberry_Pi/Pico_SDK_v1.5.1/pico-sdk/src/rp2_common/hardware_timer/timer.c.obj
                0x10001774                hardware_alarm_cancel
 .text.ph_add_child_node
                0x100017b4       0xa4 pio/uart_rx/CMakeFiles/pio_uart_rx.dir/C_/Program_Files/Raspberry_Pi/Pico_SDK_v1.5.1/pico-sdk/src/common/pico_util/pheap.c.obj
 .text.ph_merge_nodes
                0x10001858       0x3e pio/uart_rx/CMakeFiles/pio_uart_rx.dir/C_/Program_Files/Raspberry_Pi/Pico_SDK_v1.5.1/pico-sdk/src/common/pico_util/pheap.c.obj
 *fill*         0x10001896        0x2 
 .text.ph_clear
                0x10001898       0x70 pio/uart_rx/CMakeFiles/pio_uart_rx.dir/C_/Program_Files/Raspberry_Pi/Pico_SDK_v1.5.1/pico-sdk/src/common/pico_util/pheap.c.obj
                0x10001898                ph_clear
 .text.ph_post_alloc_init
                0x10001908        0xe pio/uart_rx/CMakeFiles/pio_uart_rx.dir/C_/Program_Files/Raspberry_Pi/Pico_SDK_v1.5.1/pico-sdk/src/common/pico_util/pheap.c.obj
                0x10001908                ph_post_alloc_init
 *fill*         0x10001916        0x2 
 .text.ph_merge_two_pass
                0x10001918       0xa8 pio/uart_rx/CMakeFiles/pio_uart_rx.dir/C_/Program_Files/Raspberry_Pi/Pico_SDK_v1.5.1/pico-sdk/src/common/pico_util/pheap.c.obj
                0x10001918                ph_merge_two_pass
 .text.ph_remove_any_head
                0x100019c0      0x128 pio/uart_rx/CMakeFiles/pio_uart_rx.dir/C_/Program_Files/Raspberry_Pi/Pico_SDK_v1.5.1/pico-sdk/src/common/pico_util/pheap.c.obj
 .text.ph_remove_head
                0x10001ae8       0x14 pio/uart_rx/CMakeFiles/pio_uart_rx.dir/C_/Program_Files/Raspberry_Pi/Pico_SDK_v1.5.1/pico-sdk/src/common/pico_util/pheap.c.obj
                0x10001ae8                ph_remove_head
 .text.ph_remove_and_free_node
                0x10001afc       0xf8 pio/uart_rx/CMakeFiles/pio_uart_rx.dir/C_/Program_Files/Raspberry_Pi/Pico_SDK_v1.5.1/pico-sdk/src/common/pico_util/pheap.c.obj
                0x10001afc                ph_remove_and_free_node
 .text.uart_disable_before_lcr_write
                0x10001bf4       0x48 pio/uart_rx/CMakeFiles/pio_uart_rx.dir/C_/Program_Files/Raspberry_Pi/Pico_SDK_v1.5.1/pico-sdk/src/rp2_common/hardware_uart/uart.c.obj
 .text.uart_write_lcr_bits_masked
                0x10001c3c       0x22 pio/uart_rx/CMakeFiles/pio_uart_rx.dir/C_/Program_Files/Raspberry_Pi/Pico_SDK_v1.5.1/pico-sdk/src/rp2_common/hardware_uart/uart.c.obj
 *fill*         0x10001c5e        0x2 
 .text.uart_set_baudrate
                0x10001c60       0x5c pio/uart_rx/CMakeFiles/pio_uart_rx.dir/C_/Program_Files/Raspberry_Pi/Pico_SDK_v1.5.1/pico-sdk/src/rp2_common/hardware_uart/uart.c.obj
                0x10001c60                uart_set_baudrate
 .text.uart_set_format
                0x10001cbc       0x2c pio/uart_rx/CMakeFiles/pio_uart_rx.dir/C_/Program_Files/Raspberry_Pi/Pico_SDK_v1.5.1/pico-sdk/src/rp2_common/hardware_uart/uart.c.obj
                0x10001cbc                uart_set_format
 .text.uart_set_translate_crlf
                0x10001ce8       0x28 pio/uart_rx/CMakeFiles/pio_uart_rx.dir/C_/Program_Files/Raspberry_Pi/Pico_SDK_v1.5.1/pico-sdk/src/rp2_common/hardware_uart/uart.c.obj
                0x10001ce8                uart_set_translate_crlf
 .text.uart_init
                0x10001d10       0x80 pio/uart_rx/CMakeFiles/pio_uart_rx.dir/C_/Program_Files/Raspberry_Pi/Pico_SDK_v1.5.1/pico-sdk/src/rp2_common/hardware_uart/uart.c.obj
                0x10001d10                uart_init
 .text.clock_configure
                0x10001d90      0x108 pio/uart_rx/CMakeFiles/pio_uart_rx.dir/C_/Program_Files/Raspberry_Pi/Pico_SDK_v1.5.1/pico-sdk/src/rp2_common/hardware_clocks/clocks.c.obj
                0x10001d90                clock_configure
 .text.clocks_init
                0x10001e98      0x100 pio/uart_rx/CMakeFiles/pio_uart_rx.dir/C_/Program_Files/Raspberry_Pi/Pico_SDK_v1.5.1/pico-sdk/src/rp2_common/hardware_clocks/clocks.c.obj
                0x10001e98                clocks_init
 .text.clock_get_hz
                0x10001f98        0xc pio/uart_rx/CMakeFiles/pio_uart_rx.dir/C_/Program_Files/Raspberry_Pi/Pico_SDK_v1.5.1/pico-sdk/src/rp2_common/hardware_clocks/clocks.c.obj
                0x10001f98                clock_get_hz
 .text.pll_init
                0x10001fa4      0x120 pio/uart_rx/CMakeFiles/pio_uart_rx.dir/C_/Program_Files/Raspberry_Pi/Pico_SDK_v1.5.1/pico-sdk/src/rp2_common/hardware_pll/pll.c.obj
                0x10001fa4                pll_init
 .text.watchdog_start_tick
                0x100020c4       0x10 pio/uart_rx/CMakeFiles/pio_uart_rx.dir/C_/Program_Files/Raspberry_Pi/Pico_SDK_v1.5.1/pico-sdk/src/rp2_common/hardware_watchdog/watchdog.c.obj
                0x100020c4                watchdog_start_tick
 .text.xosc_init
                0x100020d4       0x28 pio/uart_rx/CMakeFiles/pio_uart_rx.dir/C_/Program_Files/Raspberry_Pi/Pico_SDK_v1.5.1/pico-sdk/src/rp2_common/hardware_xosc/xosc.c.obj
                0x100020d4                xosc_init
 .text._exit    0x100020fc        0x4 pio/uart_rx/CMakeFiles/pio_uart_rx.dir/C_/Program_Files/Raspberry_Pi/Pico_SDK_v1.5.1/pico-sdk/src/rp2_common/pico_runtime/runtime.c.obj
                0x100020fc                _exit
 .text.exit     0x10002100        0x6 pio/uart_rx/CMakeFiles/pio_uart_rx.dir/C_/Program_Files/Raspberry_Pi/Pico_SDK_v1.5.1/pico-sdk/src/rp2_common/pico_runtime/runtime.c.obj
                0x10002100                exit
 *fill*         0x10002106        0x2 
 .text.__assert_func
                0x10002108       0x3c pio/uart_rx/CMakeFiles/pio_uart_rx.dir/C_/Program_Files/Raspberry_Pi/Pico_SDK_v1.5.1/pico-sdk/src/rp2_common/pico_runtime/runtime.c.obj
                0x10002108                __assert_func
 .text.runtime_init
                0x10002144       0xf8 pio/uart_rx/CMakeFiles/pio_uart_rx.dir/C_/Program_Files/Raspberry_Pi/Pico_SDK_v1.5.1/pico-sdk/src/rp2_common/pico_runtime/runtime.c.obj
                0x10002144                runtime_init
 .text.panic    0x1000223c       0x30 pio/uart_rx/CMakeFiles/pio_uart_rx.dir/C_/Program_Files/Raspberry_Pi/Pico_SDK_v1.5.1/pico-sdk/src/rp2_common/pico_runtime/runtime.c.obj
                0x1000223c                panic
 .text._out_null
                0x1000226c        0x2 pio/uart_rx/CMakeFiles/pio_uart_rx.dir/C_/Program_Files/Raspberry_Pi/Pico_SDK_v1.5.1/pico-sdk/src/rp2_common/pico_printf/printf.c.obj
 .text._out_fct
                0x1000226e        0xe pio/uart_rx/CMakeFiles/pio_uart_rx.dir/C_/Program_Files/Raspberry_Pi/Pico_SDK_v1.5.1/pico-sdk/src/rp2_common/pico_printf/printf.c.obj
 .text._atoi    0x1000227c       0x24 pio/uart_rx/CMakeFiles/pio_uart_rx.dir/C_/Program_Files/Raspberry_Pi/Pico_SDK_v1.5.1/pico-sdk/src/rp2_common/pico_printf/printf.c.obj
 .text._out_rev
                0x100022a0       0xae pio/uart_rx/CMakeFiles/pio_uart_rx.dir/C_/Program_Files/Raspberry_Pi/Pico_SDK_v1.5.1/pico-sdk/src/rp2_common/pico_printf/printf.c.obj
 .text._ntoa_format
                0x1000234e      0x112 pio/uart_rx/CMakeFiles/pio_uart_rx.dir/C_/Program_Files/Raspberry_Pi/Pico_SDK_v1.5.1/pico-sdk/src/rp2_common/pico_printf/printf.c.obj
 .text._ntoa_long
                0x10002460       0xbc pio/uart_rx/CMakeFiles/pio_uart_rx.dir/C_/Program_Files/Raspberry_Pi/Pico_SDK_v1.5.1/pico-sdk/src/rp2_common/pico_printf/printf.c.obj
 .text._ntoa_long_long
                0x1000251c       0xe2 pio/uart_rx/CMakeFiles/pio_uart_rx.dir/C_/Program_Files/Raspberry_Pi/Pico_SDK_v1.5.1/pico-sdk/src/rp2_common/pico_printf/printf.c.obj
 *fill*         0x100025fe        0x2 
 .text._etoa    0x10002600      0x414 pio/uart_rx/CMakeFiles/pio_uart_rx.dir/C_/Program_Files/Raspberry_Pi/Pico_SDK_v1.5.1/pico-sdk/src/rp2_common/pico_printf/printf.c.obj
 .text._ftoa    0x10002a14      0x354 pio/uart_rx/CMakeFiles/pio_uart_rx.dir/C_/Program_Files/Raspberry_Pi/Pico_SDK_v1.5.1/pico-sdk/src/rp2_common/pico_printf/printf.c.obj
 .text._vsnprintf
                0x10002d68      0x624 pio/uart_rx/CMakeFiles/pio_uart_rx.dir/C_/Program_Files/Raspberry_Pi/Pico_SDK_v1.5.1/pico-sdk/src/rp2_common/pico_printf/printf.c.obj
 .text.vfctprintf
                0x1000338c       0x20 pio/uart_rx/CMakeFiles/pio_uart_rx.dir/C_/Program_Files/Raspberry_Pi/Pico_SDK_v1.5.1/pico-sdk/src/rp2_common/pico_printf/printf.c.obj
                0x1000338c                vfctprintf
 .text          0x100033ac       0x10 pio/uart_rx/CMakeFiles/pio_uart_rx.dir/C_/Program_Files/Raspberry_Pi/Pico_SDK_v1.5.1/pico-sdk/src/rp2_common/pico_bit_ops/bit_ops_aeabi.S.obj
 .text.rom_func_lookup
                0x100033bc       0x10 pio/uart_rx/CMakeFiles/pio_uart_rx.dir/C_/Program_Files/Raspberry_Pi/Pico_SDK_v1.5.1/pico-sdk/src/rp2_common/pico_bootrom/bootrom.c.obj
                0x100033bc                rom_func_lookup
 .text.rom_data_lookup
                0x100033cc       0x10 pio/uart_rx/CMakeFiles/pio_uart_rx.dir/C_/Program_Files/Raspberry_Pi/Pico_SDK_v1.5.1/pico-sdk/src/rp2_common/pico_bootrom/bootrom.c.obj
                0x100033cc                rom_data_lookup
 .text.rom_funcs_lookup
                0x100033dc       0x36 pio/uart_rx/CMakeFiles/pio_uart_rx.dir/C_/Program_Files/Raspberry_Pi/Pico_SDK_v1.5.1/pico-sdk/src/rp2_common/pico_bootrom/bootrom.c.obj
                0x100033dc                rom_funcs_lookup
 *fill*         0x10003412        0x2 
 .text.__wrap___aeabi_idiv
                0x10003414       0x50 pio/uart_rx/CMakeFiles/pio_uart_rx.dir/C_/Program_Files/Raspberry_Pi/Pico_SDK_v1.5.1/pico-sdk/src/rp2_common/pico_divider/divider.S.obj
                0x10003414                __wrap___aeabi_idivmod
                0x10003414                divmod_s32s32
                0x10003414                div_s32s32
                0x10003414                __wrap___aeabi_idiv
                0x1000341c                divmod_s32s32_unsafe
                0x10003448                divmod_s32s32_savestate
 .text.__wrap___aeabi_uidiv
                0x10003464       0x4c pio/uart_rx/CMakeFiles/pio_uart_rx.dir/C_/Program_Files/Raspberry_Pi/Pico_SDK_v1.5.1/pico-sdk/src/rp2_common/pico_divider/divider.S.obj
                0x10003464                __wrap___aeabi_uidiv
                0x10003464                __wrap___aeabi_uidivmod
                0x10003464                div_u32u32
                0x10003464                divmod_u32u32
                0x1000346c                divmod_u32u32_unsafe
                0x10003494                divmod_u32u32_savestate
 .text.__wrap___aeabi_ldiv
                0x100034b0      0x424 pio/uart_rx/CMakeFiles/pio_uart_rx.dir/C_/Program_Files/Raspberry_Pi/Pico_SDK_v1.5.1/pico-sdk/src/rp2_common/pico_divider/divider.S.obj
                0x100034b0                div_s64s64
                0x100034b0                divmod_s64s64
                0x100034b0                __wrap___aeabi_ldivmod
                0x100034e0                divmod_u64u64
                0x100034e0                div_u64u64
                0x100034e0                __wrap___aeabi_uldivmod
                0x100034f0                divmod_u64u64_savestate
                0x10003510                divmod_s64s64_unsafe
                0x10003598                divmod_u64u64_unsafe
 .text.__wrap___aeabi_darithmetic
                0x100038d4       0x60 pio/uart_rx/CMakeFiles/pio_uart_rx.dir/C_/Program_Files/Raspberry_Pi/Pico_SDK_v1.5.1/pico-sdk/src/rp2_common/pico_double/double_aeabi.S.obj
                0x100038d4                __wrap___aeabi_drsub
                0x100038da                __wrap___aeabi_dsub
                0x100038e4                __wrap___aeabi_dadd
                0x100038ee                __wrap___aeabi_ddiv
                0x10003922                __wrap___aeabi_dmul
 .text.__wrap___aeabi_cdcmple
                0x10003934       0x6c pio/uart_rx/CMakeFiles/pio_uart_rx.dir/C_/Program_Files/Raspberry_Pi/Pico_SDK_v1.5.1/pico-sdk/src/rp2_common/pico_double/double_aeabi.S.obj
                0x10003934                __wrap___aeabi_cdrcmple
                0x10003944                __wrap___aeabi_cdcmpeq
                0x10003944                __wrap___aeabi_cdcmple
 .text.__wrap___aeabi_dcmplt
                0x100039a0        0xc pio/uart_rx/CMakeFiles/pio_uart_rx.dir/C_/Program_Files/Raspberry_Pi/Pico_SDK_v1.5.1/pico-sdk/src/rp2_common/pico_double/double_aeabi.S.obj
                0x100039a0                __wrap___aeabi_dcmplt
 .text.__wrap___aeabi_dcmple
                0x100039ac       0x10 pio/uart_rx/CMakeFiles/pio_uart_rx.dir/C_/Program_Files/Raspberry_Pi/Pico_SDK_v1.5.1/pico-sdk/src/rp2_common/pico_double/double_aeabi.S.obj
                0x100039ac                __wrap___aeabi_dcmple
 .text.__wrap___aeabi_dcmpge
                0x100039bc       0x10 pio/uart_rx/CMakeFiles/pio_uart_rx.dir/C_/Program_Files/Raspberry_Pi/Pico_SDK_v1.5.1/pico-sdk/src/rp2_common/pico_double/double_aeabi.S.obj
                0x100039bc                __wrap___aeabi_dcmpge
 .text.__wrap___aeabi_dcmpgt
                0x100039cc        0xa pio/uart_rx/CMakeFiles/pio_uart_rx.dir/C_/Program_Files/Raspberry_Pi/Pico_SDK_v1.5.1/pico-sdk/src/rp2_common/pico_double/double_aeabi.S.obj
                0x100039cc                __wrap___aeabi_dcmpgt
 .text.__wrap___aeabi_dcmpun
                0x100039d6       0x1c pio/uart_rx/CMakeFiles/pio_uart_rx.dir/C_/Program_Files/Raspberry_Pi/Pico_SDK_v1.5.1/pico-sdk/src/rp2_common/pico_double/double_aeabi.S.obj
                0x100039d6                __wrap___aeabi_dcmpun
 *fill*         0x100039f2        0x2 
 .text.__wrap___aeabi_i2d
                0x100039f4       0x38 pio/uart_rx/CMakeFiles/pio_uart_rx.dir/C_/Program_Files/Raspberry_Pi/Pico_SDK_v1.5.1/pico-sdk/src/rp2_common/pico_double/double_aeabi.S.obj
                0x100039f4                __wrap___aeabi_ui2d
                0x100039fc                __wrap___aeabi_i2d
 .text.__wrap___aeabi_d2iz
                0x10003a2c       0x48 pio/uart_rx/CMakeFiles/pio_uart_rx.dir/C_/Program_Files/Raspberry_Pi/Pico_SDK_v1.5.1/pico-sdk/src/rp2_common/pico_double/double_aeabi.S.obj
                0x10003a2c                double2int_z
                0x10003a2c                __wrap___aeabi_d2iz
 .text.__wrap___aeabi_d2uiz
                0x10003a74       0x10 pio/uart_rx/CMakeFiles/pio_uart_rx.dir/C_/Program_Files/Raspberry_Pi/Pico_SDK_v1.5.1/pico-sdk/src/rp2_common/pico_double/double_aeabi.S.obj
                0x10003a74                __wrap___aeabi_d2uiz
                0x10003a74                double2uint
 .text.missing_double_func_shim
                0x10003a84        0xc pio/uart_rx/CMakeFiles/pio_uart_rx.dir/C_/Program_Files/Raspberry_Pi/Pico_SDK_v1.5.1/pico-sdk/src/rp2_common/pico_double/double_init_rom.c.obj
 .text.__aeabi_double_init
                0x10003a90       0xcc pio/uart_rx/CMakeFiles/pio_uart_rx.dir/C_/Program_Files/Raspberry_Pi/Pico_SDK_v1.5.1/pico-sdk/src/rp2_common/pico_double/double_init_rom.c.obj
                0x10003a90                __aeabi_double_init
 .text.double_table_shim_on_use_helper
                0x10003b5c       0x34 pio/uart_rx/CMakeFiles/pio_uart_rx.dir/C_/Program_Files/Raspberry_Pi/Pico_SDK_v1.5.1/pico-sdk/src/rp2_common/pico_double/double_v1_rom_shim.S.obj
                0x10003b5c                double_table_shim_on_use_helper
 .text.__wrap___aeabi_farithmetic
                0x10003b90       0x48 pio/uart_rx/CMakeFiles/pio_uart_rx.dir/C_/Program_Files/Raspberry_Pi/Pico_SDK_v1.5.1/pico-sdk/src/rp2_common/pico_float/float_aeabi.S.obj
                0x10003b90                __wrap___aeabi_frsub
                0x10003b96                __wrap___aeabi_fsub
                0x10003b9c                __wrap___aeabi_fadd
                0x10003ba2                __wrap___aeabi_fdiv
                0x10003bca                __wrap___aeabi_fmul
 .text.__wrap___aeabi_ui2f
                0x10003bd8        0xa pio/uart_rx/CMakeFiles/pio_uart_rx.dir/C_/Program_Files/Raspberry_Pi/Pico_SDK_v1.5.1/pico-sdk/src/rp2_common/pico_float/float_aeabi.S.obj
                0x10003bd8                __wrap___aeabi_ui2f
 *fill*         0x10003be2        0x2 
 .text.__wrap___aeabi_i2f
                0x10003be4       0x44 pio/uart_rx/CMakeFiles/pio_uart_rx.dir/C_/Program_Files/Raspberry_Pi/Pico_SDK_v1.5.1/pico-sdk/src/rp2_common/pico_float/float_aeabi.S.obj
                0x10003be4                __wrap___aeabi_i2f
 .text.__wrap___aeabi_f2uiz
                0x10003c28        0xc pio/uart_rx/CMakeFiles/pio_uart_rx.dir/C_/Program_Files/Raspberry_Pi/Pico_SDK_v1.5.1/pico-sdk/src/rp2_common/pico_float/float_aeabi.S.obj
                0x10003c28                __wrap___aeabi_f2uiz
 .text.missing_float_func_shim
                0x10003c34        0xc pio/uart_rx/CMakeFiles/pio_uart_rx.dir/C_/Program_Files/Raspberry_Pi/Pico_SDK_v1.5.1/pico-sdk/src/rp2_common/pico_float/float_init_rom.c.obj
 .text.__aeabi_float_init
                0x10003c40       0x88 pio/uart_rx/CMakeFiles/pio_uart_rx.dir/C_/Program_Files/Raspberry_Pi/Pico_SDK_v1.5.1/pico-sdk/src/rp2_common/pico_float/float_init_rom.c.obj
                0x10003c40                __aeabi_float_init
 .text          0x10003cc8       0x10 pio/uart_rx/CMakeFiles/pio_uart_rx.dir/C_/Program_Files/Raspberry_Pi/Pico_SDK_v1.5.1/pico-sdk/src/rp2_common/pico_mem_ops/mem_ops_aeabi.S.obj
                0x10003cc8                __aeabi_mem_init
 .text.memset   0x10003cd8        0xc pio/uart_rx/CMakeFiles/pio_uart_rx.dir/C_/Program_Files/Raspberry_Pi/Pico_SDK_v1.5.1/pico-sdk/src/rp2_common/pico_mem_ops/mem_ops_aeabi.S.obj
                0x10003cd8                __wrap_memset
 .text.memcpy   0x10003ce4        0xc pio/uart_rx/CMakeFiles/pio_uart_rx.dir/C_/Program_Files/Raspberry_Pi/Pico_SDK_v1.5.1/pico-sdk/src/rp2_common/pico_mem_ops/mem_ops_aeabi.S.obj
                0x10003ce4                __wrap_memcpy
                0x10003ce4                __wrap___aeabi_memcpy
 .text.stdio_out_chars_no_crlf
                0x10003cf0        0xe pio/uart_rx/CMakeFiles/pio_uart_rx.dir/C_/Program_Files/Raspberry_Pi/Pico_SDK_v1.5.1/pico-sdk/src/rp2_common/pico_stdio/stdio.c.obj
 *fill*         0x10003cfe        0x2 
 .text.stdio_out_chars_crlf
                0x10003d00       0x80 pio/uart_rx/CMakeFiles/pio_uart_rx.dir/C_/Program_Files/Raspberry_Pi/Pico_SDK_v1.5.1/pico-sdk/src/rp2_common/pico_stdio/stdio.c.obj
 .text.stdio_stack_buffer_flush
                0x10003d80       0x44 pio/uart_rx/CMakeFiles/pio_uart_rx.dir/C_/Program_Files/Raspberry_Pi/Pico_SDK_v1.5.1/pico-sdk/src/rp2_common/pico_stdio/stdio.c.obj
 .text.stdio_buffered_printer
                0x10003dc4       0x20 pio/uart_rx/CMakeFiles/pio_uart_rx.dir/C_/Program_Files/Raspberry_Pi/Pico_SDK_v1.5.1/pico-sdk/src/rp2_common/pico_stdio/stdio.c.obj
 .text.stdout_serialize_begin
                0x10003de4       0x5c pio/uart_rx/CMakeFiles/pio_uart_rx.dir/C_/Program_Files/Raspberry_Pi/Pico_SDK_v1.5.1/pico-sdk/src/rp2_common/pico_stdio/stdio.c.obj
                0x10003de4                stdout_serialize_begin
 .text.stdout_serialize_end
                0x10003e40       0x10 pio/uart_rx/CMakeFiles/pio_uart_rx.dir/C_/Program_Files/Raspberry_Pi/Pico_SDK_v1.5.1/pico-sdk/src/rp2_common/pico_stdio/stdio.c.obj
                0x10003e40                stdout_serialize_end
 .text.stdio_put_string
                0x10003e50       0x98 pio/uart_rx/CMakeFiles/pio_uart_rx.dir/C_/Program_Files/Raspberry_Pi/Pico_SDK_v1.5.1/pico-sdk/src/rp2_common/pico_stdio/stdio.c.obj
 .text.__wrap_putchar
                0x10003ee8       0x1c pio/uart_rx/CMakeFiles/pio_uart_rx.dir/C_/Program_Files/Raspberry_Pi/Pico_SDK_v1.5.1/pico-sdk/src/rp2_common/pico_stdio/stdio.c.obj
                0x10003ee8                __wrap_putchar
 .text.stdio_set_driver_enabled
                0x10003f04       0x2c pio/uart_rx/CMakeFiles/pio_uart_rx.dir/C_/Program_Files/Raspberry_Pi/Pico_SDK_v1.5.1/pico-sdk/src/rp2_common/pico_stdio/stdio.c.obj
                0x10003f04                stdio_set_driver_enabled
 .text.stdio_flush
                0x10003f30       0x20 pio/uart_rx/CMakeFiles/pio_uart_rx.dir/C_/Program_Files/Raspberry_Pi/Pico_SDK_v1.5.1/pico-sdk/src/rp2_common/pico_stdio/stdio.c.obj
                0x10003f30                stdio_flush
 .text.__wrap_puts
                0x10003f50       0x1e pio/uart_rx/CMakeFiles/pio_uart_rx.dir/C_/Program_Files/Raspberry_Pi/Pico_SDK_v1.5.1/pico-sdk/src/rp2_common/pico_stdio/stdio.c.obj
                0x10003f50                __wrap_puts
 *fill*         0x10003f6e        0x2 
 .text.__wrap_vprintf
                0x10003f70       0x40 pio/uart_rx/CMakeFiles/pio_uart_rx.dir/C_/Program_Files/Raspberry_Pi/Pico_SDK_v1.5.1/pico-sdk/src/rp2_common/pico_stdio/stdio.c.obj
                0x10003f70                __wrap_vprintf
 .text.__wrap_printf
                0x10003fb0       0x18 pio/uart_rx/CMakeFiles/pio_uart_rx.dir/C_/Program_Files/Raspberry_Pi/Pico_SDK_v1.5.1/pico-sdk/src/rp2_common/pico_stdio/stdio.c.obj
                0x10003fb0                __wrap_printf
 .text.stdio_uart_out_chars
                0x10003fc8       0x74 pio/uart_rx/CMakeFiles/pio_uart_rx.dir/C_/Program_Files/Raspberry_Pi/Pico_SDK_v1.5.1/pico-sdk/src/rp2_common/pico_stdio_uart/stdio_uart.c.obj
 .text.stdio_uart_in_chars
                0x1000403c       0x80 pio/uart_rx/CMakeFiles/pio_uart_rx.dir/C_/Program_Files/Raspberry_Pi/Pico_SDK_v1.5.1/pico-sdk/src/rp2_common/pico_stdio_uart/stdio_uart.c.obj
                0x1000403c                stdio_uart_in_chars
 .text.on_uart_rx
                0x100040bc       0x28 pio/uart_rx/CMakeFiles/pio_uart_rx.dir/C_/Program_Files/Raspberry_Pi/Pico_SDK_v1.5.1/pico-sdk/src/rp2_common/pico_stdio_uart/stdio_uart.c.obj
 .text.stdio_uart_set_chars_available_callback
                0x100040e4       0x8c pio/uart_rx/CMakeFiles/pio_uart_rx.dir/C_/Program_Files/Raspberry_Pi/Pico_SDK_v1.5.1/pico-sdk/src/rp2_common/pico_stdio_uart/stdio_uart.c.obj
 .text.stdio_uart_init_full
                0x10004170       0x44 pio/uart_rx/CMakeFiles/pio_uart_rx.dir/C_/Program_Files/Raspberry_Pi/Pico_SDK_v1.5.1/pico-sdk/src/rp2_common/pico_stdio_uart/stdio_uart.c.obj
                0x10004170                stdio_uart_init_full
 .text.stdio_uart_init
                0x100041b4       0x28 pio/uart_rx/CMakeFiles/pio_uart_rx.dir/C_/Program_Files/Raspberry_Pi/Pico_SDK_v1.5.1/pico-sdk/src/rp2_common/pico_stdio_uart/stdio_uart.c.obj
                0x100041b4                stdio_uart_init
 .text.core1_trampoline
                0x100041dc        0x2 pio/uart_rx/CMakeFiles/pio_uart_rx.dir/C_/Program_Files/Raspberry_Pi/Pico_SDK_v1.5.1/pico-sdk/src/rp2_common/pico_multicore/multicore.c.obj
 .text.core1_wrapper
                0x100041de        0xc pio/uart_rx/CMakeFiles/pio_uart_rx.dir/C_/Program_Files/Raspberry_Pi/Pico_SDK_v1.5.1/pico-sdk/src/rp2_common/pico_multicore/multicore.c.obj
                0x100041de                core1_wrapper
 .text.multicore_fifo_push_blocking
                0x100041ea       0x14 pio/uart_rx/CMakeFiles/pio_uart_rx.dir/C_/Program_Files/Raspberry_Pi/Pico_SDK_v1.5.1/pico-sdk/src/rp2_common/pico_multicore/multicore.c.obj
                0x100041ea                multicore_fifo_push_blocking
 .text.multicore_fifo_pop_blocking
                0x100041fe       0x16 pio/uart_rx/CMakeFiles/pio_uart_rx.dir/C_/Program_Files/Raspberry_Pi/Pico_SDK_v1.5.1/pico-sdk/src/rp2_common/pico_multicore/multicore.c.obj
                0x100041fe                multicore_fifo_pop_blocking
 .text.multicore_launch_core1_raw
                0x10004214       0x6e pio/uart_rx/CMakeFiles/pio_uart_rx.dir/C_/Program_Files/Raspberry_Pi/Pico_SDK_v1.5.1/pico-sdk/src/rp2_common/pico_multicore/multicore.c.obj
                0x10004214                multicore_launch_core1_raw
 *fill*         0x10004282        0x2 
 .text.multicore_launch_core1_with_stack
                0x10004284       0x50 pio/uart_rx/CMakeFiles/pio_uart_rx.dir/C_/Program_Files/Raspberry_Pi/Pico_SDK_v1.5.1/pico-sdk/src/rp2_common/pico_multicore/multicore.c.obj
                0x10004284                multicore_launch_core1_with_stack
 .text.multicore_launch_core1
                0x100042d4       0x24 pio/uart_rx/CMakeFiles/pio_uart_rx.dir/C_/Program_Files/Raspberry_Pi/Pico_SDK_v1.5.1/pico-sdk/src/rp2_common/pico_multicore/multicore.c.obj
                0x100042d4                multicore_launch_core1
 .text._pio_can_add_program_at_offset
                0x100042f8       0x3c pio/uart_rx/CMakeFiles/pio_uart_rx.dir/C_/Program_Files/Raspberry_Pi/Pico_SDK_v1.5.1/pico-sdk/src/rp2_common/hardware_pio/pio.c.obj
 .text._pio_find_offset_for_program
                0x10004334       0x7c pio/uart_rx/CMakeFiles/pio_uart_rx.dir/C_/Program_Files/Raspberry_Pi/Pico_SDK_v1.5.1/pico-sdk/src/rp2_common/hardware_pio/pio.c.obj
 .text._pio_add_program_at_offset
                0x100043b0       0x78 pio/uart_rx/CMakeFiles/pio_uart_rx.dir/C_/Program_Files/Raspberry_Pi/Pico_SDK_v1.5.1/pico-sdk/src/rp2_common/hardware_pio/pio.c.obj
 .text.pio_add_program
                0x10004428       0x38 pio/uart_rx/CMakeFiles/pio_uart_rx.dir/C_/Program_Files/Raspberry_Pi/Pico_SDK_v1.5.1/pico-sdk/src/rp2_common/hardware_pio/pio.c.obj
                0x10004428                pio_add_program
 .text.pio_sm_set_consecutive_pindirs
                0x10004460       0xa4 pio/uart_rx/CMakeFiles/pio_uart_rx.dir/C_/Program_Files/Raspberry_Pi/Pico_SDK_v1.5.1/pico-sdk/src/rp2_common/hardware_pio/pio.c.obj
                0x10004460                pio_sm_set_consecutive_pindirs
 .text.pio_sm_init
                0x10004504       0xe4 pio/uart_rx/CMakeFiles/pio_uart_rx.dir/C_/Program_Files/Raspberry_Pi/Pico_SDK_v1.5.1/pico-sdk/src/rp2_common/hardware_pio/pio.c.obj
                0x10004504                pio_sm_init
 .text.strlen   0x100045e8       0x5c c:/progra~1/raspbe~1/picosd~1.1/gcc-ar~1/bin/../lib/gcc/arm-none-eabi/10.3.1/../../../../arm-none-eabi/lib/thumb/v6-m/nofp\libg.a(lib_a-strlen-stub.o)
                0x100045e8                strlen
 *(.fini)
 .fini          0x10004644        0x4 c:/progra~1/raspbe~1/picosd~1.1/gcc-ar~1/bin/../lib/gcc/arm-none-eabi/10.3.1/thumb/v6-m/nofp/crti.o
                0x10004644                _fini
 .fini.__stub   0x10004648       0x40 linker stubs
 *crtbegin.o(.ctors)
 *crtbegin?.o(.ctors)
 *(EXCLUDE_FILE(*crtend.o *crtend?.o) .ctors)
 *(SORT_BY_NAME(.ctors.*))
 *(.ctors)
 *crtbegin.o(.dtors)
 *crtbegin?.o(.dtors)
 *(EXCLUDE_FILE(*crtend.o *crtend?.o) .dtors)
 *(SORT_BY_NAME(.dtors.*))
 *(.dtors)
 *(.eh_frame*)
 .eh_frame      0x10004688        0x0 c:/progra~1/raspbe~1/picosd~1.1/gcc-ar~1/bin/../lib/gcc/arm-none-eabi/10.3.1/thumb/v6-m/nofp/crtbegin.o
                0x10004688                . = ALIGN (0x4)

.glue_7         0x10004688        0x0
 .glue_7        0x10004688        0x0 linker stubs

.glue_7t        0x10004688        0x0
 .glue_7t       0x10004688        0x0 linker stubs

.vfp11_veneer   0x10004688        0x0
 .vfp11_veneer  0x10004688        0x0 linker stubs

.v4_bx          0x10004688        0x0
 .v4_bx         0x10004688        0x0 linker stubs

.iplt           0x10004688        0x0
 .iplt          0x10004688        0x0 c:/progra~1/raspbe~1/picosd~1.1/gcc-ar~1/bin/../lib/gcc/arm-none-eabi/10.3.1/thumb/v6-m/nofp/crtbegin.o

.rodata         0x10004688     0x12a8
 *(EXCLUDE_FILE(*libm.a: *libc.a:*lib_a-mem*.o *libgcc.a:) .rodata*)
 .rodata.main.str1.4
                0x10004688       0x68 pio/uart_rx/CMakeFiles/pio_uart_rx.dir/uart_rx.c.obj
 .rodata.uart_rx_program
                0x100046f0        0x6 pio/uart_rx/CMakeFiles/pio_uart_rx.dir/uart_rx.c.obj
 *fill*         0x100046f6        0x2 
 .rodata.uart_rx_program_instructions
                0x100046f8       0x12 pio/uart_rx/CMakeFiles/pio_uart_rx.dir/uart_rx.c.obj
 *fill*         0x1000470a        0x2 
 .rodata.make_branch.str1.4
                0x1000470c       0x89 pio/uart_rx/CMakeFiles/pio_uart_rx.dir/C_/Program_Files/Raspberry_Pi/Pico_SDK_v1.5.1/pico-sdk/src/rp2_common/hardware_irq/irq.c.obj
 *fill*         0x10004795        0x3 
 .rodata.insert_branch_and_link.str1.4
                0x10004798       0x10 pio/uart_rx/CMakeFiles/pio_uart_rx.dir/C_/Program_Files/Raspberry_Pi/Pico_SDK_v1.5.1/pico-sdk/src/rp2_common/hardware_irq/irq.c.obj
 .rodata.irq_set_exclusive_handler.str1.4
                0x100047a8       0x36 pio/uart_rx/CMakeFiles/pio_uart_rx.dir/C_/Program_Files/Raspberry_Pi/Pico_SDK_v1.5.1/pico-sdk/src/rp2_common/hardware_irq/irq.c.obj
 *fill*         0x100047de        0x2 
 .rodata.irq_add_shared_handler.str1.4
                0x100047e0       0xd9 pio/uart_rx/CMakeFiles/pio_uart_rx.dir/C_/Program_Files/Raspberry_Pi/Pico_SDK_v1.5.1/pico-sdk/src/rp2_common/hardware_irq/irq.c.obj
 *fill*         0x100048b9        0x3 
 .rodata.irq_remove_handler.str1.4
                0x100048bc       0x3a pio/uart_rx/CMakeFiles/pio_uart_rx.dir/C_/Program_Files/Raspberry_Pi/Pico_SDK_v1.5.1/pico-sdk/src/rp2_common/hardware_irq/irq.c.obj
 *fill*         0x100048f6        0x2 
 .rodata.irq_add_tail_to_free_list.str1.4
                0x100048f8       0x3a pio/uart_rx/CMakeFiles/pio_uart_rx.dir/C_/Program_Files/Raspberry_Pi/Pico_SDK_v1.5.1/pico-sdk/src/rp2_common/hardware_irq/irq.c.obj
 *fill*         0x10004932        0x2 
 .rodata.__func__.0
                0x10004934       0x1a pio/uart_rx/CMakeFiles/pio_uart_rx.dir/C_/Program_Files/Raspberry_Pi/Pico_SDK_v1.5.1/pico-sdk/src/rp2_common/hardware_irq/irq.c.obj
 *fill*         0x1000494e        0x2 
 .rodata.__func__.1
                0x10004950       0x17 pio/uart_rx/CMakeFiles/pio_uart_rx.dir/C_/Program_Files/Raspberry_Pi/Pico_SDK_v1.5.1/pico-sdk/src/rp2_common/hardware_irq/irq.c.obj
 *fill*         0x10004967        0x1 
 .rodata.__func__.2
                0x10004968       0x13 pio/uart_rx/CMakeFiles/pio_uart_rx.dir/C_/Program_Files/Raspberry_Pi/Pico_SDK_v1.5.1/pico-sdk/src/rp2_common/hardware_irq/irq.c.obj
 *fill*         0x1000497b        0x1 
 .rodata.__func__.3
                0x1000497c        0xc pio/uart_rx/CMakeFiles/pio_uart_rx.dir/C_/Program_Files/Raspberry_Pi/Pico_SDK_v1.5.1/pico-sdk/src/rp2_common/hardware_irq/irq.c.obj
 .rodata.__func__.4
                0x10004988        0xf pio/uart_rx/CMakeFiles/pio_uart_rx.dir/C_/Program_Files/Raspberry_Pi/Pico_SDK_v1.5.1/pico-sdk/src/rp2_common/hardware_irq/irq.c.obj
 *fill*         0x10004997        0x1 
 .rodata.__func__.6
                0x10004998       0x1a pio/uart_rx/CMakeFiles/pio_uart_rx.dir/C_/Program_Files/Raspberry_Pi/Pico_SDK_v1.5.1/pico-sdk/src/rp2_common/hardware_irq/irq.c.obj
 *fill*         0x100049b2        0x2 
 .rodata.str1.4
                0x100049b4      0x125 pio/uart_rx/CMakeFiles/pio_uart_rx.dir/C_/Program_Files/Raspberry_Pi/Pico_SDK_v1.5.1/pico-sdk/src/common/pico_sync/mutex.c.obj
 *fill*         0x10004ad9        0x3 
 .rodata.__func__.1
                0x10004adc        0xb pio/uart_rx/CMakeFiles/pio_uart_rx.dir/C_/Program_Files/Raspberry_Pi/Pico_SDK_v1.5.1/pico-sdk/src/common/pico_sync/mutex.c.obj
 *fill*         0x10004ae7        0x1 
 .rodata.__func__.3
                0x10004ae8       0x18 pio/uart_rx/CMakeFiles/pio_uart_rx.dir/C_/Program_Files/Raspberry_Pi/Pico_SDK_v1.5.1/pico-sdk/src/common/pico_sync/mutex.c.obj
 .rodata.repeating_timer_callback.str1.4
                0x10004b00       0x67 pio/uart_rx/CMakeFiles/pio_uart_rx.dir/C_/Program_Files/Raspberry_Pi/Pico_SDK_v1.5.1/pico-sdk/src/common/pico_time/time.c.obj
 *fill*         0x10004b67        0x1 
 .rodata.timer_pool_entry_comparator.str1.4
                0x10004b68       0x22 pio/uart_rx/CMakeFiles/pio_uart_rx.dir/C_/Program_Files/Raspberry_Pi/Pico_SDK_v1.5.1/pico-sdk/src/common/pico_time/time.c.obj
 *fill*         0x10004b8a        0x2 
 .rodata.ph_add_child_node.str1.4
                0x10004b8c       0xb2 pio/uart_rx/CMakeFiles/pio_uart_rx.dir/C_/Program_Files/Raspberry_Pi/Pico_SDK_v1.5.1/pico-sdk/src/common/pico_time/time.c.obj
 *fill*         0x10004c3e        0x2 
 .rodata.add_alarm_under_lock.str1.4
                0x10004c40       0x28 pio/uart_rx/CMakeFiles/pio_uart_rx.dir/C_/Program_Files/Raspberry_Pi/Pico_SDK_v1.5.1/pico-sdk/src/common/pico_time/time.c.obj
                                 0x2b (size before relaxing)
 .rodata.alarm_pool_alarm_callback.str1.4
                0x10004c68       0x98 pio/uart_rx/CMakeFiles/pio_uart_rx.dir/C_/Program_Files/Raspberry_Pi/Pico_SDK_v1.5.1/pico-sdk/src/common/pico_time/time.c.obj
                                0x118 (size before relaxing)
 .rodata.alarm_pool_get_default.str1.4
                0x10004d00       0x21 pio/uart_rx/CMakeFiles/pio_uart_rx.dir/C_/Program_Files/Raspberry_Pi/Pico_SDK_v1.5.1/pico-sdk/src/common/pico_time/time.c.obj
 *fill*         0x10004d21        0x3 
 .rodata.alarm_pool_cancel_alarm.str1.4
                0x10004d24       0x27 pio/uart_rx/CMakeFiles/pio_uart_rx.dir/C_/Program_Files/Raspberry_Pi/Pico_SDK_v1.5.1/pico-sdk/src/common/pico_time/time.c.obj
 *fill*         0x10004d4b        0x1 
 .rodata.__func__.1
                0x10004d4c       0x18 pio/uart_rx/CMakeFiles/pio_uart_rx.dir/C_/Program_Files/Raspberry_Pi/Pico_SDK_v1.5.1/pico-sdk/src/common/pico_time/time.c.obj
 .rodata.__func__.10
                0x10004d64       0x15 pio/uart_rx/CMakeFiles/pio_uart_rx.dir/C_/Program_Files/Raspberry_Pi/Pico_SDK_v1.5.1/pico-sdk/src/common/pico_time/time.c.obj
 *fill*         0x10004d79        0x3 
 .rodata.__func__.11
                0x10004d7c       0x1a pio/uart_rx/CMakeFiles/pio_uart_rx.dir/C_/Program_Files/Raspberry_Pi/Pico_SDK_v1.5.1/pico-sdk/src/common/pico_time/time.c.obj
 *fill*         0x10004d96        0x2 
 .rodata.__func__.12
                0x10004d98        0xa pio/uart_rx/CMakeFiles/pio_uart_rx.dir/C_/Program_Files/Raspberry_Pi/Pico_SDK_v1.5.1/pico-sdk/src/common/pico_time/time.c.obj
 *fill*         0x10004da2        0x2 
 .rodata.__func__.3
                0x10004da4       0x17 pio/uart_rx/CMakeFiles/pio_uart_rx.dir/C_/Program_Files/Raspberry_Pi/Pico_SDK_v1.5.1/pico-sdk/src/common/pico_time/time.c.obj
 *fill*         0x10004dbb        0x1 
 .rodata.__func__.4
                0x10004dbc       0x12 pio/uart_rx/CMakeFiles/pio_uart_rx.dir/C_/Program_Files/Raspberry_Pi/Pico_SDK_v1.5.1/pico-sdk/src/common/pico_time/time.c.obj
 *fill*         0x10004dce        0x2 
 .rodata.__func__.5
                0x10004dd0        0xd pio/uart_rx/CMakeFiles/pio_uart_rx.dir/C_/Program_Files/Raspberry_Pi/Pico_SDK_v1.5.1/pico-sdk/src/common/pico_time/time.c.obj
 *fill*         0x10004ddd        0x3 
 .rodata.__func__.6
                0x10004de0       0x12 pio/uart_rx/CMakeFiles/pio_uart_rx.dir/C_/Program_Files/Raspberry_Pi/Pico_SDK_v1.5.1/pico-sdk/src/common/pico_time/time.c.obj
 *fill*         0x10004df2        0x2 
 .rodata.__func__.7
                0x10004df4        0xf pio/uart_rx/CMakeFiles/pio_uart_rx.dir/C_/Program_Files/Raspberry_Pi/Pico_SDK_v1.5.1/pico-sdk/src/common/pico_time/time.c.obj
 *fill*         0x10004e03        0x1 
 .rodata.__func__.8
                0x10004e04        0xc pio/uart_rx/CMakeFiles/pio_uart_rx.dir/C_/Program_Files/Raspberry_Pi/Pico_SDK_v1.5.1/pico-sdk/src/common/pico_time/time.c.obj
 .rodata.__func__.9
                0x10004e10       0x15 pio/uart_rx/CMakeFiles/pio_uart_rx.dir/C_/Program_Files/Raspberry_Pi/Pico_SDK_v1.5.1/pico-sdk/src/common/pico_time/time.c.obj
 *fill*         0x10004e25        0x3 
 .rodata.hardware_alarm_claim.str1.4
                0x10004e28       0x22 pio/uart_rx/CMakeFiles/pio_uart_rx.dir/C_/Program_Files/Raspberry_Pi/Pico_SDK_v1.5.1/pico-sdk/src/rp2_common/hardware_timer/timer.c.obj
 .rodata.busy_wait_us.str1.4
                0x10004e4a       0x7d pio/uart_rx/CMakeFiles/pio_uart_rx.dir/C_/Program_Files/Raspberry_Pi/Pico_SDK_v1.5.1/pico-sdk/src/rp2_common/hardware_timer/timer.c.obj
 *fill*         0x10004e4a        0x2 
 .rodata.hardware_alarm_set_target.str1.4
                0x10004e4c       0x81 pio/uart_rx/CMakeFiles/pio_uart_rx.dir/C_/Program_Files/Raspberry_Pi/Pico_SDK_v1.5.1/pico-sdk/src/rp2_common/hardware_timer/timer.c.obj
 *fill*         0x10004ecd        0x3 
 .rodata.__func__.0
                0x10004ed0       0x1a pio/uart_rx/CMakeFiles/pio_uart_rx.dir/C_/Program_Files/Raspberry_Pi/Pico_SDK_v1.5.1/pico-sdk/src/rp2_common/hardware_timer/timer.c.obj
 *fill*         0x10004eea        0x2 
 .rodata.__func__.1
                0x10004eec       0x15 pio/uart_rx/CMakeFiles/pio_uart_rx.dir/C_/Program_Files/Raspberry_Pi/Pico_SDK_v1.5.1/pico-sdk/src/rp2_common/hardware_timer/timer.c.obj
 .rodata.ph_add_child_node.str1.4
                0x10004f01       0xb2 pio/uart_rx/CMakeFiles/pio_uart_rx.dir/C_/Program_Files/Raspberry_Pi/Pico_SDK_v1.5.1/pico-sdk/src/common/pico_util/pheap.c.obj
 *fill*         0x10004f01        0x3 
 .rodata.ph_remove_any_head.str1.4
                0x10004f04       0xa8 pio/uart_rx/CMakeFiles/pio_uart_rx.dir/C_/Program_Files/Raspberry_Pi/Pico_SDK_v1.5.1/pico-sdk/src/common/pico_util/pheap.c.obj
                                 0xbc (size before relaxing)
 .rodata.ph_remove_and_free_node.str1.4
                0x10004fac       0x1e pio/uart_rx/CMakeFiles/pio_uart_rx.dir/C_/Program_Files/Raspberry_Pi/Pico_SDK_v1.5.1/pico-sdk/src/common/pico_util/pheap.c.obj
                                 0x26 (size before relaxing)
 *fill*         0x10004fca        0x2 
 .rodata.__func__.0
                0x10004fcc       0x18 pio/uart_rx/CMakeFiles/pio_uart_rx.dir/C_/Program_Files/Raspberry_Pi/Pico_SDK_v1.5.1/pico-sdk/src/common/pico_util/pheap.c.obj
 .rodata.__func__.1
                0x10004fe4       0x13 pio/uart_rx/CMakeFiles/pio_uart_rx.dir/C_/Program_Files/Raspberry_Pi/Pico_SDK_v1.5.1/pico-sdk/src/common/pico_util/pheap.c.obj
 *fill*         0x10004ff7        0x1 
 .rodata.__func__.2
                0x10004ff8       0x12 pio/uart_rx/CMakeFiles/pio_uart_rx.dir/C_/Program_Files/Raspberry_Pi/Pico_SDK_v1.5.1/pico-sdk/src/common/pico_util/pheap.c.obj
 *fill*         0x1000500a        0x2 
 .rodata.__func__.3
                0x1000500c        0xc pio/uart_rx/CMakeFiles/pio_uart_rx.dir/C_/Program_Files/Raspberry_Pi/Pico_SDK_v1.5.1/pico-sdk/src/common/pico_util/pheap.c.obj
 .rodata.clock_configure.str1.4
                0x10005018       0x73 pio/uart_rx/CMakeFiles/pio_uart_rx.dir/C_/Program_Files/Raspberry_Pi/Pico_SDK_v1.5.1/pico-sdk/src/rp2_common/hardware_clocks/clocks.c.obj
 *fill*         0x1000508b        0x1 
 .rodata.__func__.1
                0x1000508c       0x10 pio/uart_rx/CMakeFiles/pio_uart_rx.dir/C_/Program_Files/Raspberry_Pi/Pico_SDK_v1.5.1/pico-sdk/src/rp2_common/hardware_clocks/clocks.c.obj
 .rodata.pll_init.str1.4
                0x1000509c      0x140 pio/uart_rx/CMakeFiles/pio_uart_rx.dir/C_/Program_Files/Raspberry_Pi/Pico_SDK_v1.5.1/pico-sdk/src/rp2_common/hardware_pll/pll.c.obj
 .rodata.__func__.0
                0x100051dc        0x9 pio/uart_rx/CMakeFiles/pio_uart_rx.dir/C_/Program_Files/Raspberry_Pi/Pico_SDK_v1.5.1/pico-sdk/src/rp2_common/hardware_pll/pll.c.obj
 *fill*         0x100051e5        0x3 
 .rodata.__assert_func.str1.4
                0x100051e8       0x3f pio/uart_rx/CMakeFiles/pio_uart_rx.dir/C_/Program_Files/Raspberry_Pi/Pico_SDK_v1.5.1/pico-sdk/src/rp2_common/pico_runtime/runtime.c.obj
                                 0x43 (size before relaxing)
 *fill*         0x10005227        0x1 
 .rodata.runtime_init.str1.4
                0x10005228       0x7d pio/uart_rx/CMakeFiles/pio_uart_rx.dir/C_/Program_Files/Raspberry_Pi/Pico_SDK_v1.5.1/pico-sdk/src/rp2_common/pico_runtime/runtime.c.obj
 *fill*         0x100052a5        0x3 
 .rodata.panic.str1.4
                0x100052a8       0x12 pio/uart_rx/CMakeFiles/pio_uart_rx.dir/C_/Program_Files/Raspberry_Pi/Pico_SDK_v1.5.1/pico-sdk/src/rp2_common/pico_runtime/runtime.c.obj
 *fill*         0x100052ba        0x2 
 .rodata.__func__.2
                0x100052bc        0xd pio/uart_rx/CMakeFiles/pio_uart_rx.dir/C_/Program_Files/Raspberry_Pi/Pico_SDK_v1.5.1/pico-sdk/src/rp2_common/pico_runtime/runtime.c.obj
 *fill*         0x100052c9        0x3 
 .rodata._ftoa.str1.4
                0x100052cc       0x15 pio/uart_rx/CMakeFiles/pio_uart_rx.dir/C_/Program_Files/Raspberry_Pi/Pico_SDK_v1.5.1/pico-sdk/src/rp2_common/pico_printf/printf.c.obj
 *fill*         0x100052e1        0x3 
 .rodata._vsnprintf
                0x100052e4      0x1e0 pio/uart_rx/CMakeFiles/pio_uart_rx.dir/C_/Program_Files/Raspberry_Pi/Pico_SDK_v1.5.1/pico-sdk/src/rp2_common/pico_printf/printf.c.obj
 *fill*         0x100054c4        0x4 
 .rodata.pow10.0
                0x100054c8       0x50 pio/uart_rx/CMakeFiles/pio_uart_rx.dir/C_/Program_Files/Raspberry_Pi/Pico_SDK_v1.5.1/pico-sdk/src/rp2_common/pico_printf/printf.c.obj
 .rodata.missing_double_func_shim.str1.4
                0x10005518       0x18 pio/uart_rx/CMakeFiles/pio_uart_rx.dir/C_/Program_Files/Raspberry_Pi/Pico_SDK_v1.5.1/pico-sdk/src/rp2_common/pico_double/double_init_rom.c.obj
 .rodata.__aeabi_double_init.str1.4
                0x10005530       0xb8 pio/uart_rx/CMakeFiles/pio_uart_rx.dir/C_/Program_Files/Raspberry_Pi/Pico_SDK_v1.5.1/pico-sdk/src/rp2_common/pico_double/double_init_rom.c.obj
 .rodata.__func__.0
                0x100055e8       0x14 pio/uart_rx/CMakeFiles/pio_uart_rx.dir/C_/Program_Files/Raspberry_Pi/Pico_SDK_v1.5.1/pico-sdk/src/rp2_common/pico_double/double_init_rom.c.obj
 .rodata.missing_float_func_shim.str1.4
                0x100055fc        0x1 pio/uart_rx/CMakeFiles/pio_uart_rx.dir/C_/Program_Files/Raspberry_Pi/Pico_SDK_v1.5.1/pico-sdk/src/rp2_common/pico_float/float_init_rom.c.obj
 .rodata.__aeabi_float_init.str1.4
                0x100055fc       0x96 pio/uart_rx/CMakeFiles/pio_uart_rx.dir/C_/Program_Files/Raspberry_Pi/Pico_SDK_v1.5.1/pico-sdk/src/rp2_common/pico_float/float_init_rom.c.obj
 *fill*         0x10005692        0x2 
 .rodata.__func__.0
                0x10005694       0x13 pio/uart_rx/CMakeFiles/pio_uart_rx.dir/C_/Program_Files/Raspberry_Pi/Pico_SDK_v1.5.1/pico-sdk/src/rp2_common/pico_float/float_init_rom.c.obj
 *fill*         0x100056a7        0x1 
 .rodata.str1.4
                0x100056a8       0x84 pio/uart_rx/CMakeFiles/pio_uart_rx.dir/C_/Program_Files/Raspberry_Pi/Pico_SDK_v1.5.1/pico-sdk/src/rp2_common/pico_standard_link/binary_info.c.obj
 .rodata.__bi_44
                0x1000572c        0xc pio/uart_rx/CMakeFiles/pio_uart_rx.dir/C_/Program_Files/Raspberry_Pi/Pico_SDK_v1.5.1/pico-sdk/src/rp2_common/pico_standard_link/binary_info.c.obj
 .rodata.__bi_69
                0x10005738        0xc pio/uart_rx/CMakeFiles/pio_uart_rx.dir/C_/Program_Files/Raspberry_Pi/Pico_SDK_v1.5.1/pico-sdk/src/rp2_common/pico_standard_link/binary_info.c.obj
 .rodata.__bi_75
                0x10005744        0xc pio/uart_rx/CMakeFiles/pio_uart_rx.dir/C_/Program_Files/Raspberry_Pi/Pico_SDK_v1.5.1/pico-sdk/src/rp2_common/pico_standard_link/binary_info.c.obj
 .rodata.__bi_81
                0x10005750        0xc pio/uart_rx/CMakeFiles/pio_uart_rx.dir/C_/Program_Files/Raspberry_Pi/Pico_SDK_v1.5.1/pico-sdk/src/rp2_common/pico_standard_link/binary_info.c.obj
 .rodata.stdout_serialize_begin.str1.4
                0x1000575c       0x7d pio/uart_rx/CMakeFiles/pio_uart_rx.dir/C_/Program_Files/Raspberry_Pi/Pico_SDK_v1.5.1/pico-sdk/src/rp2_common/pico_stdio/stdio.c.obj
 .rodata.__func__.3
                0x1000575c       0x15 pio/uart_rx/CMakeFiles/pio_uart_rx.dir/C_/Program_Files/Raspberry_Pi/Pico_SDK_v1.5.1/pico-sdk/src/rp2_common/pico_stdio/stdio.c.obj
 *fill*         0x10005771        0x3 
 .rodata.crlf_str.2
                0x10005774        0x2 pio/uart_rx/CMakeFiles/pio_uart_rx.dir/C_/Program_Files/Raspberry_Pi/Pico_SDK_v1.5.1/pico-sdk/src/rp2_common/pico_stdio/stdio.c.obj
 *fill*         0x10005776        0x2 
 .rodata.str1.4
                0x10005778       0x2c pio/uart_rx/CMakeFiles/pio_uart_rx.dir/C_/Program_Files/Raspberry_Pi/Pico_SDK_v1.5.1/pico-sdk/src/rp2_common/pico_stdio_uart/stdio_uart.c.obj
 .rodata.__bi_33.4
                0x100057a4        0xc pio/uart_rx/CMakeFiles/pio_uart_rx.dir/C_/Program_Files/Raspberry_Pi/Pico_SDK_v1.5.1/pico-sdk/src/rp2_common/pico_stdio_uart/stdio_uart.c.obj
 .rodata.__bi_34.5
                0x100057b0        0x8 pio/uart_rx/CMakeFiles/pio_uart_rx.dir/C_/Program_Files/Raspberry_Pi/Pico_SDK_v1.5.1/pico-sdk/src/rp2_common/pico_stdio_uart/stdio_uart.c.obj
 .rodata.multicore_lockout_start_block_until.str1.4
                0x100057b8       0x79 pio/uart_rx/CMakeFiles/pio_uart_rx.dir/C_/Program_Files/Raspberry_Pi/Pico_SDK_v1.5.1/pico-sdk/src/rp2_common/pico_multicore/multicore.c.obj
 *fill*         0x10005831        0x3 
 .rodata.multicore_launch_core1_with_stack.str1.4
                0x10005834       0x19 pio/uart_rx/CMakeFiles/pio_uart_rx.dir/C_/Program_Files/Raspberry_Pi/Pico_SDK_v1.5.1/pico-sdk/src/rp2_common/pico_multicore/multicore.c.obj
 *fill*         0x1000584d        0x3 
 .rodata.__func__.2
                0x10005850       0x22 pio/uart_rx/CMakeFiles/pio_uart_rx.dir/C_/Program_Files/Raspberry_Pi/Pico_SDK_v1.5.1/pico-sdk/src/rp2_common/pico_multicore/multicore.c.obj
 *fill*         0x10005872        0x2 
 .rodata._pio_find_offset_for_program.str1.4
                0x10005874       0x85 pio/uart_rx/CMakeFiles/pio_uart_rx.dir/C_/Program_Files/Raspberry_Pi/Pico_SDK_v1.5.1/pico-sdk/src/rp2_common/hardware_pio/pio.c.obj
 *fill*         0x100058f9        0x3 
 .rodata._pio_add_program_at_offset.str1.4
                0x100058fc       0x11 pio/uart_rx/CMakeFiles/pio_uart_rx.dir/C_/Program_Files/Raspberry_Pi/Pico_SDK_v1.5.1/pico-sdk/src/rp2_common/hardware_pio/pio.c.obj
 *fill*         0x1000590d        0x3 
 .rodata.__func__.1
                0x10005910       0x1d pio/uart_rx/CMakeFiles/pio_uart_rx.dir/C_/Program_Files/Raspberry_Pi/Pico_SDK_v1.5.1/pico-sdk/src/rp2_common/hardware_pio/pio.c.obj
                0x10005930                . = ALIGN (0x4)
 *fill*         0x1000592d        0x3 
 *(SORT_BY_ALIGNMENT(SORT_BY_NAME(.flashdata*)))
                0x10005930                . = ALIGN (0x4)

.ARM.extab
 *(.ARM.extab* .gnu.linkonce.armextab.*)
                0x10005930                __exidx_start = .

.ARM.exidx
 *(.ARM.exidx* .gnu.linkonce.armexidx.*)
                0x10005930                __exidx_end = .
                0x10005930                . = ALIGN (0x4)
                0x10005930                __binary_info_start = .

.binary_info    0x10005930       0x28
 *(.binary_info.keep.*)
 .binary_info.keep.__bi_ptr22
                0x10005930        0x4 pio/uart_rx/CMakeFiles/pio_uart_rx.dir/C_/Program_Files/Raspberry_Pi/Pico_SDK_v1.5.1/pico-sdk/src/rp2_common/pico_standard_link/binary_info.c.obj
 .binary_info.keep.__bi_ptr30
                0x10005934        0x4 pio/uart_rx/CMakeFiles/pio_uart_rx.dir/C_/Program_Files/Raspberry_Pi/Pico_SDK_v1.5.1/pico-sdk/src/rp2_common/pico_standard_link/binary_info.c.obj
 .binary_info.keep.__bi_ptr38
                0x10005938        0x4 pio/uart_rx/CMakeFiles/pio_uart_rx.dir/C_/Program_Files/Raspberry_Pi/Pico_SDK_v1.5.1/pico-sdk/src/rp2_common/pico_standard_link/binary_info.c.obj
 .binary_info.keep.__bi_ptr44
                0x1000593c        0x4 pio/uart_rx/CMakeFiles/pio_uart_rx.dir/C_/Program_Files/Raspberry_Pi/Pico_SDK_v1.5.1/pico-sdk/src/rp2_common/pico_standard_link/binary_info.c.obj
 .binary_info.keep.__bi_ptr50
                0x10005940        0x4 pio/uart_rx/CMakeFiles/pio_uart_rx.dir/C_/Program_Files/Raspberry_Pi/Pico_SDK_v1.5.1/pico-sdk/src/rp2_common/pico_standard_link/binary_info.c.obj
 .binary_info.keep.__bi_ptr69
                0x10005944        0x4 pio/uart_rx/CMakeFiles/pio_uart_rx.dir/C_/Program_Files/Raspberry_Pi/Pico_SDK_v1.5.1/pico-sdk/src/rp2_common/pico_standard_link/binary_info.c.obj
 .binary_info.keep.__bi_ptr75
                0x10005948        0x4 pio/uart_rx/CMakeFiles/pio_uart_rx.dir/C_/Program_Files/Raspberry_Pi/Pico_SDK_v1.5.1/pico-sdk/src/rp2_common/pico_standard_link/binary_info.c.obj
 .binary_info.keep.__bi_ptr81
                0x1000594c        0x4 pio/uart_rx/CMakeFiles/pio_uart_rx.dir/C_/Program_Files/Raspberry_Pi/Pico_SDK_v1.5.1/pico-sdk/src/rp2_common/pico_standard_link/binary_info.c.obj
 *(.binary_info.*)
 .binary_info.__bi_ptr33
                0x10005950        0x4 pio/uart_rx/CMakeFiles/pio_uart_rx.dir/C_/Program_Files/Raspberry_Pi/Pico_SDK_v1.5.1/pico-sdk/src/rp2_common/pico_stdio_uart/stdio_uart.c.obj
 .binary_info.__bi_ptr34
                0x10005954        0x4 pio/uart_rx/CMakeFiles/pio_uart_rx.dir/C_/Program_Files/Raspberry_Pi/Pico_SDK_v1.5.1/pico-sdk/src/rp2_common/pico_stdio_uart/stdio_uart.c.obj
                0x10005958                __binary_info_end = .

.rel.dyn        0x10005958        0x0
 .rel.iplt      0x10005958        0x0 c:/progra~1/raspbe~1/picosd~1.1/gcc-ar~1/bin/../lib/gcc/arm-none-eabi/10.3.1/thumb/v6-m/nofp/crtbegin.o
                0x10005958                . = ALIGN (0x4)

.ram_vector_table
                0x20000000       0xc0
 *(.ram_vector_table)
 .ram_vector_table
                0x20000000       0xc0 pio/uart_rx/CMakeFiles/pio_uart_rx.dir/C_/Program_Files/Raspberry_Pi/Pico_SDK_v1.5.1/pico-sdk/src/rp2_common/pico_runtime/runtime.c.obj
                0x20000000                ram_vector_table

.data           0x200000c0      0x24c load address 0x10005958
                0x200000c0                __data_start__ = .
 *(vtable)
 *(.time_critical*)
 .time_critical.mutex_try_enter
                0x200000c0       0x46 pio/uart_rx/CMakeFiles/pio_uart_rx.dir/C_/Program_Files/Raspberry_Pi/Pico_SDK_v1.5.1/pico-sdk/src/common/pico_sync/mutex.c.obj
                0x200000c0                mutex_try_enter
 *fill*         0x20000106        0x2 
 .time_critical.mutex_enter_block_until
                0x20000108       0x8c pio/uart_rx/CMakeFiles/pio_uart_rx.dir/C_/Program_Files/Raspberry_Pi/Pico_SDK_v1.5.1/pico-sdk/src/common/pico_sync/mutex.c.obj
                0x20000108                mutex_enter_block_until
 .time_critical.mutex_try_enter_block_until
                0x20000194       0x34 pio/uart_rx/CMakeFiles/pio_uart_rx.dir/C_/Program_Files/Raspberry_Pi/Pico_SDK_v1.5.1/pico-sdk/src/common/pico_sync/mutex.c.obj
                0x20000194                mutex_try_enter_block_until
 .time_critical.mutex_exit
                0x200001c8       0x4c pio/uart_rx/CMakeFiles/pio_uart_rx.dir/C_/Program_Files/Raspberry_Pi/Pico_SDK_v1.5.1/pico-sdk/src/common/pico_sync/mutex.c.obj
                0x200001c8                mutex_exit
 *(.text*)
 .text          0x20000214        0x4 c:/progra~1/raspbe~1/picosd~1.1/gcc-ar~1/bin/../lib/gcc/arm-none-eabi/10.3.1/thumb/v6-m/nofp\libgcc.a(_dvmd_tls.o)
                0x20000214                __aeabi_idiv0
                0x20000214                __aeabi_ldiv0
 .text.__stub   0x20000218       0x20 linker stubs
                0x20000238                . = ALIGN (0x4)
 *(.rodata*)
                0x20000238                . = ALIGN (0x4)
 *(.data*)
 .data.striped_spin_lock_num
                0x20000238        0x1 pio/uart_rx/CMakeFiles/pio_uart_rx.dir/C_/Program_Files/Raspberry_Pi/Pico_SDK_v1.5.1/pico-sdk/src/rp2_common/hardware_sync/sync.c.obj
 *fill*         0x20000239        0x3 
 .data          0x2000023c       0x48 pio/uart_rx/CMakeFiles/pio_uart_rx.dir/C_/Program_Files/Raspberry_Pi/Pico_SDK_v1.5.1/pico-sdk/src/rp2_common/hardware_irq/irq_handler_chain.S.obj
                0x2000023c                irq_handler_chain_slots
                0x2000026c                irq_handler_chain_first_slot
                0x20000276                irq_handler_chain_remove_tail
 .data.default_alarm_pool
                0x20000284       0x18 pio/uart_rx/CMakeFiles/pio_uart_rx.dir/C_/Program_Files/Raspberry_Pi/Pico_SDK_v1.5.1/pico-sdk/src/common/pico_time/time.c.obj
 .data.default_alarm_pool_heap
                0x2000029c       0x10 pio/uart_rx/CMakeFiles/pio_uart_rx.dir/C_/Program_Files/Raspberry_Pi/Pico_SDK_v1.5.1/pico-sdk/src/common/pico_time/time.c.obj
 *fill*         0x200002ac        0x4 
 .data.aeabi_bits_funcs
                0x200002b0       0x10 pio/uart_rx/CMakeFiles/pio_uart_rx.dir/C_/Program_Files/Raspberry_Pi/Pico_SDK_v1.5.1/pico-sdk/src/rp2_common/pico_bit_ops/bit_ops_aeabi.S.obj
                0x200002b0                aeabi_bits_funcs
                0x200002c0                aeabi_bits_funcs_end
 .data.aeabi_mem_funcs
                0x200002c0       0x10 pio/uart_rx/CMakeFiles/pio_uart_rx.dir/C_/Program_Files/Raspberry_Pi/Pico_SDK_v1.5.1/pico-sdk/src/rp2_common/pico_mem_ops/mem_ops_aeabi.S.obj
                0x200002c0                aeabi_mem_funcs
                0x200002d0                aeabi_mem_funcs_end
 .data.stdio_uart
                0x200002d0       0x18 pio/uart_rx/CMakeFiles/pio_uart_rx.dir/C_/Program_Files/Raspberry_Pi/Pico_SDK_v1.5.1/pico-sdk/src/rp2_common/pico_stdio_uart/stdio_uart.c.obj
                0x200002d0                stdio_uart
                0x200002e8                . = ALIGN (0x4)
 *(.after_data.*)
                0x200002e8                . = ALIGN (0x4)
                0x200002e8                PROVIDE (__mutex_array_start = .)
 *(SORT_BY_NAME(.mutex_array.*))
 *(.mutex_array)
 .mutex_array   0x200002e8        0x8 pio/uart_rx/CMakeFiles/pio_uart_rx.dir/C_/Program_Files/Raspberry_Pi/Pico_SDK_v1.5.1/pico-sdk/src/rp2_common/pico_malloc/pico_malloc.c.obj
 .mutex_array   0x200002f0        0x8 pio/uart_rx/CMakeFiles/pio_uart_rx.dir/C_/Program_Files/Raspberry_Pi/Pico_SDK_v1.5.1/pico-sdk/src/rp2_common/pico_stdio/stdio.c.obj
                0x200002f8                PROVIDE (__mutex_array_end = .)
                0x200002f8                . = ALIGN (0x4)
                0x200002f8                PROVIDE (__preinit_array_start = .)
 *(SORT_BY_NAME(.preinit_array.*))
 .preinit_array.00001
                0x200002f8        0x4 pio/uart_rx/CMakeFiles/pio_uart_rx.dir/C_/Program_Files/Raspberry_Pi/Pico_SDK_v1.5.1/pico-sdk/src/rp2_common/pico_mem_ops/mem_ops_aeabi.S.obj
 .preinit_array.00010
                0x200002fc        0x4 pio/uart_rx/CMakeFiles/pio_uart_rx.dir/C_/Program_Files/Raspberry_Pi/Pico_SDK_v1.5.1/pico-sdk/src/rp2_common/pico_bit_ops/bit_ops_aeabi.S.obj
 .preinit_array.00020
                0x20000300        0x4 pio/uart_rx/CMakeFiles/pio_uart_rx.dir/C_/Program_Files/Raspberry_Pi/Pico_SDK_v1.5.1/pico-sdk/src/rp2_common/pico_double/double_aeabi.S.obj
 .preinit_array.00020
                0x20000304        0x4 pio/uart_rx/CMakeFiles/pio_uart_rx.dir/C_/Program_Files/Raspberry_Pi/Pico_SDK_v1.5.1/pico-sdk/src/rp2_common/pico_float/float_aeabi.S.obj
 *(.preinit_array)
                0x20000308                PROVIDE (__preinit_array_end = .)
                0x20000308                . = ALIGN (0x4)
                0x20000308                PROVIDE (__init_array_start = .)
 *(SORT_BY_NAME(.init_array.*))
 *(.init_array)
 .init_array    0x20000308        0x4 c:/progra~1/raspbe~1/picosd~1.1/gcc-ar~1/bin/../lib/gcc/arm-none-eabi/10.3.1/thumb/v6-m/nofp/crtbegin.o
                0x2000030c                PROVIDE (__init_array_end = .)
                0x2000030c                . = ALIGN (0x4)
                [!provide]                PROVIDE (__fini_array_start = .)
 *(SORT_BY_NAME(.fini_array.*))
 *(.fini_array)
                [!provide]                PROVIDE (__fini_array_end = .)
 *(.jcr)
                0x2000030c                . = ALIGN (0x4)
                0x2000030c                __data_end__ = .
                0x10005958                __etext = LOADADDR (.data)

.igot.plt       0x2000030c        0x0 load address 0x10005ba4
 .igot.plt      0x2000030c        0x0 c:/progra~1/raspbe~1/picosd~1.1/gcc-ar~1/bin/../lib/gcc/arm-none-eabi/10.3.1/thumb/v6-m/nofp/crtbegin.o

.uninitialized_data
                0x2000030c        0x0 load address 0x10005ba4
                0x2000030c                . = ALIGN (0x4)
 *(.uninitialized_data*)

.scratch_x      0x20040000        0x0 load address 0x10005ba4
                0x20040000                __scratch_x_start__ = .
 *(.scratch_x.*)
                0x20040000                . = ALIGN (0x4)
                0x20040000                __scratch_x_end__ = .
                0x10005ba4                __scratch_x_source__ = LOADADDR (.scratch_x)

.scratch_y      0x20041000        0x0 load address 0x10005ba4
                0x20041000                __scratch_y_start__ = .
 *(.scratch_y.*)
                0x20041000                . = ALIGN (0x4)
                0x20041000                __scratch_y_end__ = .
                0x10005ba4                __scratch_y_source__ = LOADADDR (.scratch_y)

.bss            0x20000310      0x3e0
                0x20000310                . = ALIGN (0x4)
                0x20000310                __bss_start__ = .
 *(SORT_BY_ALIGNMENT(SORT_BY_NAME(.bss*)))
 .bss.default_alarm_pool_entries
                0x20000310      0x100 pio/uart_rx/CMakeFiles/pio_uart_rx.dir/C_/Program_Files/Raspberry_Pi/Pico_SDK_v1.5.1/pico-sdk/src/common/pico_time/time.c.obj
 .bss           0x20000410       0x1c c:/progra~1/raspbe~1/picosd~1.1/gcc-ar~1/bin/../lib/gcc/arm-none-eabi/10.3.1/thumb/v6-m/nofp/crtbegin.o
 .bss._used_instruction_space
                0x2000042c        0x8 pio/uart_rx/CMakeFiles/pio_uart_rx.dir/C_/Program_Files/Raspberry_Pi/Pico_SDK_v1.5.1/pico-sdk/src/rp2_common/hardware_pio/pio.c.obj
 .bss.alarm_callbacks
                0x20000434       0x10 pio/uart_rx/CMakeFiles/pio_uart_rx.dir/C_/Program_Files/Raspberry_Pi/Pico_SDK_v1.5.1/pico-sdk/src/rp2_common/hardware_timer/timer.c.obj
 .bss.chars_available_callback
                0x20000444        0x4 pio/uart_rx/CMakeFiles/pio_uart_rx.dir/C_/Program_Files/Raspberry_Pi/Pico_SDK_v1.5.1/pico-sdk/src/rp2_common/pico_stdio_uart/stdio_uart.c.obj
 .bss.chars_available_param
                0x20000448        0x4 pio/uart_rx/CMakeFiles/pio_uart_rx.dir/C_/Program_Files/Raspberry_Pi/Pico_SDK_v1.5.1/pico-sdk/src/rp2_common/pico_stdio_uart/stdio_uart.c.obj
 .bss.configured_freq
                0x2000044c       0x28 pio/uart_rx/CMakeFiles/pio_uart_rx.dir/C_/Program_Files/Raspberry_Pi/Pico_SDK_v1.5.1/pico-sdk/src/rp2_common/hardware_clocks/clocks.c.obj
 .bss.default_alarm_pool_entry_ids_high
                0x20000474       0x10 pio/uart_rx/CMakeFiles/pio_uart_rx.dir/C_/Program_Files/Raspberry_Pi/Pico_SDK_v1.5.1/pico-sdk/src/common/pico_time/time.c.obj
 .bss.default_alarm_pool_heap_nodes
                0x20000484       0x30 pio/uart_rx/CMakeFiles/pio_uart_rx.dir/C_/Program_Files/Raspberry_Pi/Pico_SDK_v1.5.1/pico-sdk/src/common/pico_time/time.c.obj
 .bss.drivers   0x200004b4        0x4 pio/uart_rx/CMakeFiles/pio_uart_rx.dir/C_/Program_Files/Raspberry_Pi/Pico_SDK_v1.5.1/pico-sdk/src/rp2_common/pico_stdio/stdio.c.obj
 .bss.filter    0x200004b8        0x4 pio/uart_rx/CMakeFiles/pio_uart_rx.dir/C_/Program_Files/Raspberry_Pi/Pico_SDK_v1.5.1/pico-sdk/src/rp2_common/pico_stdio/stdio.c.obj
 .bss.pools     0x200004bc       0x10 pio/uart_rx/CMakeFiles/pio_uart_rx.dir/C_/Program_Files/Raspberry_Pi/Pico_SDK_v1.5.1/pico-sdk/src/common/pico_time/time.c.obj
 .bss.sd_table  0x200004cc      0x100 pio/uart_rx/CMakeFiles/pio_uart_rx.dir/C_/Program_Files/Raspberry_Pi/Pico_SDK_v1.5.1/pico-sdk/src/rp2_common/pico_double/double_init_rom.c.obj
                0x200004cc                sd_table
 .bss.sf_clz_func
                0x200005cc        0x4 pio/uart_rx/CMakeFiles/pio_uart_rx.dir/C_/Program_Files/Raspberry_Pi/Pico_SDK_v1.5.1/pico-sdk/src/rp2_common/pico_double/double_init_rom.c.obj
                0x200005cc                sf_clz_func
 .bss.sf_table  0x200005d0      0x100 pio/uart_rx/CMakeFiles/pio_uart_rx.dir/C_/Program_Files/Raspberry_Pi/Pico_SDK_v1.5.1/pico-sdk/src/rp2_common/pico_float/float_init_rom.c.obj
                0x200005d0                sf_table
 .bss.sleep_notifier
                0x200006d0        0x4 pio/uart_rx/CMakeFiles/pio_uart_rx.dir/C_/Program_Files/Raspberry_Pi/Pico_SDK_v1.5.1/pico-sdk/src/common/pico_time/time.c.obj
 .bss.target_hi
                0x200006d4       0x10 pio/uart_rx/CMakeFiles/pio_uart_rx.dir/C_/Program_Files/Raspberry_Pi/Pico_SDK_v1.5.1/pico-sdk/src/rp2_common/hardware_timer/timer.c.obj
 .bss.uart_char_to_line_feed
                0x200006e4        0x4 pio/uart_rx/CMakeFiles/pio_uart_rx.dir/C_/Program_Files/Raspberry_Pi/Pico_SDK_v1.5.1/pico-sdk/src/rp2_common/hardware_uart/uart.c.obj
                0x200006e4                uart_char_to_line_feed
 .bss.uart_instance
                0x200006e8        0x4 pio/uart_rx/CMakeFiles/pio_uart_rx.dir/C_/Program_Files/Raspberry_Pi/Pico_SDK_v1.5.1/pico-sdk/src/rp2_common/pico_stdio_uart/stdio_uart.c.obj
 .bss.claimed   0x200006ec        0x1 pio/uart_rx/CMakeFiles/pio_uart_rx.dir/C_/Program_Files/Raspberry_Pi/Pico_SDK_v1.5.1/pico-sdk/src/rp2_common/hardware_timer/timer.c.obj
 .bss.irq_hander_chain_free_slot_head
                0x200006ed        0x1 pio/uart_rx/CMakeFiles/pio_uart_rx.dir/C_/Program_Files/Raspberry_Pi/Pico_SDK_v1.5.1/pico-sdk/src/rp2_common/hardware_irq/irq.c.obj
 .bss.timer_callbacks_pending
                0x200006ee        0x1 pio/uart_rx/CMakeFiles/pio_uart_rx.dir/C_/Program_Files/Raspberry_Pi/Pico_SDK_v1.5.1/pico-sdk/src/rp2_common/hardware_timer/timer.c.obj
 *(COMMON)
                0x200006f0                . = ALIGN (0x4)
 *fill*         0x200006ef        0x1 
                0x200006f0                __bss_end__ = .

.heap           0x200006f0      0x800
                0x200006f0                __end__ = .
                0x200006f0                end = __end__
 *(.heap*)
 .heap          0x200006f0      0x800 pio/uart_rx/CMakeFiles/pio_uart_rx.dir/C_/Program_Files/Raspberry_Pi/Pico_SDK_v1.5.1/pico-sdk/src/rp2_common/pico_standard_link/crt0.S.obj
                0x20000ef0                __HeapLimit = .

.stack1_dummy   0x20040000      0x800
 *(.stack1*)
 .stack1        0x20040000      0x800 pio/uart_rx/CMakeFiles/pio_uart_rx.dir/C_/Program_Files/Raspberry_Pi/Pico_SDK_v1.5.1/pico-sdk/src/rp2_common/pico_multicore/multicore.c.obj

.stack_dummy    0x20041000      0x800
 *(.stack*)
 .stack         0x20041000      0x800 pio/uart_rx/CMakeFiles/pio_uart_rx.dir/C_/Program_Files/Raspberry_Pi/Pico_SDK_v1.5.1/pico-sdk/src/rp2_common/pico_standard_link/crt0.S.obj

.flash_end      0x10005ba4        0x0
                0x10005ba4                PROVIDE (__flash_binary_end = .)
                0x20040000                __StackLimit = (ORIGIN (RAM) + LENGTH (RAM))
                0x20041000                __StackOneTop = (ORIGIN (SCRATCH_X) + LENGTH (SCRATCH_X))
                0x20042000                __StackTop = (ORIGIN (SCRATCH_Y) + LENGTH (SCRATCH_Y))
                0x20040800                __StackOneBottom = (__StackOneTop - SIZEOF (.stack1_dummy))
                0x20041800                __StackBottom = (__StackTop - SIZEOF (.stack_dummy))
                0x20042000                PROVIDE (__stack = __StackTop)
                0x00000001                ASSERT ((__StackLimit >= __HeapLimit), region RAM overflowed)
                0x00000001                ASSERT (((__binary_info_header_end - __logical_binary_start) <= 0x100), Binary info must be in first 256 bytes of the binary)
LOAD pio/uart_rx/CMakeFiles/pio_uart_rx.dir/uart_rx.c.obj
LOAD pio/uart_rx/CMakeFiles/pio_uart_rx.dir/C_/Program_Files/Raspberry_Pi/Pico_SDK_v1.5.1/pico-sdk/src/rp2_common/pico_stdlib/stdlib.c.obj
LOAD pio/uart_rx/CMakeFiles/pio_uart_rx.dir/C_/Program_Files/Raspberry_Pi/Pico_SDK_v1.5.1/pico-sdk/src/rp2_common/hardware_gpio/gpio.c.obj
LOAD pio/uart_rx/CMakeFiles/pio_uart_rx.dir/C_/Program_Files/Raspberry_Pi/Pico_SDK_v1.5.1/pico-sdk/src/rp2_common/pico_platform/platform.c.obj
LOAD pio/uart_rx/CMakeFiles/pio_uart_rx.dir/C_/Program_Files/Raspberry_Pi/Pico_SDK_v1.5.1/pico-sdk/src/rp2_common/hardware_claim/claim.c.obj
LOAD pio/uart_rx/CMakeFiles/pio_uart_rx.dir/C_/Program_Files/Raspberry_Pi/Pico_SDK_v1.5.1/pico-sdk/src/rp2_common/hardware_sync/sync.c.obj
LOAD pio/uart_rx/CMakeFiles/pio_uart_rx.dir/C_/Program_Files/Raspberry_Pi/Pico_SDK_v1.5.1/pico-sdk/src/rp2_common/hardware_irq/irq.c.obj
LOAD pio/uart_rx/CMakeFiles/pio_uart_rx.dir/C_/Program_Files/Raspberry_Pi/Pico_SDK_v1.5.1/pico-sdk/src/rp2_common/hardware_irq/irq_handler_chain.S.obj
LOAD pio/uart_rx/CMakeFiles/pio_uart_rx.dir/C_/Program_Files/Raspberry_Pi/Pico_SDK_v1.5.1/pico-sdk/src/common/pico_sync/sem.c.obj
LOAD pio/uart_rx/CMakeFiles/pio_uart_rx.dir/C_/Program_Files/Raspberry_Pi/Pico_SDK_v1.5.1/pico-sdk/src/common/pico_sync/lock_core.c.obj
LOAD pio/uart_rx/CMakeFiles/pio_uart_rx.dir/C_/Program_Files/Raspberry_Pi/Pico_SDK_v1.5.1/pico-sdk/src/common/pico_sync/mutex.c.obj
LOAD pio/uart_rx/CMakeFiles/pio_uart_rx.dir/C_/Program_Files/Raspberry_Pi/Pico_SDK_v1.5.1/pico-sdk/src/common/pico_sync/critical_section.c.obj
LOAD pio/uart_rx/CMakeFiles/pio_uart_rx.dir/C_/Program_Files/Raspberry_Pi/Pico_SDK_v1.5.1/pico-sdk/src/common/pico_time/time.c.obj
LOAD pio/uart_rx/CMakeFiles/pio_uart_rx.dir/C_/Program_Files/Raspberry_Pi/Pico_SDK_v1.5.1/pico-sdk/src/common/pico_time/timeout_helper.c.obj
LOAD pio/uart_rx/CMakeFiles/pio_uart_rx.dir/C_/Program_Files/Raspberry_Pi/Pico_SDK_v1.5.1/pico-sdk/src/rp2_common/hardware_timer/timer.c.obj
LOAD pio/uart_rx/CMakeFiles/pio_uart_rx.dir/C_/Program_Files/Raspberry_Pi/Pico_SDK_v1.5.1/pico-sdk/src/common/pico_util/datetime.c.obj
LOAD pio/uart_rx/CMakeFiles/pio_uart_rx.dir/C_/Program_Files/Raspberry_Pi/Pico_SDK_v1.5.1/pico-sdk/src/common/pico_util/pheap.c.obj
LOAD pio/uart_rx/CMakeFiles/pio_uart_rx.dir/C_/Program_Files/Raspberry_Pi/Pico_SDK_v1.5.1/pico-sdk/src/common/pico_util/queue.c.obj
LOAD pio/uart_rx/CMakeFiles/pio_uart_rx.dir/C_/Program_Files/Raspberry_Pi/Pico_SDK_v1.5.1/pico-sdk/src/rp2_common/hardware_uart/uart.c.obj
LOAD pio/uart_rx/CMakeFiles/pio_uart_rx.dir/C_/Program_Files/Raspberry_Pi/Pico_SDK_v1.5.1/pico-sdk/src/rp2_common/hardware_clocks/clocks.c.obj
LOAD pio/uart_rx/CMakeFiles/pio_uart_rx.dir/C_/Program_Files/Raspberry_Pi/Pico_SDK_v1.5.1/pico-sdk/src/rp2_common/hardware_pll/pll.c.obj
LOAD pio/uart_rx/CMakeFiles/pio_uart_rx.dir/C_/Program_Files/Raspberry_Pi/Pico_SDK_v1.5.1/pico-sdk/src/rp2_common/hardware_vreg/vreg.c.obj
LOAD pio/uart_rx/CMakeFiles/pio_uart_rx.dir/C_/Program_Files/Raspberry_Pi/Pico_SDK_v1.5.1/pico-sdk/src/rp2_common/hardware_watchdog/watchdog.c.obj
LOAD pio/uart_rx/CMakeFiles/pio_uart_rx.dir/C_/Program_Files/Raspberry_Pi/Pico_SDK_v1.5.1/pico-sdk/src/rp2_common/hardware_xosc/xosc.c.obj
LOAD pio/uart_rx/CMakeFiles/pio_uart_rx.dir/C_/Program_Files/Raspberry_Pi/Pico_SDK_v1.5.1/pico-sdk/src/rp2_common/hardware_divider/divider.S.obj
LOAD pio/uart_rx/CMakeFiles/pio_uart_rx.dir/C_/Program_Files/Raspberry_Pi/Pico_SDK_v1.5.1/pico-sdk/src/rp2_common/pico_runtime/runtime.c.obj
LOAD pio/uart_rx/CMakeFiles/pio_uart_rx.dir/C_/Program_Files/Raspberry_Pi/Pico_SDK_v1.5.1/pico-sdk/src/rp2_common/pico_printf/printf.c.obj
LOAD pio/uart_rx/CMakeFiles/pio_uart_rx.dir/C_/Program_Files/Raspberry_Pi/Pico_SDK_v1.5.1/pico-sdk/src/rp2_common/pico_bit_ops/bit_ops_aeabi.S.obj
LOAD pio/uart_rx/CMakeFiles/pio_uart_rx.dir/C_/Program_Files/Raspberry_Pi/Pico_SDK_v1.5.1/pico-sdk/src/rp2_common/pico_bootrom/bootrom.c.obj
LOAD pio/uart_rx/CMakeFiles/pio_uart_rx.dir/C_/Program_Files/Raspberry_Pi/Pico_SDK_v1.5.1/pico-sdk/src/rp2_common/pico_divider/divider.S.obj
LOAD pio/uart_rx/CMakeFiles/pio_uart_rx.dir/C_/Program_Files/Raspberry_Pi/Pico_SDK_v1.5.1/pico-sdk/src/rp2_common/pico_double/double_aeabi.S.obj
LOAD pio/uart_rx/CMakeFiles/pio_uart_rx.dir/C_/Program_Files/Raspberry_Pi/Pico_SDK_v1.5.1/pico-sdk/src/rp2_common/pico_double/double_init_rom.c.obj
LOAD pio/uart_rx/CMakeFiles/pio_uart_rx.dir/C_/Program_Files/Raspberry_Pi/Pico_SDK_v1.5.1/pico-sdk/src/rp2_common/pico_double/double_math.c.obj
LOAD pio/uart_rx/CMakeFiles/pio_uart_rx.dir/C_/Program_Files/Raspberry_Pi/Pico_SDK_v1.5.1/pico-sdk/src/rp2_common/pico_double/double_v1_rom_shim.S.obj
LOAD pio/uart_rx/CMakeFiles/pio_uart_rx.dir/C_/Program_Files/Raspberry_Pi/Pico_SDK_v1.5.1/pico-sdk/src/rp2_common/pico_int64_ops/pico_int64_ops_aeabi.S.obj
LOAD pio/uart_rx/CMakeFiles/pio_uart_rx.dir/C_/Program_Files/Raspberry_Pi/Pico_SDK_v1.5.1/pico-sdk/src/rp2_common/pico_float/float_aeabi.S.obj
LOAD pio/uart_rx/CMakeFiles/pio_uart_rx.dir/C_/Program_Files/Raspberry_Pi/Pico_SDK_v1.5.1/pico-sdk/src/rp2_common/pico_float/float_init_rom.c.obj
LOAD pio/uart_rx/CMakeFiles/pio_uart_rx.dir/C_/Program_Files/Raspberry_Pi/Pico_SDK_v1.5.1/pico-sdk/src/rp2_common/pico_float/float_math.c.obj
LOAD pio/uart_rx/CMakeFiles/pio_uart_rx.dir/C_/Program_Files/Raspberry_Pi/Pico_SDK_v1.5.1/pico-sdk/src/rp2_common/pico_float/float_v1_rom_shim.S.obj
LOAD pio/uart_rx/CMakeFiles/pio_uart_rx.dir/C_/Program_Files/Raspberry_Pi/Pico_SDK_v1.5.1/pico-sdk/src/rp2_common/pico_malloc/pico_malloc.c.obj
LOAD pio/uart_rx/CMakeFiles/pio_uart_rx.dir/C_/Program_Files/Raspberry_Pi/Pico_SDK_v1.5.1/pico-sdk/src/rp2_common/pico_mem_ops/mem_ops_aeabi.S.obj
LOAD pio/uart_rx/CMakeFiles/pio_uart_rx.dir/C_/Program_Files/Raspberry_Pi/Pico_SDK_v1.5.1/pico-sdk/src/rp2_common/pico_standard_link/crt0.S.obj
LOAD pio/uart_rx/CMakeFiles/pio_uart_rx.dir/C_/Program_Files/Raspberry_Pi/Pico_SDK_v1.5.1/pico-sdk/src/rp2_common/pico_standard_link/new_delete.cpp.obj
LOAD pio/uart_rx/CMakeFiles/pio_uart_rx.dir/C_/Program_Files/Raspberry_Pi/Pico_SDK_v1.5.1/pico-sdk/src/rp2_common/pico_standard_link/binary_info.c.obj
LOAD pio/uart_rx/CMakeFiles/pio_uart_rx.dir/C_/Program_Files/Raspberry_Pi/Pico_SDK_v1.5.1/pico-sdk/src/rp2_common/pico_stdio/stdio.c.obj
LOAD pio/uart_rx/CMakeFiles/pio_uart_rx.dir/C_/Program_Files/Raspberry_Pi/Pico_SDK_v1.5.1/pico-sdk/src/rp2_common/pico_stdio_uart/stdio_uart.c.obj
LOAD pio/uart_rx/CMakeFiles/pio_uart_rx.dir/C_/Program_Files/Raspberry_Pi/Pico_SDK_v1.5.1/pico-sdk/src/rp2_common/pico_multicore/multicore.c.obj
LOAD pio/uart_rx/CMakeFiles/pio_uart_rx.dir/C_/Program_Files/Raspberry_Pi/Pico_SDK_v1.5.1/pico-sdk/src/rp2_common/hardware_pio/pio.c.obj
LOAD C:\Users\thisi\AppData\Local\Temp\ccCvqWWi.o
LOAD c:/progra~1/raspbe~1/picosd~1.1/gcc-ar~1/bin/../lib/gcc/arm-none-eabi/10.3.1/../../../../arm-none-eabi/lib/thumb/v6-m/nofp\libstdc++.a
LOAD c:/progra~1/raspbe~1/picosd~1.1/gcc-ar~1/bin/../lib/gcc/arm-none-eabi/10.3.1/../../../../arm-none-eabi/lib/thumb/v6-m/nofp\libm.a
START GROUP
LOAD c:/progra~1/raspbe~1/picosd~1.1/gcc-ar~1/bin/../lib/gcc/arm-none-eabi/10.3.1/thumb/v6-m/nofp\libgcc.a
LOAD c:/progra~1/raspbe~1/picosd~1.1/gcc-ar~1/bin/../lib/gcc/arm-none-eabi/10.3.1/../../../../arm-none-eabi/lib/thumb/v6-m/nofp\libg.a
LOAD c:/progra~1/raspbe~1/picosd~1.1/gcc-ar~1/bin/../lib/gcc/arm-none-eabi/10.3.1/../../../../arm-none-eabi/lib/thumb/v6-m/nofp\libc.a
END GROUP
START GROUP
LOAD c:/progra~1/raspbe~1/picosd~1.1/gcc-ar~1/bin/../lib/gcc/arm-none-eabi/10.3.1/thumb/v6-m/nofp\libgcc.a
LOAD c:/progra~1/raspbe~1/picosd~1.1/gcc-ar~1/bin/../lib/gcc/arm-none-eabi/10.3.1/../../../../arm-none-eabi/lib/thumb/v6-m/nofp\libc.a
LOAD c:/progra~1/raspbe~1/picosd~1.1/gcc-ar~1/bin/../lib/gcc/arm-none-eabi/10.3.1/../../../../arm-none-eabi/lib/thumb/v6-m/nofp\libnosys.a
END GROUP
LOAD c:/progra~1/raspbe~1/picosd~1.1/gcc-ar~1/bin/../lib/gcc/arm-none-eabi/10.3.1/thumb/v6-m/nofp/crtend.o
LOAD c:/progra~1/raspbe~1/picosd~1.1/gcc-ar~1/bin/../lib/gcc/arm-none-eabi/10.3.1/thumb/v6-m/nofp/crtn.o
OUTPUT(pio\uart_rx\pio_uart_rx.elf elf32-littlearm)
LOAD linker stubs

.ARM.attributes
                0x00000000       0x28
 .ARM.attributes
                0x00000000       0x1e c:/progra~1/raspbe~1/picosd~1.1/gcc-ar~1/bin/../lib/gcc/arm-none-eabi/10.3.1/thumb/v6-m/nofp/crti.o
 .ARM.attributes
                0x0000001e       0x2c c:/progra~1/raspbe~1/picosd~1.1/gcc-ar~1/bin/../lib/gcc/arm-none-eabi/10.3.1/thumb/v6-m/nofp/crtbegin.o
 .ARM.attributes
                0x0000004a       0x2c pio/uart_rx/CMakeFiles/pio_uart_rx.dir/uart_rx.c.obj
 .ARM.attributes
                0x00000076       0x2c pio/uart_rx/CMakeFiles/pio_uart_rx.dir/C_/Program_Files/Raspberry_Pi/Pico_SDK_v1.5.1/pico-sdk/src/rp2_common/pico_stdlib/stdlib.c.obj
 .ARM.attributes
                0x000000a2       0x2c pio/uart_rx/CMakeFiles/pio_uart_rx.dir/C_/Program_Files/Raspberry_Pi/Pico_SDK_v1.5.1/pico-sdk/src/rp2_common/hardware_gpio/gpio.c.obj
 .ARM.attributes
                0x000000ce       0x2c pio/uart_rx/CMakeFiles/pio_uart_rx.dir/C_/Program_Files/Raspberry_Pi/Pico_SDK_v1.5.1/pico-sdk/src/rp2_common/pico_platform/platform.c.obj
 .ARM.attributes
                0x000000fa       0x2c pio/uart_rx/CMakeFiles/pio_uart_rx.dir/C_/Program_Files/Raspberry_Pi/Pico_SDK_v1.5.1/pico-sdk/src/rp2_common/hardware_claim/claim.c.obj
 .ARM.attributes
                0x00000126       0x2c pio/uart_rx/CMakeFiles/pio_uart_rx.dir/C_/Program_Files/Raspberry_Pi/Pico_SDK_v1.5.1/pico-sdk/src/rp2_common/hardware_sync/sync.c.obj
 .ARM.attributes
                0x00000152       0x2c pio/uart_rx/CMakeFiles/pio_uart_rx.dir/C_/Program_Files/Raspberry_Pi/Pico_SDK_v1.5.1/pico-sdk/src/rp2_common/hardware_irq/irq.c.obj
 .ARM.attributes
                0x0000017e       0x22 pio/uart_rx/CMakeFiles/pio_uart_rx.dir/C_/Program_Files/Raspberry_Pi/Pico_SDK_v1.5.1/pico-sdk/src/rp2_common/hardware_irq/irq_handler_chain.S.obj
 .ARM.attributes
                0x000001a0       0x2c pio/uart_rx/CMakeFiles/pio_uart_rx.dir/C_/Program_Files/Raspberry_Pi/Pico_SDK_v1.5.1/pico-sdk/src/common/pico_sync/lock_core.c.obj
 .ARM.attributes
                0x000001cc       0x2c pio/uart_rx/CMakeFiles/pio_uart_rx.dir/C_/Program_Files/Raspberry_Pi/Pico_SDK_v1.5.1/pico-sdk/src/common/pico_sync/mutex.c.obj
 .ARM.attributes
                0x000001f8       0x2c pio/uart_rx/CMakeFiles/pio_uart_rx.dir/C_/Program_Files/Raspberry_Pi/Pico_SDK_v1.5.1/pico-sdk/src/common/pico_time/time.c.obj
 .ARM.attributes
                0x00000224       0x2c pio/uart_rx/CMakeFiles/pio_uart_rx.dir/C_/Program_Files/Raspberry_Pi/Pico_SDK_v1.5.1/pico-sdk/src/rp2_common/hardware_timer/timer.c.obj
 .ARM.attributes
                0x00000250       0x2c pio/uart_rx/CMakeFiles/pio_uart_rx.dir/C_/Program_Files/Raspberry_Pi/Pico_SDK_v1.5.1/pico-sdk/src/common/pico_util/pheap.c.obj
 .ARM.attributes
                0x0000027c       0x2c pio/uart_rx/CMakeFiles/pio_uart_rx.dir/C_/Program_Files/Raspberry_Pi/Pico_SDK_v1.5.1/pico-sdk/src/rp2_common/hardware_uart/uart.c.obj
 .ARM.attributes
                0x000002a8       0x2c pio/uart_rx/CMakeFiles/pio_uart_rx.dir/C_/Program_Files/Raspberry_Pi/Pico_SDK_v1.5.1/pico-sdk/src/rp2_common/hardware_clocks/clocks.c.obj
 .ARM.attributes
                0x000002d4       0x2c pio/uart_rx/CMakeFiles/pio_uart_rx.dir/C_/Program_Files/Raspberry_Pi/Pico_SDK_v1.5.1/pico-sdk/src/rp2_common/hardware_pll/pll.c.obj
 .ARM.attributes
                0x00000300       0x2c pio/uart_rx/CMakeFiles/pio_uart_rx.dir/C_/Program_Files/Raspberry_Pi/Pico_SDK_v1.5.1/pico-sdk/src/rp2_common/hardware_watchdog/watchdog.c.obj
 .ARM.attributes
                0x0000032c       0x2c pio/uart_rx/CMakeFiles/pio_uart_rx.dir/C_/Program_Files/Raspberry_Pi/Pico_SDK_v1.5.1/pico-sdk/src/rp2_common/hardware_xosc/xosc.c.obj
 .ARM.attributes
                0x00000358       0x2c pio/uart_rx/CMakeFiles/pio_uart_rx.dir/C_/Program_Files/Raspberry_Pi/Pico_SDK_v1.5.1/pico-sdk/src/rp2_common/pico_runtime/runtime.c.obj
 .ARM.attributes
                0x00000384       0x2c pio/uart_rx/CMakeFiles/pio_uart_rx.dir/C_/Program_Files/Raspberry_Pi/Pico_SDK_v1.5.1/pico-sdk/src/rp2_common/pico_printf/printf.c.obj
 .ARM.attributes
                0x000003b0       0x22 pio/uart_rx/CMakeFiles/pio_uart_rx.dir/C_/Program_Files/Raspberry_Pi/Pico_SDK_v1.5.1/pico-sdk/src/rp2_common/pico_bit_ops/bit_ops_aeabi.S.obj
 .ARM.attributes
                0x000003d2       0x2c pio/uart_rx/CMakeFiles/pio_uart_rx.dir/C_/Program_Files/Raspberry_Pi/Pico_SDK_v1.5.1/pico-sdk/src/rp2_common/pico_bootrom/bootrom.c.obj
 .ARM.attributes
                0x000003fe       0x22 pio/uart_rx/CMakeFiles/pio_uart_rx.dir/C_/Program_Files/Raspberry_Pi/Pico_SDK_v1.5.1/pico-sdk/src/rp2_common/pico_divider/divider.S.obj
 .ARM.attributes
                0x00000420       0x22 pio/uart_rx/CMakeFiles/pio_uart_rx.dir/C_/Program_Files/Raspberry_Pi/Pico_SDK_v1.5.1/pico-sdk/src/rp2_common/pico_double/double_aeabi.S.obj
 .ARM.attributes
                0x00000442       0x2c pio/uart_rx/CMakeFiles/pio_uart_rx.dir/C_/Program_Files/Raspberry_Pi/Pico_SDK_v1.5.1/pico-sdk/src/rp2_common/pico_double/double_init_rom.c.obj
 .ARM.attributes
                0x0000046e       0x22 pio/uart_rx/CMakeFiles/pio_uart_rx.dir/C_/Program_Files/Raspberry_Pi/Pico_SDK_v1.5.1/pico-sdk/src/rp2_common/pico_double/double_v1_rom_shim.S.obj
 .ARM.attributes
                0x00000490       0x22 pio/uart_rx/CMakeFiles/pio_uart_rx.dir/C_/Program_Files/Raspberry_Pi/Pico_SDK_v1.5.1/pico-sdk/src/rp2_common/pico_float/float_aeabi.S.obj
 .ARM.attributes
                0x000004b2       0x2c pio/uart_rx/CMakeFiles/pio_uart_rx.dir/C_/Program_Files/Raspberry_Pi/Pico_SDK_v1.5.1/pico-sdk/src/rp2_common/pico_float/float_init_rom.c.obj
 .ARM.attributes
                0x000004de       0x2c pio/uart_rx/CMakeFiles/pio_uart_rx.dir/C_/Program_Files/Raspberry_Pi/Pico_SDK_v1.5.1/pico-sdk/src/rp2_common/pico_malloc/pico_malloc.c.obj
 .ARM.attributes
                0x0000050a       0x22 pio/uart_rx/CMakeFiles/pio_uart_rx.dir/C_/Program_Files/Raspberry_Pi/Pico_SDK_v1.5.1/pico-sdk/src/rp2_common/pico_mem_ops/mem_ops_aeabi.S.obj
 .ARM.attributes
                0x0000052c       0x22 pio/uart_rx/CMakeFiles/pio_uart_rx.dir/C_/Program_Files/Raspberry_Pi/Pico_SDK_v1.5.1/pico-sdk/src/rp2_common/pico_standard_link/crt0.S.obj
 .ARM.attributes
                0x0000054e       0x2c pio/uart_rx/CMakeFiles/pio_uart_rx.dir/C_/Program_Files/Raspberry_Pi/Pico_SDK_v1.5.1/pico-sdk/src/rp2_common/pico_standard_link/binary_info.c.obj
 .ARM.attributes
                0x0000057a       0x2c pio/uart_rx/CMakeFiles/pio_uart_rx.dir/C_/Program_Files/Raspberry_Pi/Pico_SDK_v1.5.1/pico-sdk/src/rp2_common/pico_stdio/stdio.c.obj
 .ARM.attributes
                0x000005a6       0x2c pio/uart_rx/CMakeFiles/pio_uart_rx.dir/C_/Program_Files/Raspberry_Pi/Pico_SDK_v1.5.1/pico-sdk/src/rp2_common/pico_stdio_uart/stdio_uart.c.obj
 .ARM.attributes
                0x000005d2       0x2c pio/uart_rx/CMakeFiles/pio_uart_rx.dir/C_/Program_Files/Raspberry_Pi/Pico_SDK_v1.5.1/pico-sdk/src/rp2_common/pico_multicore/multicore.c.obj
 .ARM.attributes
                0x000005fe       0x2c pio/uart_rx/CMakeFiles/pio_uart_rx.dir/C_/Program_Files/Raspberry_Pi/Pico_SDK_v1.5.1/pico-sdk/src/rp2_common/hardware_pio/pio.c.obj
 .ARM.attributes
                0x0000062a       0x22 C:\Users\thisi\AppData\Local\Temp\ccCvqWWi.o
 .ARM.attributes
                0x0000064c       0x1e c:/progra~1/raspbe~1/picosd~1.1/gcc-ar~1/bin/../lib/gcc/arm-none-eabi/10.3.1/thumb/v6-m/nofp\libgcc.a(_dvmd_tls.o)
 .ARM.attributes
                0x0000066a       0x2c c:/progra~1/raspbe~1/picosd~1.1/gcc-ar~1/bin/../lib/gcc/arm-none-eabi/10.3.1/../../../../arm-none-eabi/lib/thumb/v6-m/nofp\libg.a(lib_a-strlen-stub.o)

.comment        0x00000000       0x49
 .comment       0x00000000       0x49 pio/uart_rx/CMakeFiles/pio_uart_rx.dir/uart_rx.c.obj
                                 0x4a (size before relaxing)