Archive member included to satisfy reference by file (symbol)

c:/progra~1/raspbe~1/picosd~1.1/gcc-ar~1/bin/../lib/gcc/arm-none-eabi/10.3.1/thumb/v6-m/nofp\libgcc.a(_dvmd_tls.o)
                              usb/device/tinyusb_device_examples/audio_test/CMakeFiles/tinyusb_dev_audio_test.dir/C_/Program_Files/Raspberry_Pi/Pico_SDK_v1.5.1/pico-sdk/src/rp2_common/pico_divider/divider.S.obj (__aeabi_idiv0)
c:/progra~1/raspbe~1/picosd~1.1/gcc-ar~1/bin/../lib/gcc/arm-none-eabi/10.3.1/../../../../arm-none-eabi/lib/thumb/v6-m/nofp\libg.a(lib_a-calloc.o)
                              usb/device/tinyusb_device_examples/audio_test/CMakeFiles/tinyusb_dev_audio_test.dir/C_/Program_Files/Raspberry_Pi/Pico_SDK_v1.5.1/pico-sdk/src/rp2_common/pico_malloc/pico_malloc.c.obj (calloc)
c:/progra~1/raspbe~1/picosd~1.1/gcc-ar~1/bin/../lib/gcc/arm-none-eabi/10.3.1/../../../../arm-none-eabi/lib/thumb/v6-m/nofp\libg.a(lib_a-callocr.o)
                              c:/progra~1/raspbe~1/picosd~1.1/gcc-ar~1/bin/../lib/gcc/arm-none-eabi/10.3.1/../../../../arm-none-eabi/lib/thumb/v6-m/nofp\libg.a(lib_a-calloc.o) (_calloc_r)
c:/progra~1/raspbe~1/picosd~1.1/gcc-ar~1/bin/../lib/gcc/arm-none-eabi/10.3.1/../../../../arm-none-eabi/lib/thumb/v6-m/nofp\libg.a(lib_a-errno.o)
                              c:/progra~1/raspbe~1/picosd~1.1/gcc-ar~1/bin/../lib/gcc/arm-none-eabi/10.3.1/../../../../arm-none-eabi/lib/thumb/v6-m/nofp\libg.a(lib_a-callocr.o) (__errno)
c:/progra~1/raspbe~1/picosd~1.1/gcc-ar~1/bin/../lib/gcc/arm-none-eabi/10.3.1/../../../../arm-none-eabi/lib/thumb/v6-m/nofp\libg.a(lib_a-impure.o)
                              c:/progra~1/raspbe~1/picosd~1.1/gcc-ar~1/bin/../lib/gcc/arm-none-eabi/10.3.1/../../../../arm-none-eabi/lib/thumb/v6-m/nofp\libg.a(lib_a-calloc.o) (_impure_ptr)
c:/progra~1/raspbe~1/picosd~1.1/gcc-ar~1/bin/../lib/gcc/arm-none-eabi/10.3.1/../../../../arm-none-eabi/lib/thumb/v6-m/nofp\libg.a(lib_a-init.o)
                              c:/progra~1/raspbe~1/picosd~1.1/gcc-ar~1/bin/../lib/gcc/arm-none-eabi/10.3.1/../../../../arm-none-eabi/lib/thumb/v6-m/nofp/crt0.o (__libc_init_array)
c:/progra~1/raspbe~1/picosd~1.1/gcc-ar~1/bin/../lib/gcc/arm-none-eabi/10.3.1/../../../../arm-none-eabi/lib/thumb/v6-m/nofp\libg.a(lib_a-malloc.o)
                              usb/device/tinyusb_device_examples/audio_test/CMakeFiles/tinyusb_dev_audio_test.dir/C_/Program_Files/Raspberry_Pi/Pico_SDK_v1.5.1/pico-sdk/src/rp2_common/pico_malloc/pico_malloc.c.obj (malloc)
c:/progra~1/raspbe~1/picosd~1.1/gcc-ar~1/bin/../lib/gcc/arm-none-eabi/10.3.1/../../../../arm-none-eabi/lib/thumb/v6-m/nofp\libg.a(lib_a-mallocr.o)
                              c:/progra~1/raspbe~1/picosd~1.1/gcc-ar~1/bin/../lib/gcc/arm-none-eabi/10.3.1/../../../../arm-none-eabi/lib/thumb/v6-m/nofp\libg.a(lib_a-callocr.o) (_malloc_r)
c:/progra~1/raspbe~1/picosd~1.1/gcc-ar~1/bin/../lib/gcc/arm-none-eabi/10.3.1/../../../../arm-none-eabi/lib/thumb/v6-m/nofp\libg.a(lib_a-mlock.o)
                              c:/progra~1/raspbe~1/picosd~1.1/gcc-ar~1/bin/../lib/gcc/arm-none-eabi/10.3.1/../../../../arm-none-eabi/lib/thumb/v6-m/nofp\libg.a(lib_a-mallocr.o) (__malloc_lock)
c:/progra~1/raspbe~1/picosd~1.1/gcc-ar~1/bin/../lib/gcc/arm-none-eabi/10.3.1/../../../../arm-none-eabi/lib/thumb/v6-m/nofp\libg.a(lib_a-realloc.o)
                              usb/device/tinyusb_device_examples/audio_test/CMakeFiles/tinyusb_dev_audio_test.dir/C_/Program_Files/Raspberry_Pi/Pico_SDK_v1.5.1/pico-sdk/src/rp2_common/pico_malloc/pico_malloc.c.obj (realloc)
c:/progra~1/raspbe~1/picosd~1.1/gcc-ar~1/bin/../lib/gcc/arm-none-eabi/10.3.1/../../../../arm-none-eabi/lib/thumb/v6-m/nofp\libg.a(lib_a-reallocr.o)
                              c:/progra~1/raspbe~1/picosd~1.1/gcc-ar~1/bin/../lib/gcc/arm-none-eabi/10.3.1/../../../../arm-none-eabi/lib/thumb/v6-m/nofp\libg.a(lib_a-realloc.o) (_realloc_r)
c:/progra~1/raspbe~1/picosd~1.1/gcc-ar~1/bin/../lib/gcc/arm-none-eabi/10.3.1/../../../../arm-none-eabi/lib/thumb/v6-m/nofp\libg.a(lib_a-sbrkr.o)
                              c:/progra~1/raspbe~1/picosd~1.1/gcc-ar~1/bin/../lib/gcc/arm-none-eabi/10.3.1/../../../../arm-none-eabi/lib/thumb/v6-m/nofp\libg.a(lib_a-mallocr.o) (_sbrk_r)
c:/progra~1/raspbe~1/picosd~1.1/gcc-ar~1/bin/../lib/gcc/arm-none-eabi/10.3.1/../../../../arm-none-eabi/lib/thumb/v6-m/nofp\libg.a(lib_a-strlen-stub.o)
                              usb/device/tinyusb_device_examples/audio_test/CMakeFiles/tinyusb_dev_audio_test.dir/src/usb_descriptors.c.obj (strlen)
c:/progra~1/raspbe~1/picosd~1.1/gcc-ar~1/bin/../lib/gcc/arm-none-eabi/10.3.1/../../../../arm-none-eabi/lib/thumb/v6-m/nofp\libg.a(lib_a-freer.o)
                              c:/progra~1/raspbe~1/picosd~1.1/gcc-ar~1/bin/../lib/gcc/arm-none-eabi/10.3.1/../../../../arm-none-eabi/lib/thumb/v6-m/nofp\libg.a(lib_a-malloc.o) (_free_r)
c:/progra~1/raspbe~1/picosd~1.1/gcc-ar~1/bin/../lib/gcc/arm-none-eabi/10.3.1/../../../../arm-none-eabi/lib/thumb/v6-m/nofp\libg.a(lib_a-lock.o)
[...]
Memory Configuration

Name             Origin             Length             Attributes
FLASH            0x10000000         0x00200000         xr
RAM              0x20000000         0x00040000         xrw
SCRATCH_X        0x20040000         0x00001000         xrw
SCRATCH_Y        0x20041000         0x00001000         xrw
*default*        0x00000000         0xffffffff

Linker script and memory map

LOAD c:/progra~1/raspbe~1/picosd~1.1/gcc-ar~1/bin/../lib/gcc/arm-none-eabi/10.3.1/thumb/v6-m/nofp/crti.o
LOAD c:/progra~1/raspbe~1/picosd~1.1/gcc-ar~1/bin/../lib/gcc/arm-none-eabi/10.3.1/thumb/v6-m/nofp/crtbegin.o
LOAD c:/progra~1/raspbe~1/picosd~1.1/gcc-ar~1/bin/../lib/gcc/arm-none-eabi/10.3.1/../../../../arm-none-eabi/lib/thumb/v6-m/nofp/crt0.o

.flash_begin    0x10000000        0x0
                0x10000000                __flash_binary_start = .

.boot2          0x10000000      0x100
                0x10000000                __boot2_start__ = .
 *(.boot2)
 .boot2         0x10000000      0x100 C:\Users\thisi\AppData\Local\Temp\ccsjo3eo.o
                0x10000100                __boot2_end__ = .
                0x00000001                ASSERT (((__boot2_end__ - __boot2_start__) == 0x100), ERROR: Pico second stage bootloader must be 256 bytes in size)

.text           0x10000100     0x6540
                0x10000100                __logical_binary_start = .
 *(.vectors)
 .vectors       0x10000100       0xd4 usb/device/tinyusb_device_examples/audio_test/CMakeFiles/tinyusb_dev_audio_test.dir/C_/Program_Files/Raspberry_Pi/Pico_SDK_v1.5.1/pico-sdk/src/rp2_common/pico_standard_link/crt0.S.obj
                0x10000100                __VECTOR_TABLE
                0x10000100                __vectors
                0x100001c0                isr_invalid
                0x100001c0                __default_isrs_start
                0x100001c2                isr_nmi
                0x100001c4                isr_hardfault
                0x100001c6                isr_svcall
                0x100001c8                isr_pendsv
                0x100001ca                isr_systick
                0x100001cc                isr_irq23
                0x100001cc                isr_irq18
                0x100001cc                isr_irq11
                0x100001cc                isr_irq28
                0x100001cc                isr_irq19
                0x100001cc                isr_irq0
                0x100001cc                isr_irq6
                0x100001cc                isr_irq5
                0x100001cc                isr_irq12
                0x100001cc                isr_irq22
                0x100001cc                isr_irq31
                0x100001cc                isr_irq17
                0x100001cc                isr_irq27
                0x100001cc                isr_irq30
                0x100001cc                isr_irq2
                0x100001cc                isr_irq10
                0x100001cc                isr_irq8
                0x100001cc                isr_irq24
                0x100001cc                isr_irq1
                0x100001cc                isr_irq7
                0x100001cc                isr_irq21
                0x100001cc                isr_irq20
                0x100001cc                isr_irq15
                0x100001cc                isr_irq25
                0x100001cc                isr_irq13
                0x100001cc                __unhandled_user_irq
                0x100001cc                isr_irq4
                0x100001cc                isr_irq16
                0x100001cc                isr_irq29
                0x100001cc                isr_irq26
                0x100001cc                __default_isrs_end
                0x100001cc                isr_irq3
                0x100001cc                isr_irq14
                0x100001cc                isr_irq9
                0x100001d2                unhandled_user_irq_num_in_r0
 *(.binary_info_header)
 .binary_info_header
                0x100001d4       0x14 usb/device/tinyusb_device_examples/audio_test/CMakeFiles/tinyusb_dev_audio_test.dir/C_/Program_Files/Raspberry_Pi/Pico_SDK_v1.5.1/pico-sdk/src/rp2_common/pico_standard_link/crt0.S.obj
                0x100001e8                __binary_info_header_end = .
 *(.reset)
 .reset         0x100001e8       0xa0 usb/device/tinyusb_device_examples/audio_test/CMakeFiles/tinyusb_dev_audio_test.dir/C_/Program_Files/Raspberry_Pi/Pico_SDK_v1.5.1/pico-sdk/src/rp2_common/pico_standard_link/crt0.S.obj
                0x100001e8                _entry_point
 .reset         0x10000288       0x30 usb/device/tinyusb_device_examples/audio_test/CMakeFiles/tinyusb_dev_audio_test.dir/C_/Program_Files/Raspberry_Pi/Pico_SDK_v1.5.1/pico-sdk/src/rp2_common/pico_standard_link/binary_info.c.obj
 *(.init)
 .init          0x100002b8        0x4 c:/progra~1/raspbe~1/picosd~1.1/gcc-ar~1/bin/../lib/gcc/arm-none-eabi/10.3.1/thumb/v6-m/nofp/crti.o
                0x100002b8                _init
 *(EXCLUDE_FILE(*libm.a: *libc.a:*lib_a-mem*.o *libgcc.a:) .text*)
 .text          0x100002bc       0x48 c:/progra~1/raspbe~1/picosd~1.1/gcc-ar~1/bin/../lib/gcc/arm-none-eabi/10.3.1/thumb/v6-m/nofp/crtbegin.o
 .text.tud_mount_cb
                0x10000304       0x10 usb/device/tinyusb_device_examples/audio_test/CMakeFiles/tinyusb_dev_audio_test.dir/src/main.c.obj
                0x10000304                tud_mount_cb
 .text.tud_umount_cb
                0x10000314        0xc usb/device/tinyusb_device_examples/audio_test/CMakeFiles/tinyusb_dev_audio_test.dir/src/main.c.obj
                0x10000314                tud_umount_cb
 .text.tud_suspend_cb
                0x10000320       0x10 usb/device/tinyusb_device_examples/audio_test/CMakeFiles/tinyusb_dev_audio_test.dir/src/main.c.obj
                0x10000320                tud_suspend_cb
 .text.tud_resume_cb
                0x10000330       0x10 usb/device/tinyusb_device_examples/audio_test/CMakeFiles/tinyusb_dev_audio_test.dir/src/main.c.obj
                0x10000330                tud_resume_cb
 .text.tud_audio_set_req_ep_cb
                0x10000340        0x4 usb/device/tinyusb_device_examples/audio_test/CMakeFiles/tinyusb_dev_audio_test.dir/src/main.c.obj
                0x10000340                tud_audio_set_req_ep_cb
 .text.tud_audio_set_req_itf_cb
                0x10000344        0x4 usb/device/tinyusb_device_examples/audio_test/CMakeFiles/tinyusb_dev_audio_test.dir/src/main.c.obj
                0x10000344                tud_audio_set_req_itf_cb
 .text.tud_audio_set_req_entity_cb
                0x10000348       0x70 usb/device/tinyusb_device_examples/audio_test/CMakeFiles/tinyusb_dev_audio_test.dir/src/main.c.obj
                0x10000348                tud_audio_set_req_entity_cb
 .text.tud_audio_get_req_ep_cb
                0x100003b8        0x4 usb/device/tinyusb_device_examples/audio_test/CMakeFiles/tinyusb_dev_audio_test.dir/src/main.c.obj
                0x100003b8                tud_audio_get_req_ep_cb
 .text.tud_audio_get_req_itf_cb
                0x100003bc        0x4 usb/device/tinyusb_device_examples/audio_test/CMakeFiles/tinyusb_dev_audio_test.dir/src/main.c.obj
                0x100003bc                tud_audio_get_req_itf_cb
 .text.tud_audio_get_req_entity_cb
                0x100003c0       0xe0 usb/device/tinyusb_device_examples/audio_test/CMakeFiles/tinyusb_dev_audio_test.dir/src/main.c.obj
                0x100003c0                tud_audio_get_req_entity_cb
 .text.tud_audio_tx_done_pre_load_cb
                0x100004a0       0x14 usb/device/tinyusb_device_examples/audio_test/CMakeFiles/tinyusb_dev_audio_test.dir/src/main.c.obj
                0x100004a0                tud_audio_tx_done_pre_load_cb
 .text.tud_audio_tx_done_post_load_cb
                0x100004b4       0x24 usb/device/tinyusb_device_examples/audio_test/CMakeFiles/tinyusb_dev_audio_test.dir/src/main.c.obj
                0x100004b4                tud_audio_tx_done_post_load_cb
 .text.tud_audio_set_itf_close_EP_cb
                0x100004d8       0x10 usb/device/tinyusb_device_examples/audio_test/CMakeFiles/tinyusb_dev_audio_test.dir/src/main.c.obj
                0x100004d8                tud_audio_set_itf_close_EP_cb
 .text.led_blinking_task
                0x100004e8       0x6c usb/device/tinyusb_device_examples/audio_test/CMakeFiles/tinyusb_dev_audio_test.dir/src/main.c.obj
                0x100004e8                led_blinking_task
 .text.main     0x10000554       0x58 usb/device/tinyusb_device_examples/audio_test/CMakeFiles/tinyusb_dev_audio_test.dir/src/main.c.obj
                0x10000554                main
 .text.tud_descriptor_device_cb
                0x100005ac        0x8 usb/device/tinyusb_device_examples/audio_test/CMakeFiles/tinyusb_dev_audio_test.dir/src/usb_descriptors.c.obj
                0x100005ac                tud_descriptor_device_cb
 .text.tud_descriptor_configuration_cb
                0x100005b4        0x8 usb/device/tinyusb_device_examples/audio_test/CMakeFiles/tinyusb_dev_audio_test.dir/src/usb_descriptors.c.obj
                0x100005b4                tud_descriptor_configuration_cb
 .text.tud_descriptor_string_cb
                0x100005bc       0x60 usb/device/tinyusb_device_examples/audio_test/CMakeFiles/tinyusb_dev_audio_test.dir/src/usb_descriptors.c.obj
                0x100005bc                tud_descriptor_string_cb
 .text.gpio_set_function
                0x1000061c       0x30 usb/device/tinyusb_device_examples/audio_test/CMakeFiles/tinyusb_dev_audio_test.dir/C_/Program_Files/Raspberry_Pi/Pico_SDK_v1.5.1/pico-sdk/src/rp2_common/hardware_gpio/gpio.c.obj
                0x1000061c                gpio_set_function
 .text.running_on_fpga
                0x1000064c       0x14 usb/device/tinyusb_device_examples/audio_test/CMakeFiles/tinyusb_dev_audio_test.dir/C_/Program_Files/Raspberry_Pi/Pico_SDK_v1.5.1/pico-sdk/src/rp2_common/pico_platform/platform.c.obj
                0x1000064c                running_on_fpga
 .text.hw_claim_lock
                0x10000660       0x18 usb/device/tinyusb_device_examples/audio_test/CMakeFiles/tinyusb_dev_audio_test.dir/C_/Program_Files/Raspberry_Pi/Pico_SDK_v1.5.1/pico-sdk/src/rp2_common/hardware_claim/claim.c.obj
                0x10000660                hw_claim_lock
 .text.hw_claim_unlock
                0x10000678       0x14 usb/device/tinyusb_device_examples/audio_test/CMakeFiles/tinyusb_dev_audio_test.dir/C_/Program_Files/Raspberry_Pi/Pico_SDK_v1.5.1/pico-sdk/src/rp2_common/hardware_claim/claim.c.obj
                0x10000678                hw_claim_unlock
 .text.hw_claim_or_assert
                0x1000068c       0x32 usb/device/tinyusb_device_examples/audio_test/CMakeFiles/tinyusb_dev_audio_test.dir/C_/Program_Files/Raspberry_Pi/Pico_SDK_v1.5.1/pico-sdk/src/rp2_common/hardware_claim/claim.c.obj
                0x1000068c                hw_claim_or_assert
 .text.hw_claim_unused_from_range
                0x100006be       0x50 usb/device/tinyusb_device_examples/audio_test/CMakeFiles/tinyusb_dev_audio_test.dir/C_/Program_Files/Raspberry_Pi/Pico_SDK_v1.5.1/pico-sdk/src/rp2_common/hardware_claim/claim.c.obj
                0x100006be                hw_claim_unused_from_range
 *fill*         0x1000070e        0x2 
 .text.spin_locks_reset
                0x10000710       0x20 usb/device/tinyusb_device_examples/audio_test/CMakeFiles/tinyusb_dev_audio_test.dir/C_/Program_Files/Raspberry_Pi/Pico_SDK_v1.5.1/pico-sdk/src/rp2_common/hardware_sync/sync.c.obj
                0x10000710                spin_locks_reset
 .text.next_striped_spin_lock_num
                0x10000730       0x1c usb/device/tinyusb_device_examples/audio_test/CMakeFiles/tinyusb_dev_audio_test.dir/C_/Program_Files/Raspberry_Pi/Pico_SDK_v1.5.1/pico-sdk/src/rp2_common/hardware_sync/sync.c.obj
                0x10000730                next_striped_spin_lock_num
 .text.spin_lock_claim_unused
                0x1000074c       0x20 usb/device/tinyusb_device_examples/audio_test/CMakeFiles/tinyusb_dev_audio_test.dir/C_/Program_Files/Raspberry_Pi/Pico_SDK_v1.5.1/pico-sdk/src/rp2_common/hardware_sync/sync.c.obj
                0x1000074c                spin_lock_claim_unused
 .text.set_raw_irq_handler_and_unlock
                0x1000076c       0x28 usb/device/tinyusb_device_examples/audio_test/CMakeFiles/tinyusb_dev_audio_test.dir/C_/Program_Files/Raspberry_Pi/Pico_SDK_v1.5.1/pico-sdk/src/rp2_common/hardware_irq/irq.c.obj
 .text.make_branch
                0x10000794       0x48 usb/device/tinyusb_device_examples/audio_test/CMakeFiles/tinyusb_dev_audio_test.dir/C_/Program_Files/Raspberry_Pi/Pico_SDK_v1.5.1/pico-sdk/src/rp2_common/hardware_irq/irq.c.obj
 .text.insert_branch_and_link
                0x100007dc       0x40 usb/device/tinyusb_device_examples/audio_test/CMakeFiles/tinyusb_dev_audio_test.dir/C_/Program_Files/Raspberry_Pi/Pico_SDK_v1.5.1/pico-sdk/src/rp2_common/hardware_irq/irq.c.obj
 .text.irq_is_enabled
                0x1000081c       0x18 usb/device/tinyusb_device_examples/audio_test/CMakeFiles/tinyusb_dev_audio_test.dir/C_/Program_Files/Raspberry_Pi/Pico_SDK_v1.5.1/pico-sdk/src/rp2_common/hardware_irq/irq.c.obj
                0x1000081c                irq_is_enabled
 .text.irq_set_mask_enabled
                0x10000834       0x20 usb/device/tinyusb_device_examples/audio_test/CMakeFiles/tinyusb_dev_audio_test.dir/C_/Program_Files/Raspberry_Pi/Pico_SDK_v1.5.1/pico-sdk/src/rp2_common/hardware_irq/irq.c.obj
                0x10000834                irq_set_mask_enabled
 .text.irq_set_enabled
                0x10000854        0xe usb/device/tinyusb_device_examples/audio_test/CMakeFiles/tinyusb_dev_audio_test.dir/C_/Program_Files/Raspberry_Pi/Pico_SDK_v1.5.1/pico-sdk/src/rp2_common/hardware_irq/irq.c.obj
                0x10000854                irq_set_enabled
 *fill*         0x10000862        0x2 
 .text.irq_get_vtable_handler
                0x10000864       0x10 usb/device/tinyusb_device_examples/audio_test/CMakeFiles/tinyusb_dev_audio_test.dir/C_/Program_Files/Raspberry_Pi/Pico_SDK_v1.5.1/pico-sdk/src/rp2_common/hardware_irq/irq.c.obj
                0x10000864                irq_get_vtable_handler
 .text.irq_set_exclusive_handler
                0x10000874       0x54 usb/device/tinyusb_device_examples/audio_test/CMakeFiles/tinyusb_dev_audio_test.dir/C_/Program_Files/Raspberry_Pi/Pico_SDK_v1.5.1/pico-sdk/src/rp2_common/hardware_irq/irq.c.obj
                0x10000874                irq_set_exclusive_handler
 .text.irq_add_shared_handler
                0x100008c8      0x234 usb/device/tinyusb_device_examples/audio_test/CMakeFiles/tinyusb_dev_audio_test.dir/C_/Program_Files/Raspberry_Pi/Pico_SDK_v1.5.1/pico-sdk/src/rp2_common/hardware_irq/irq.c.obj
                0x100008c8                irq_add_shared_handler
 .text.irq_remove_handler
                0x10000afc      0x1ac usb/device/tinyusb_device_examples/audio_test/CMakeFiles/tinyusb_dev_audio_test.dir/C_/Program_Files/Raspberry_Pi/Pico_SDK_v1.5.1/pico-sdk/src/rp2_common/hardware_irq/irq.c.obj
                0x10000afc                irq_remove_handler
 .text.irq_add_tail_to_free_list
                0x10000ca8       0xf0 usb/device/tinyusb_device_examples/audio_test/CMakeFiles/tinyusb_dev_audio_test.dir/C_/Program_Files/Raspberry_Pi/Pico_SDK_v1.5.1/pico-sdk/src/rp2_common/hardware_irq/irq.c.obj
                0x10000ca8                irq_add_tail_to_free_list
 .text.irq_init_priorities
                0x10000d98       0x1c usb/device/tinyusb_device_examples/audio_test/CMakeFiles/tinyusb_dev_audio_test.dir/C_/Program_Files/Raspberry_Pi/Pico_SDK_v1.5.1/pico-sdk/src/rp2_common/hardware_irq/irq.c.obj
                0x10000d98                irq_init_priorities
 .text.lock_init
                0x10000db4       0x10 usb/device/tinyusb_device_examples/audio_test/CMakeFiles/tinyusb_dev_audio_test.dir/C_/Program_Files/Raspberry_Pi/Pico_SDK_v1.5.1/pico-sdk/src/common/pico_sync/lock_core.c.obj
                0x10000db4                lock_init
 .text.mutex_init
                0x10000dc4       0x1a usb/device/tinyusb_device_examples/audio_test/CMakeFiles/tinyusb_dev_audio_test.dir/C_/Program_Files/Raspberry_Pi/Pico_SDK_v1.5.1/pico-sdk/src/common/pico_sync/mutex.c.obj
                0x10000dc4                mutex_init
 .text.recursive_mutex_init
                0x10000dde       0x1e usb/device/tinyusb_device_examples/audio_test/CMakeFiles/tinyusb_dev_audio_test.dir/C_/Program_Files/Raspberry_Pi/Pico_SDK_v1.5.1/pico-sdk/src/common/pico_sync/mutex.c.obj
                0x10000dde                recursive_mutex_init
 .text.critical_section_init_with_lock_num
                0x10000dfc       0x14 usb/device/tinyusb_device_examples/audio_test/CMakeFiles/tinyusb_dev_audio_test.dir/C_/Program_Files/Raspberry_Pi/Pico_SDK_v1.5.1/pico-sdk/src/common/pico_sync/critical_section.c.obj
                0x10000dfc                critical_section_init_with_lock_num
 .text.critical_section_init
                0x10000e10       0x14 usb/device/tinyusb_device_examples/audio_test/CMakeFiles/tinyusb_dev_audio_test.dir/C_/Program_Files/Raspberry_Pi/Pico_SDK_v1.5.1/pico-sdk/src/common/pico_sync/critical_section.c.obj
                0x10000e10                critical_section_init
 .text.alarm_pool_post_alloc_init
                0x10000e24       0x40 usb/device/tinyusb_device_examples/audio_test/CMakeFiles/tinyusb_dev_audio_test.dir/C_/Program_Files/Raspberry_Pi/Pico_SDK_v1.5.1/pico-sdk/src/common/pico_time/time.c.obj
 .text.sleep_until_callback
                0x10000e64       0x30 usb/device/tinyusb_device_examples/audio_test/CMakeFiles/tinyusb_dev_audio_test.dir/C_/Program_Files/Raspberry_Pi/Pico_SDK_v1.5.1/pico-sdk/src/common/pico_time/time.c.obj
 .text.timer_pool_entry_comparator
                0x10000e94       0x7c usb/device/tinyusb_device_examples/audio_test/CMakeFiles/tinyusb_dev_audio_test.dir/C_/Program_Files/Raspberry_Pi/Pico_SDK_v1.5.1/pico-sdk/src/common/pico_time/time.c.obj
                0x10000e94                timer_pool_entry_comparator
 .text.ph_add_child_node
                0x10000f10       0xa4 usb/device/tinyusb_device_examples/audio_test/CMakeFiles/tinyusb_dev_audio_test.dir/C_/Program_Files/Raspberry_Pi/Pico_SDK_v1.5.1/pico-sdk/src/common/pico_time/time.c.obj
 .text.ph_merge_nodes
                0x10000fb4       0x3e usb/device/tinyusb_device_examples/audio_test/CMakeFiles/tinyusb_dev_audio_test.dir/C_/Program_Files/Raspberry_Pi/Pico_SDK_v1.5.1/pico-sdk/src/common/pico_time/time.c.obj
 *fill*         0x10000ff2        0x2 
 .text.add_alarm_under_lock
                0x10000ff4      0x174 usb/device/tinyusb_device_examples/audio_test/CMakeFiles/tinyusb_dev_audio_test.dir/C_/Program_Files/Raspberry_Pi/Pico_SDK_v1.5.1/pico-sdk/src/common/pico_time/time.c.obj
 .text.alarm_pool_alarm_callback
                0x10001168      0x33c usb/device/tinyusb_device_examples/audio_test/CMakeFiles/tinyusb_dev_audio_test.dir/C_/Program_Files/Raspberry_Pi/Pico_SDK_v1.5.1/pico-sdk/src/common/pico_time/time.c.obj
 .text.alarm_pool_init_default
                0x100014a4       0x40 usb/device/tinyusb_device_examples/audio_test/CMakeFiles/tinyusb_dev_audio_test.dir/C_/Program_Files/Raspberry_Pi/Pico_SDK_v1.5.1/pico-sdk/src/common/pico_time/time.c.obj
                0x100014a4                alarm_pool_init_default
 .text.alarm_pool_get_default
                0x100014e4       0x2c usb/device/tinyusb_device_examples/audio_test/CMakeFiles/tinyusb_dev_audio_test.dir/C_/Program_Files/Raspberry_Pi/Pico_SDK_v1.5.1/pico-sdk/src/common/pico_time/time.c.obj
                0x100014e4                alarm_pool_get_default
 .text.alarm_pool_add_alarm_at
                0x10001510      0x168 usb/device/tinyusb_device_examples/audio_test/CMakeFiles/tinyusb_dev_audio_test.dir/C_/Program_Files/Raspberry_Pi/Pico_SDK_v1.5.1/pico-sdk/src/common/pico_time/time.c.obj
                0x10001510                alarm_pool_add_alarm_at
 .text.alarm_pool_cancel_alarm
                0x10001678       0xf8 usb/device/tinyusb_device_examples/audio_test/CMakeFiles/tinyusb_dev_audio_test.dir/C_/Program_Files/Raspberry_Pi/Pico_SDK_v1.5.1/pico-sdk/src/common/pico_time/time.c.obj
                0x10001678                alarm_pool_cancel_alarm
 .text.best_effort_wfe_or_timeout
                0x10001770       0xac usb/device/tinyusb_device_examples/audio_test/CMakeFiles/tinyusb_dev_audio_test.dir/C_/Program_Files/Raspberry_Pi/Pico_SDK_v1.5.1/pico-sdk/src/common/pico_time/time.c.obj
                0x10001770                best_effort_wfe_or_timeout
 .text.hardware_alarm_irq_handler
                0x1000181c       0x90 usb/device/tinyusb_device_examples/audio_test/CMakeFiles/tinyusb_dev_audio_test.dir/C_/Program_Files/Raspberry_Pi/Pico_SDK_v1.5.1/pico-sdk/src/rp2_common/hardware_timer/timer.c.obj
 .text.hardware_alarm_claim
                0x100018ac       0x18 usb/device/tinyusb_device_examples/audio_test/CMakeFiles/tinyusb_dev_audio_test.dir/C_/Program_Files/Raspberry_Pi/Pico_SDK_v1.5.1/pico-sdk/src/rp2_common/hardware_timer/timer.c.obj
                0x100018ac                hardware_alarm_claim
 .text.time_us_64
                0x100018c4       0x18 usb/device/tinyusb_device_examples/audio_test/CMakeFiles/tinyusb_dev_audio_test.dir/C_/Program_Files/Raspberry_Pi/Pico_SDK_v1.5.1/pico-sdk/src/rp2_common/hardware_timer/timer.c.obj
                0x100018c4                time_us_64
 .text.busy_wait_until
                0x100018dc       0x28 usb/device/tinyusb_device_examples/audio_test/CMakeFiles/tinyusb_dev_audio_test.dir/C_/Program_Files/Raspberry_Pi/Pico_SDK_v1.5.1/pico-sdk/src/rp2_common/hardware_timer/timer.c.obj
                0x100018dc                busy_wait_until
 .text.busy_wait_us
                0x10001904       0x48 usb/device/tinyusb_device_examples/audio_test/CMakeFiles/tinyusb_dev_audio_test.dir/C_/Program_Files/Raspberry_Pi/Pico_SDK_v1.5.1/pico-sdk/src/rp2_common/hardware_timer/timer.c.obj
                0x10001904                busy_wait_us
 .text.hardware_alarm_set_callback
                0x1000194c       0x90 usb/device/tinyusb_device_examples/audio_test/CMakeFiles/tinyusb_dev_audio_test.dir/C_/Program_Files/Raspberry_Pi/Pico_SDK_v1.5.1/pico-sdk/src/rp2_common/hardware_timer/timer.c.obj
                0x1000194c                hardware_alarm_set_callback
 .text.hardware_alarm_set_target
                0x100019dc       0xe8 usb/device/tinyusb_device_examples/audio_test/CMakeFiles/tinyusb_dev_audio_test.dir/C_/Program_Files/Raspberry_Pi/Pico_SDK_v1.5.1/pico-sdk/src/rp2_common/hardware_timer/timer.c.obj
                0x100019dc                hardware_alarm_set_target
 .text.hardware_alarm_cancel
                0x10001ac4       0x40 usb/device/tinyusb_device_examples/audio_test/CMakeFiles/tinyusb_dev_audio_test.dir/C_/Program_Files/Raspberry_Pi/Pico_SDK_v1.5.1/pico-sdk/src/rp2_common/hardware_timer/timer.c.obj
                0x10001ac4                hardware_alarm_cancel
 .text.ph_add_child_node
                0x10001b04       0xa4 usb/device/tinyusb_device_examples/audio_test/CMakeFiles/tinyusb_dev_audio_test.dir/C_/Program_Files/Raspberry_Pi/Pico_SDK_v1.5.1/pico-sdk/src/common/pico_util/pheap.c.obj
 .text.ph_merge_nodes
                0x10001ba8       0x3e usb/device/tinyusb_device_examples/audio_test/CMakeFiles/tinyusb_dev_audio_test.dir/C_/Program_Files/Raspberry_Pi/Pico_SDK_v1.5.1/pico-sdk/src/common/pico_util/pheap.c.obj
 *fill*         0x10001be6        0x2 
 .text.ph_clear
                0x10001be8       0x70 usb/device/tinyusb_device_examples/audio_test/CMakeFiles/tinyusb_dev_audio_test.dir/C_/Program_Files/Raspberry_Pi/Pico_SDK_v1.5.1/pico-sdk/src/common/pico_util/pheap.c.obj
                0x10001be8                ph_clear
 .text.ph_post_alloc_init
                0x10001c58        0xe usb/device/tinyusb_device_examples/audio_test/CMakeFiles/tinyusb_dev_audio_test.dir/C_/Program_Files/Raspberry_Pi/Pico_SDK_v1.5.1/pico-sdk/src/common/pico_util/pheap.c.obj
                0x10001c58                ph_post_alloc_init
 *fill*         0x10001c66        0x2 
 .text.ph_merge_two_pass
                0x10001c68       0xa8 usb/device/tinyusb_device_examples/audio_test/CMakeFiles/tinyusb_dev_audio_test.dir/C_/Program_Files/Raspberry_Pi/Pico_SDK_v1.5.1/pico-sdk/src/common/pico_util/pheap.c.obj
                0x10001c68                ph_merge_two_pass
 .text.ph_remove_any_head
                0x10001d10      0x128 usb/device/tinyusb_device_examples/audio_test/CMakeFiles/tinyusb_dev_audio_test.dir/C_/Program_Files/Raspberry_Pi/Pico_SDK_v1.5.1/pico-sdk/src/common/pico_util/pheap.c.obj
 .text.ph_remove_head
                0x10001e38       0x14 usb/device/tinyusb_device_examples/audio_test/CMakeFiles/tinyusb_dev_audio_test.dir/C_/Program_Files/Raspberry_Pi/Pico_SDK_v1.5.1/pico-sdk/src/common/pico_util/pheap.c.obj
                0x10001e38                ph_remove_head
 .text.ph_remove_and_free_node
                0x10001e4c       0xf8 usb/device/tinyusb_device_examples/audio_test/CMakeFiles/tinyusb_dev_audio_test.dir/C_/Program_Files/Raspberry_Pi/Pico_SDK_v1.5.1/pico-sdk/src/common/pico_util/pheap.c.obj
                0x10001e4c                ph_remove_and_free_node
 .text.uart_disable_before_lcr_write
                0x10001f44       0x48 usb/device/tinyusb_device_examples/audio_test/CMakeFiles/tinyusb_dev_audio_test.dir/C_/Program_Files/Raspberry_Pi/Pico_SDK_v1.5.1/pico-sdk/src/rp2_common/hardware_uart/uart.c.obj
 .text.uart_write_lcr_bits_masked
                0x10001f8c       0x22 usb/device/tinyusb_device_examples/audio_test/CMakeFiles/tinyusb_dev_audio_test.dir/C_/Program_Files/Raspberry_Pi/Pico_SDK_v1.5.1/pico-sdk/src/rp2_common/hardware_uart/uart.c.obj
 *fill*         0x10001fae        0x2 
 .text.uart_set_baudrate
                0x10001fb0       0x5c usb/device/tinyusb_device_examples/audio_test/CMakeFiles/tinyusb_dev_audio_test.dir/C_/Program_Files/Raspberry_Pi/Pico_SDK_v1.5.1/pico-sdk/src/rp2_common/hardware_uart/uart.c.obj
                0x10001fb0                uart_set_baudrate
 .text.uart_set_format
                0x1000200c       0x2c usb/device/tinyusb_device_examples/audio_test/CMakeFiles/tinyusb_dev_audio_test.dir/C_/Program_Files/Raspberry_Pi/Pico_SDK_v1.5.1/pico-sdk/src/rp2_common/hardware_uart/uart.c.obj
                0x1000200c                uart_set_format
 .text.uart_set_translate_crlf
                0x10002038       0x28 usb/device/tinyusb_device_examples/audio_test/CMakeFiles/tinyusb_dev_audio_test.dir/C_/Program_Files/Raspberry_Pi/Pico_SDK_v1.5.1/pico-sdk/src/rp2_common/hardware_uart/uart.c.obj
                0x10002038                uart_set_translate_crlf
 .text.uart_init
                0x10002060       0x80 usb/device/tinyusb_device_examples/audio_test/CMakeFiles/tinyusb_dev_audio_test.dir/C_/Program_Files/Raspberry_Pi/Pico_SDK_v1.5.1/pico-sdk/src/rp2_common/hardware_uart/uart.c.obj
                0x10002060                uart_init
 .text.clock_configure
                0x100020e0      0x108 usb/device/tinyusb_device_examples/audio_test/CMakeFiles/tinyusb_dev_audio_test.dir/C_/Program_Files/Raspberry_Pi/Pico_SDK_v1.5.1/pico-sdk/src/rp2_common/hardware_clocks/clocks.c.obj
                0x100020e0                clock_configure
 .text.clocks_init
                0x100021e8      0x100 usb/device/tinyusb_device_examples/audio_test/CMakeFiles/tinyusb_dev_audio_test.dir/C_/Program_Files/Raspberry_Pi/Pico_SDK_v1.5.1/pico-sdk/src/rp2_common/hardware_clocks/clocks.c.obj
                0x100021e8                clocks_init
 .text.clock_get_hz
                0x100022e8        0xc usb/device/tinyusb_device_examples/audio_test/CMakeFiles/tinyusb_dev_audio_test.dir/C_/Program_Files/Raspberry_Pi/Pico_SDK_v1.5.1/pico-sdk/src/rp2_common/hardware_clocks/clocks.c.obj
                0x100022e8                clock_get_hz
 .text.pll_init
                0x100022f4      0x120 usb/device/tinyusb_device_examples/audio_test/CMakeFiles/tinyusb_dev_audio_test.dir/C_/Program_Files/Raspberry_Pi/Pico_SDK_v1.5.1/pico-sdk/src/rp2_common/hardware_pll/pll.c.obj
                0x100022f4                pll_init
 .text.watchdog_start_tick
                0x10002414       0x10 usb/device/tinyusb_device_examples/audio_test/CMakeFiles/tinyusb_dev_audio_test.dir/C_/Program_Files/Raspberry_Pi/Pico_SDK_v1.5.1/pico-sdk/src/rp2_common/hardware_watchdog/watchdog.c.obj
                0x10002414                watchdog_start_tick
 .text.xosc_init
                0x10002424       0x28 usb/device/tinyusb_device_examples/audio_test/CMakeFiles/tinyusb_dev_audio_test.dir/C_/Program_Files/Raspberry_Pi/Pico_SDK_v1.5.1/pico-sdk/src/rp2_common/hardware_xosc/xosc.c.obj
                0x10002424                xosc_init
 .text._exit    0x1000244c        0x4 usb/device/tinyusb_device_examples/audio_test/CMakeFiles/tinyusb_dev_audio_test.dir/C_/Program_Files/Raspberry_Pi/Pico_SDK_v1.5.1/pico-sdk/src/rp2_common/pico_runtime/runtime.c.obj
                0x1000244c                _exit
 .text.exit     0x10002450        0x6 usb/device/tinyusb_device_examples/audio_test/CMakeFiles/tinyusb_dev_audio_test.dir/C_/Program_Files/Raspberry_Pi/Pico_SDK_v1.5.1/pico-sdk/src/rp2_common/pico_runtime/runtime.c.obj
                0x10002450                exit
 *fill*         0x10002456        0x2 
 .text.__assert_func
                0x10002458       0x3c usb/device/tinyusb_device_examples/audio_test/CMakeFiles/tinyusb_dev_audio_test.dir/C_/Program_Files/Raspberry_Pi/Pico_SDK_v1.5.1/pico-sdk/src/rp2_common/pico_runtime/runtime.c.obj
                0x10002458                __assert_func
 .text.runtime_init
                0x10002494       0xf8 usb/device/tinyusb_device_examples/audio_test/CMakeFiles/tinyusb_dev_audio_test.dir/C_/Program_Files/Raspberry_Pi/Pico_SDK_v1.5.1/pico-sdk/src/rp2_common/pico_runtime/runtime.c.obj
                0x10002494                runtime_init
 .text.panic    0x1000258c       0x30 usb/device/tinyusb_device_examples/audio_test/CMakeFiles/tinyusb_dev_audio_test.dir/C_/Program_Files/Raspberry_Pi/Pico_SDK_v1.5.1/pico-sdk/src/rp2_common/pico_runtime/runtime.c.obj
                0x1000258c                panic
 .text._out_null
                0x100025bc        0x2 usb/device/tinyusb_device_examples/audio_test/CMakeFiles/tinyusb_dev_audio_test.dir/C_/Program_Files/Raspberry_Pi/Pico_SDK_v1.5.1/pico-sdk/src/rp2_common/pico_printf/printf.c.obj
 .text._out_fct
                0x100025be        0xe usb/device/tinyusb_device_examples/audio_test/CMakeFiles/tinyusb_dev_audio_test.dir/C_/Program_Files/Raspberry_Pi/Pico_SDK_v1.5.1/pico-sdk/src/rp2_common/pico_printf/printf.c.obj
 .text._atoi    0x100025cc       0x24 usb/device/tinyusb_device_examples/audio_test/CMakeFiles/tinyusb_dev_audio_test.dir/C_/Program_Files/Raspberry_Pi/Pico_SDK_v1.5.1/pico-sdk/src/rp2_common/pico_printf/printf.c.obj
 .text._out_rev
                0x100025f0       0xae usb/device/tinyusb_device_examples/audio_test/CMakeFiles/tinyusb_dev_audio_test.dir/C_/Program_Files/Raspberry_Pi/Pico_SDK_v1.5.1/pico-sdk/src/rp2_common/pico_printf/printf.c.obj
 .text._ntoa_format
                0x1000269e      0x112 usb/device/tinyusb_device_examples/audio_test/CMakeFiles/tinyusb_dev_audio_test.dir/C_/Program_Files/Raspberry_Pi/Pico_SDK_v1.5.1/pico-sdk/src/rp2_common/pico_printf/printf.c.obj
 .text._ntoa_long
                0x100027b0       0xbc usb/device/tinyusb_device_examples/audio_test/CMakeFiles/tinyusb_dev_audio_test.dir/C_/Program_Files/Raspberry_Pi/Pico_SDK_v1.5.1/pico-sdk/src/rp2_common/pico_printf/printf.c.obj
 .text._ntoa_long_long
                0x1000286c       0xe2 usb/device/tinyusb_device_examples/audio_test/CMakeFiles/tinyusb_dev_audio_test.dir/C_/Program_Files/Raspberry_Pi/Pico_SDK_v1.5.1/pico-sdk/src/rp2_common/pico_printf/printf.c.obj
 *fill*         0x1000294e        0x2 
 .text._etoa    0x10002950      0x414 usb/device/tinyusb_device_examples/audio_test/CMakeFiles/tinyusb_dev_audio_test.dir/C_/Program_Files/Raspberry_Pi/Pico_SDK_v1.5.1/pico-sdk/src/rp2_common/pico_printf/printf.c.obj
 .text._ftoa    0x10002d64      0x354 usb/device/tinyusb_device_examples/audio_test/CMakeFiles/tinyusb_dev_audio_test.dir/C_/Program_Files/Raspberry_Pi/Pico_SDK_v1.5.1/pico-sdk/src/rp2_common/pico_printf/printf.c.obj
 .text._vsnprintf
                0x100030b8      0x624 usb/device/tinyusb_device_examples/audio_test/CMakeFiles/tinyusb_dev_audio_test.dir/C_/Program_Files/Raspberry_Pi/Pico_SDK_v1.5.1/pico-sdk/src/rp2_common/pico_printf/printf.c.obj
 .text.vfctprintf
                0x100036dc       0x20 usb/device/tinyusb_device_examples/audio_test/CMakeFiles/tinyusb_dev_audio_test.dir/C_/Program_Files/Raspberry_Pi/Pico_SDK_v1.5.1/pico-sdk/src/rp2_common/pico_printf/printf.c.obj
                0x100036dc                vfctprintf
 .text          0x100036fc       0x10 usb/device/tinyusb_device_examples/audio_test/CMakeFiles/tinyusb_dev_audio_test.dir/C_/Program_Files/Raspberry_Pi/Pico_SDK_v1.5.1/pico-sdk/src/rp2_common/pico_bit_ops/bit_ops_aeabi.S.obj
 .text.rom_func_lookup
                0x1000370c       0x10 usb/device/tinyusb_device_examples/audio_test/CMakeFiles/tinyusb_dev_audio_test.dir/C_/Program_Files/Raspberry_Pi/Pico_SDK_v1.5.1/pico-sdk/src/rp2_common/pico_bootrom/bootrom.c.obj
                0x1000370c                rom_func_lookup
 .text.rom_data_lookup
                0x1000371c       0x10 usb/device/tinyusb_device_examples/audio_test/CMakeFiles/tinyusb_dev_audio_test.dir/C_/Program_Files/Raspberry_Pi/Pico_SDK_v1.5.1/pico-sdk/src/rp2_common/pico_bootrom/bootrom.c.obj
                0x1000371c                rom_data_lookup
 .text.rom_funcs_lookup
                0x1000372c       0x36 usb/device/tinyusb_device_examples/audio_test/CMakeFiles/tinyusb_dev_audio_test.dir/C_/Program_Files/Raspberry_Pi/Pico_SDK_v1.5.1/pico-sdk/src/rp2_common/pico_bootrom/bootrom.c.obj
                0x1000372c                rom_funcs_lookup
 *fill*         0x10003762        0x2 
 .text.__wrap___aeabi_idiv
                0x10003764       0x50 usb/device/tinyusb_device_examples/audio_test/CMakeFiles/tinyusb_dev_audio_test.dir/C_/Program_Files/Raspberry_Pi/Pico_SDK_v1.5.1/pico-sdk/src/rp2_common/pico_divider/divider.S.obj
                0x10003764                __wrap___aeabi_idivmod
                0x10003764                divmod_s32s32
                0x10003764                div_s32s32
                0x10003764                __wrap___aeabi_idiv
                0x1000376c                divmod_s32s32_unsafe
                0x10003798                divmod_s32s32_savestate
 .text.__wrap___aeabi_uidiv
                0x100037b4       0x4c usb/device/tinyusb_device_examples/audio_test/CMakeFiles/tinyusb_dev_audio_test.dir/C_/Program_Files/Raspberry_Pi/Pico_SDK_v1.5.1/pico-sdk/src/rp2_common/pico_divider/divider.S.obj
                0x100037b4                __wrap___aeabi_uidiv
                0x100037b4                __wrap___aeabi_uidivmod
                0x100037b4                div_u32u32
                0x100037b4                divmod_u32u32
                0x100037bc                divmod_u32u32_unsafe
                0x100037e4                divmod_u32u32_savestate
 .text.__wrap___aeabi_ldiv
                0x10003800      0x424 usb/device/tinyusb_device_examples/audio_test/CMakeFiles/tinyusb_dev_audio_test.dir/C_/Program_Files/Raspberry_Pi/Pico_SDK_v1.5.1/pico-sdk/src/rp2_common/pico_divider/divider.S.obj
                0x10003800                div_s64s64
                0x10003800                divmod_s64s64
                0x10003800                __wrap___aeabi_ldivmod
                0x10003830                divmod_u64u64
                0x10003830                div_u64u64
                0x10003830                __wrap___aeabi_uldivmod
                0x10003840                divmod_u64u64_savestate
                0x10003860                divmod_s64s64_unsafe
                0x100038e8                divmod_u64u64_unsafe
 .text.__wrap___aeabi_darithmetic
                0x10003c24       0x60 usb/device/tinyusb_device_examples/audio_test/CMakeFiles/tinyusb_dev_audio_test.dir/C_/Program_Files/Raspberry_Pi/Pico_SDK_v1.5.1/pico-sdk/src/rp2_common/pico_double/double_aeabi.S.obj
                0x10003c24                __wrap___aeabi_drsub
                0x10003c2a                __wrap___aeabi_dsub
                0x10003c34                __wrap___aeabi_dadd
                0x10003c3e                __wrap___aeabi_ddiv
                0x10003c72                __wrap___aeabi_dmul
 .text.__wrap___aeabi_cdcmple
                0x10003c84       0x6c usb/device/tinyusb_device_examples/audio_test/CMakeFiles/tinyusb_dev_audio_test.dir/C_/Program_Files/Raspberry_Pi/Pico_SDK_v1.5.1/pico-sdk/src/rp2_common/pico_double/double_aeabi.S.obj
                0x10003c84                __wrap___aeabi_cdrcmple
                0x10003c94                __wrap___aeabi_cdcmpeq
                0x10003c94                __wrap___aeabi_cdcmple
 .text.__wrap___aeabi_dcmplt
                0x10003cf0        0xc usb/device/tinyusb_device_examples/audio_test/CMakeFiles/tinyusb_dev_audio_test.dir/C_/Program_Files/Raspberry_Pi/Pico_SDK_v1.5.1/pico-sdk/src/rp2_common/pico_double/double_aeabi.S.obj
                0x10003cf0                __wrap___aeabi_dcmplt
 .text.__wrap___aeabi_dcmple
                0x10003cfc       0x10 usb/device/tinyusb_device_examples/audio_test/CMakeFiles/tinyusb_dev_audio_test.dir/C_/Program_Files/Raspberry_Pi/Pico_SDK_v1.5.1/pico-sdk/src/rp2_common/pico_double/double_aeabi.S.obj
                0x10003cfc                __wrap___aeabi_dcmple
 .text.__wrap___aeabi_dcmpge
                0x10003d0c       0x10 usb/device/tinyusb_device_examples/audio_test/CMakeFiles/tinyusb_dev_audio_test.dir/C_/Program_Files/Raspberry_Pi/Pico_SDK_v1.5.1/pico-sdk/src/rp2_common/pico_double/double_aeabi.S.obj
                0x10003d0c                __wrap___aeabi_dcmpge
 .text.__wrap___aeabi_dcmpgt
                0x10003d1c        0xa usb/device/tinyusb_device_examples/audio_test/CMakeFiles/tinyusb_dev_audio_test.dir/C_/Program_Files/Raspberry_Pi/Pico_SDK_v1.5.1/pico-sdk/src/rp2_common/pico_double/double_aeabi.S.obj
                0x10003d1c                __wrap___aeabi_dcmpgt
 .text.__wrap___aeabi_dcmpun
                0x10003d26       0x1c usb/device/tinyusb_device_examples/audio_test/CMakeFiles/tinyusb_dev_audio_test.dir/C_/Program_Files/Raspberry_Pi/Pico_SDK_v1.5.1/pico-sdk/src/rp2_common/pico_double/double_aeabi.S.obj
                0x10003d26                __wrap___aeabi_dcmpun
 *fill*         0x10003d42        0x2 
 .text.__wrap___aeabi_i2d
                0x10003d44       0x38 usb/device/tinyusb_device_examples/audio_test/CMakeFiles/tinyusb_dev_audio_test.dir/C_/Program_Files/Raspberry_Pi/Pico_SDK_v1.5.1/pico-sdk/src/rp2_common/pico_double/double_aeabi.S.obj
                0x10003d44                __wrap___aeabi_ui2d
                0x10003d4c                __wrap___aeabi_i2d
 .text.__wrap___aeabi_d2iz
                0x10003d7c       0x48 usb/device/tinyusb_device_examples/audio_test/CMakeFiles/tinyusb_dev_audio_test.dir/C_/Program_Files/Raspberry_Pi/Pico_SDK_v1.5.1/pico-sdk/src/rp2_common/pico_double/double_aeabi.S.obj
                0x10003d7c                double2int_z
                0x10003d7c                __wrap___aeabi_d2iz
 .text.__wrap___aeabi_d2uiz
                0x10003dc4       0x10 usb/device/tinyusb_device_examples/audio_test/CMakeFiles/tinyusb_dev_audio_test.dir/C_/Program_Files/Raspberry_Pi/Pico_SDK_v1.5.1/pico-sdk/src/rp2_common/pico_double/double_aeabi.S.obj
                0x10003dc4                __wrap___aeabi_d2uiz
                0x10003dc4                double2uint
 .text.missing_double_func_shim
                0x10003dd4        0xc usb/device/tinyusb_device_examples/audio_test/CMakeFiles/tinyusb_dev_audio_test.dir/C_/Program_Files/Raspberry_Pi/Pico_SDK_v1.5.1/pico-sdk/src/rp2_common/pico_double/double_init_rom.c.obj
 .text.__aeabi_double_init
                0x10003de0       0xcc usb/device/tinyusb_device_examples/audio_test/CMakeFiles/tinyusb_dev_audio_test.dir/C_/Program_Files/Raspberry_Pi/Pico_SDK_v1.5.1/pico-sdk/src/rp2_common/pico_double/double_init_rom.c.obj
                0x10003de0                __aeabi_double_init
 .text.double_table_shim_on_use_helper
                0x10003eac       0x34 usb/device/tinyusb_device_examples/audio_test/CMakeFiles/tinyusb_dev_audio_test.dir/C_/Program_Files/Raspberry_Pi/Pico_SDK_v1.5.1/pico-sdk/src/rp2_common/pico_double/double_v1_rom_shim.S.obj
                0x10003eac                double_table_shim_on_use_helper
 .text.__aeabi_lmul
                0x10003ee0       0x32 usb/device/tinyusb_device_examples/audio_test/CMakeFiles/tinyusb_dev_audio_test.dir/C_/Program_Files/Raspberry_Pi/Pico_SDK_v1.5.1/pico-sdk/src/rp2_common/pico_int64_ops/pico_int64_ops_aeabi.S.obj
                0x10003ee0                __wrap___aeabi_lmul
 *fill*         0x10003f12        0x2 
 .text.missing_float_func_shim
                0x10003f14        0xc usb/device/tinyusb_device_examples/audio_test/CMakeFiles/tinyusb_dev_audio_test.dir/C_/Program_Files/Raspberry_Pi/Pico_SDK_v1.5.1/pico-sdk/src/rp2_common/pico_float/float_init_rom.c.obj
 .text.__aeabi_float_init
                0x10003f20       0x88 usb/device/tinyusb_device_examples/audio_test/CMakeFiles/tinyusb_dev_audio_test.dir/C_/Program_Files/Raspberry_Pi/Pico_SDK_v1.5.1/pico-sdk/src/rp2_common/pico_float/float_init_rom.c.obj
                0x10003f20                __aeabi_float_init
 .text          0x10003fa8       0x10 usb/device/tinyusb_device_examples/audio_test/CMakeFiles/tinyusb_dev_audio_test.dir/C_/Program_Files/Raspberry_Pi/Pico_SDK_v1.5.1/pico-sdk/src/rp2_common/pico_mem_ops/mem_ops_aeabi.S.obj
                0x10003fa8                __aeabi_mem_init
 .text.memset   0x10003fb8        0xc usb/device/tinyusb_device_examples/audio_test/CMakeFiles/tinyusb_dev_audio_test.dir/C_/Program_Files/Raspberry_Pi/Pico_SDK_v1.5.1/pico-sdk/src/rp2_common/pico_mem_ops/mem_ops_aeabi.S.obj
                0x10003fb8                __wrap_memset
 .text.memcpy   0x10003fc4        0xc usb/device/tinyusb_device_examples/audio_test/CMakeFiles/tinyusb_dev_audio_test.dir/C_/Program_Files/Raspberry_Pi/Pico_SDK_v1.5.1/pico-sdk/src/rp2_common/pico_mem_ops/mem_ops_aeabi.S.obj
                0x10003fc4                __wrap_memcpy
                0x10003fc4                __wrap___aeabi_memcpy
 .text.stdio_out_chars_no_crlf
                0x10003fd0        0xe usb/device/tinyusb_device_examples/audio_test/CMakeFiles/tinyusb_dev_audio_test.dir/C_/Program_Files/Raspberry_Pi/Pico_SDK_v1.5.1/pico-sdk/src/rp2_common/pico_stdio/stdio.c.obj
 *fill*         0x10003fde        0x2 
 .text.stdio_out_chars_crlf
                0x10003fe0       0x80 usb/device/tinyusb_device_examples/audio_test/CMakeFiles/tinyusb_dev_audio_test.dir/C_/Program_Files/Raspberry_Pi/Pico_SDK_v1.5.1/pico-sdk/src/rp2_common/pico_stdio/stdio.c.obj
 .text.stdio_stack_buffer_flush
                0x10004060       0x44 usb/device/tinyusb_device_examples/audio_test/CMakeFiles/tinyusb_dev_audio_test.dir/C_/Program_Files/Raspberry_Pi/Pico_SDK_v1.5.1/pico-sdk/src/rp2_common/pico_stdio/stdio.c.obj
 .text.stdio_buffered_printer
                0x100040a4       0x20 usb/device/tinyusb_device_examples/audio_test/CMakeFiles/tinyusb_dev_audio_test.dir/C_/Program_Files/Raspberry_Pi/Pico_SDK_v1.5.1/pico-sdk/src/rp2_common/pico_stdio/stdio.c.obj
 .text.stdout_serialize_begin
                0x100040c4       0x5c usb/device/tinyusb_device_examples/audio_test/CMakeFiles/tinyusb_dev_audio_test.dir/C_/Program_Files/Raspberry_Pi/Pico_SDK_v1.5.1/pico-sdk/src/rp2_common/pico_stdio/stdio.c.obj
                0x100040c4                stdout_serialize_begin
 .text.stdout_serialize_end
                0x10004120       0x10 usb/device/tinyusb_device_examples/audio_test/CMakeFiles/tinyusb_dev_audio_test.dir/C_/Program_Files/Raspberry_Pi/Pico_SDK_v1.5.1/pico-sdk/src/rp2_common/pico_stdio/stdio.c.obj
                0x10004120                stdout_serialize_end
 .text.stdio_put_string
                0x10004130       0x98 usb/device/tinyusb_device_examples/audio_test/CMakeFiles/tinyusb_dev_audio_test.dir/C_/Program_Files/Raspberry_Pi/Pico_SDK_v1.5.1/pico-sdk/src/rp2_common/pico_stdio/stdio.c.obj
 .text.stdio_set_driver_enabled
                0x100041c8       0x2c usb/device/tinyusb_device_examples/audio_test/CMakeFiles/tinyusb_dev_audio_test.dir/C_/Program_Files/Raspberry_Pi/Pico_SDK_v1.5.1/pico-sdk/src/rp2_common/pico_stdio/stdio.c.obj
                0x100041c8                stdio_set_driver_enabled
 .text.stdio_flush
                0x100041f4       0x20 usb/device/tinyusb_device_examples/audio_test/CMakeFiles/tinyusb_dev_audio_test.dir/C_/Program_Files/Raspberry_Pi/Pico_SDK_v1.5.1/pico-sdk/src/rp2_common/pico_stdio/stdio.c.obj
                0x100041f4                stdio_flush
 .text.__wrap_puts
                0x10004214       0x1e usb/device/tinyusb_device_examples/audio_test/CMakeFiles/tinyusb_dev_audio_test.dir/C_/Program_Files/Raspberry_Pi/Pico_SDK_v1.5.1/pico-sdk/src/rp2_common/pico_stdio/stdio.c.obj
                0x10004214                __wrap_puts
 *fill*         0x10004232        0x2 
 .text.__wrap_vprintf
                0x10004234       0x40 usb/device/tinyusb_device_examples/audio_test/CMakeFiles/tinyusb_dev_audio_test.dir/C_/Program_Files/Raspberry_Pi/Pico_SDK_v1.5.1/pico-sdk/src/rp2_common/pico_stdio/stdio.c.obj
                0x10004234                __wrap_vprintf
 .text.__wrap_printf
                0x10004274       0x18 usb/device/tinyusb_device_examples/audio_test/CMakeFiles/tinyusb_dev_audio_test.dir/C_/Program_Files/Raspberry_Pi/Pico_SDK_v1.5.1/pico-sdk/src/rp2_common/pico_stdio/stdio.c.obj
                0x10004274                __wrap_printf
 .text.stdio_uart_out_chars
                0x1000428c       0x74 usb/device/tinyusb_device_examples/audio_test/CMakeFiles/tinyusb_dev_audio_test.dir/C_/Program_Files/Raspberry_Pi/Pico_SDK_v1.5.1/pico-sdk/src/rp2_common/pico_stdio_uart/stdio_uart.c.obj
 .text.stdio_uart_in_chars
                0x10004300       0x80 usb/device/tinyusb_device_examples/audio_test/CMakeFiles/tinyusb_dev_audio_test.dir/C_/Program_Files/Raspberry_Pi/Pico_SDK_v1.5.1/pico-sdk/src/rp2_common/pico_stdio_uart/stdio_uart.c.obj
                0x10004300                stdio_uart_in_chars
 .text.on_uart_rx
                0x10004380       0x28 usb/device/tinyusb_device_examples/audio_test/CMakeFiles/tinyusb_dev_audio_test.dir/C_/Program_Files/Raspberry_Pi/Pico_SDK_v1.5.1/pico-sdk/src/rp2_common/pico_stdio_uart/stdio_uart.c.obj
 .text.stdio_uart_set_chars_available_callback
                0x100043a8       0x8c usb/device/tinyusb_device_examples/audio_test/CMakeFiles/tinyusb_dev_audio_test.dir/C_/Program_Files/Raspberry_Pi/Pico_SDK_v1.5.1/pico-sdk/src/rp2_common/pico_stdio_uart/stdio_uart.c.obj
 .text.stdio_uart_init_full
                0x10004434       0x44 usb/device/tinyusb_device_examples/audio_test/CMakeFiles/tinyusb_dev_audio_test.dir/C_/Program_Files/Raspberry_Pi/Pico_SDK_v1.5.1/pico-sdk/src/rp2_common/pico_stdio_uart/stdio_uart.c.obj
                0x10004434                stdio_uart_init_full
 .text.boot_double_tap_check
                0x10004478       0x64 usb/device/tinyusb_device_examples/audio_test/CMakeFiles/tinyusb_dev_audio_test.dir/734ab788d52071b7ec936fd1cf9a593e/src/rp2_common/pico_bootsel_via_double_reset/pico_bootsel_via_double_reset.c.obj
 .text.board_init
                0x100044dc       0x20 usb/device/tinyusb_device_examples/audio_test/CMakeFiles/tinyusb_dev_audio_test.dir/C_/Program_Files/Raspberry_Pi/Pico_SDK_v1.5.1/pico-sdk/lib/tinyusb/hw/bsp/rp2040/family.c.obj
                0x100044dc                board_init
 .text.board_led_write
                0x100044fc        0x2 usb/device/tinyusb_device_examples/audio_test/CMakeFiles/tinyusb_dev_audio_test.dir/C_/Program_Files/Raspberry_Pi/Pico_SDK_v1.5.1/pico-sdk/lib/tinyusb/hw/bsp/rp2040/family.c.obj
                0x100044fc                board_led_write
 *fill*         0x100044fe        0x2 
 .text.hw_endpoint_get_by_addr
                0x10004500       0x18 usb/device/tinyusb_device_examples/audio_test/CMakeFiles/tinyusb_dev_audio_test.dir/C_/Program_Files/Raspberry_Pi/Pico_SDK_v1.5.1/pico-sdk/lib/tinyusb/src/portable/raspberrypi/rp2040/dcd_rp2040.c.obj
 .text._hw_endpoint_alloc
                0x10004518       0x70 usb/device/tinyusb_device_examples/audio_test/CMakeFiles/tinyusb_dev_audio_test.dir/C_/Program_Files/Raspberry_Pi/Pico_SDK_v1.5.1/pico-sdk/lib/tinyusb/src/portable/raspberrypi/rp2040/dcd_rp2040.c.obj
 .text.hw_endpoint_init
                0x10004588       0x88 usb/device/tinyusb_device_examples/audio_test/CMakeFiles/tinyusb_dev_audio_test.dir/C_/Program_Files/Raspberry_Pi/Pico_SDK_v1.5.1/pico-sdk/lib/tinyusb/src/portable/raspberrypi/rp2040/dcd_rp2040.c.obj
 .text._hw_endpoint_close
                0x10004610       0x4c usb/device/tinyusb_device_examples/audio_test/CMakeFiles/tinyusb_dev_audio_test.dir/C_/Program_Files/Raspberry_Pi/Pico_SDK_v1.5.1/pico-sdk/lib/tinyusb/src/portable/raspberrypi/rp2040/dcd_rp2040.c.obj
 .text.hw_endpoint_close
                0x1000465c        0xc usb/device/tinyusb_device_examples/audio_test/CMakeFiles/tinyusb_dev_audio_test.dir/C_/Program_Files/Raspberry_Pi/Pico_SDK_v1.5.1/pico-sdk/lib/tinyusb/src/portable/raspberrypi/rp2040/dcd_rp2040.c.obj
 .text.hw_endpoint_xfer
                0x10004668       0x14 usb/device/tinyusb_device_examples/audio_test/CMakeFiles/tinyusb_dev_audio_test.dir/C_/Program_Files/Raspberry_Pi/Pico_SDK_v1.5.1/pico-sdk/lib/tinyusb/src/portable/raspberrypi/rp2040/dcd_rp2040.c.obj
 .text.dcd_int_enable
                0x1000467c       0x2c usb/device/tinyusb_device_examples/audio_test/CMakeFiles/tinyusb_dev_audio_test.dir/C_/Program_Files/Raspberry_Pi/Pico_SDK_v1.5.1/pico-sdk/lib/tinyusb/src/portable/raspberrypi/rp2040/dcd_rp2040.c.obj
                0x1000467c                dcd_int_enable
 .text.dcd_set_address
                0x100046a8       0x2c usb/device/tinyusb_device_examples/audio_test/CMakeFiles/tinyusb_dev_audio_test.dir/C_/Program_Files/Raspberry_Pi/Pico_SDK_v1.5.1/pico-sdk/lib/tinyusb/src/portable/raspberrypi/rp2040/dcd_rp2040.c.obj
                0x100046a8                dcd_set_address
 .text.dcd_connect
                0x100046d4       0x10 usb/device/tinyusb_device_examples/audio_test/CMakeFiles/tinyusb_dev_audio_test.dir/C_/Program_Files/Raspberry_Pi/Pico_SDK_v1.5.1/pico-sdk/lib/tinyusb/src/portable/raspberrypi/rp2040/dcd_rp2040.c.obj
                0x100046d4                dcd_connect
 .text.dcd_init
                0x100046e4       0x80 usb/device/tinyusb_device_examples/audio_test/CMakeFiles/tinyusb_dev_audio_test.dir/C_/Program_Files/Raspberry_Pi/Pico_SDK_v1.5.1/pico-sdk/lib/tinyusb/src/portable/raspberrypi/rp2040/dcd_rp2040.c.obj
                0x100046e4                dcd_init
 .text.dcd_edpt0_status_complete
                0x10004764       0x1c usb/device/tinyusb_device_examples/audio_test/CMakeFiles/tinyusb_dev_audio_test.dir/C_/Program_Files/Raspberry_Pi/Pico_SDK_v1.5.1/pico-sdk/lib/tinyusb/src/portable/raspberrypi/rp2040/dcd_rp2040.c.obj
                0x10004764                dcd_edpt0_status_complete
 .text.dcd_edpt_open
                0x10004780       0x40 usb/device/tinyusb_device_examples/audio_test/CMakeFiles/tinyusb_dev_audio_test.dir/C_/Program_Files/Raspberry_Pi/Pico_SDK_v1.5.1/pico-sdk/lib/tinyusb/src/portable/raspberrypi/rp2040/dcd_rp2040.c.obj
                0x10004780                dcd_edpt_open
 .text.dcd_edpt_close_all
                0x100047c0        0x8 usb/device/tinyusb_device_examples/audio_test/CMakeFiles/tinyusb_dev_audio_test.dir/C_/Program_Files/Raspberry_Pi/Pico_SDK_v1.5.1/pico-sdk/lib/tinyusb/src/portable/raspberrypi/rp2040/dcd_rp2040.c.obj
                0x100047c0                dcd_edpt_close_all
 .text.dcd_edpt_xfer
                0x100047c8       0x34 usb/device/tinyusb_device_examples/audio_test/CMakeFiles/tinyusb_dev_audio_test.dir/C_/Program_Files/Raspberry_Pi/Pico_SDK_v1.5.1/pico-sdk/lib/tinyusb/src/portable/raspberrypi/rp2040/dcd_rp2040.c.obj
                0x100047c8                dcd_edpt_xfer
 .text.dcd_edpt_stall
                0x100047fc       0x2c usb/device/tinyusb_device_examples/audio_test/CMakeFiles/tinyusb_dev_audio_test.dir/C_/Program_Files/Raspberry_Pi/Pico_SDK_v1.5.1/pico-sdk/lib/tinyusb/src/portable/raspberrypi/rp2040/dcd_rp2040.c.obj
                0x100047fc                dcd_edpt_stall
 .text.dcd_edpt_clear_stall
                0x10004828       0x20 usb/device/tinyusb_device_examples/audio_test/CMakeFiles/tinyusb_dev_audio_test.dir/C_/Program_Files/Raspberry_Pi/Pico_SDK_v1.5.1/pico-sdk/lib/tinyusb/src/portable/raspberrypi/rp2040/dcd_rp2040.c.obj
                0x10004828                dcd_edpt_clear_stall
 .text.dcd_edpt_close
                0x10004848        0xa usb/device/tinyusb_device_examples/audio_test/CMakeFiles/tinyusb_dev_audio_test.dir/C_/Program_Files/Raspberry_Pi/Pico_SDK_v1.5.1/pico-sdk/lib/tinyusb/src/portable/raspberrypi/rp2040/dcd_rp2040.c.obj
                0x10004848                dcd_edpt_close
 *fill*         0x10004852        0x2 
 .text.rp2040_usb_init
                0x10004854       0x4c usb/device/tinyusb_device_examples/audio_test/CMakeFiles/tinyusb_dev_audio_test.dir/C_/Program_Files/Raspberry_Pi/Pico_SDK_v1.5.1/pico-sdk/lib/tinyusb/src/portable/raspberrypi/rp2040/rp2040_usb.c.obj
                0x10004854                rp2040_usb_init
 .text.hw_endpoint_xfer_start
                0x100048a0       0x50 usb/device/tinyusb_device_examples/audio_test/CMakeFiles/tinyusb_dev_audio_test.dir/C_/Program_Files/Raspberry_Pi/Pico_SDK_v1.5.1/pico-sdk/lib/tinyusb/src/portable/raspberrypi/rp2040/rp2040_usb.c.obj
                0x100048a0                hw_endpoint_xfer_start
 .text.configuration_reset
                0x100048f0       0x84 usb/device/tinyusb_device_examples/audio_test/CMakeFiles/tinyusb_dev_audio_test.dir/C_/Program_Files/Raspberry_Pi/Pico_SDK_v1.5.1/pico-sdk/lib/tinyusb/src/device/usbd.c.obj
 .text.usbd_reset
                0x10004974        0xc usb/device/tinyusb_device_examples/audio_test/CMakeFiles/tinyusb_dev_audio_test.dir/C_/Program_Files/Raspberry_Pi/Pico_SDK_v1.5.1/pico-sdk/lib/tinyusb/src/device/usbd.c.obj
 .text.invoke_class_control
                0x10004980       0x1a usb/device/tinyusb_device_examples/audio_test/CMakeFiles/tinyusb_dev_audio_test.dir/C_/Program_Files/Raspberry_Pi/Pico_SDK_v1.5.1/pico-sdk/lib/tinyusb/src/device/usbd.c.obj
 *fill*         0x1000499a        0x2 
 .text.process_set_config
                0x1000499c      0x15c usb/device/tinyusb_device_examples/audio_test/CMakeFiles/tinyusb_dev_audio_test.dir/C_/Program_Files/Raspberry_Pi/Pico_SDK_v1.5.1/pico-sdk/lib/tinyusb/src/device/usbd.c.obj
 .text.process_get_descriptor
                0x10004af8       0xdc usb/device/tinyusb_device_examples/audio_test/CMakeFiles/tinyusb_dev_audio_test.dir/C_/Program_Files/Raspberry_Pi/Pico_SDK_v1.5.1/pico-sdk/lib/tinyusb/src/device/usbd.c.obj
 .text.tud_inited
                0x10004bd4       0x14 usb/device/tinyusb_device_examples/audio_test/CMakeFiles/tinyusb_dev_audio_test.dir/C_/Program_Files/Raspberry_Pi/Pico_SDK_v1.5.1/pico-sdk/lib/tinyusb/src/device/usbd.c.obj
                0x10004bd4                tud_inited
 .text.tud_init
                0x10004be8       0xcc usb/device/tinyusb_device_examples/audio_test/CMakeFiles/tinyusb_dev_audio_test.dir/C_/Program_Files/Raspberry_Pi/Pico_SDK_v1.5.1/pico-sdk/lib/tinyusb/src/device/usbd.c.obj
                0x10004be8                tud_init
 .text.usbd_edpt_open
                0x10004cb4       0x34 usb/device/tinyusb_device_examples/audio_test/CMakeFiles/tinyusb_dev_audio_test.dir/C_/Program_Files/Raspberry_Pi/Pico_SDK_v1.5.1/pico-sdk/lib/tinyusb/src/device/usbd.c.obj
                0x10004cb4                usbd_edpt_open
 .text.usbd_edpt_xfer
                0x10004ce8       0x78 usb/device/tinyusb_device_examples/audio_test/CMakeFiles/tinyusb_dev_audio_test.dir/C_/Program_Files/Raspberry_Pi/Pico_SDK_v1.5.1/pico-sdk/lib/tinyusb/src/device/usbd.c.obj
                0x10004ce8                usbd_edpt_xfer
 .text.usbd_edpt_stall
                0x10004d60       0x48 usb/device/tinyusb_device_examples/audio_test/CMakeFiles/tinyusb_dev_audio_test.dir/C_/Program_Files/Raspberry_Pi/Pico_SDK_v1.5.1/pico-sdk/lib/tinyusb/src/device/usbd.c.obj
                0x10004d60                usbd_edpt_stall
 .text.usbd_edpt_clear_stall
                0x10004da8       0x48 usb/device/tinyusb_device_examples/audio_test/CMakeFiles/tinyusb_dev_audio_test.dir/C_/Program_Files/Raspberry_Pi/Pico_SDK_v1.5.1/pico-sdk/lib/tinyusb/src/device/usbd.c.obj
                0x10004da8                usbd_edpt_clear_stall
 .text.usbd_edpt_stalled
                0x10004df0       0x1c usb/device/tinyusb_device_examples/audio_test/CMakeFiles/tinyusb_dev_audio_test.dir/C_/Program_Files/Raspberry_Pi/Pico_SDK_v1.5.1/pico-sdk/lib/tinyusb/src/device/usbd.c.obj
                0x10004df0                usbd_edpt_stalled
 .text.process_control_request
                0x10004e0c      0x37c usb/device/tinyusb_device_examples/audio_test/CMakeFiles/tinyusb_dev_audio_test.dir/C_/Program_Files/Raspberry_Pi/Pico_SDK_v1.5.1/pico-sdk/lib/tinyusb/src/device/usbd.c.obj
 .text.tud_task_ext
                0x10005188      0x1b8 usb/device/tinyusb_device_examples/audio_test/CMakeFiles/tinyusb_dev_audio_test.dir/C_/Program_Files/Raspberry_Pi/Pico_SDK_v1.5.1/pico-sdk/lib/tinyusb/src/device/usbd.c.obj
                0x10005188                tud_task_ext
 .text.usbd_edpt_close
                0x10005340       0x48 usb/device/tinyusb_device_examples/audio_test/CMakeFiles/tinyusb_dev_audio_test.dir/C_/Program_Files/Raspberry_Pi/Pico_SDK_v1.5.1/pico-sdk/lib/tinyusb/src/device/usbd.c.obj
                0x10005340                usbd_edpt_close
 .text._data_stage_xact
                0x10005388       0x58 usb/device/tinyusb_device_examples/audio_test/CMakeFiles/tinyusb_dev_audio_test.dir/C_/Program_Files/Raspberry_Pi/Pico_SDK_v1.5.1/pico-sdk/lib/tinyusb/src/device/usbd_control.c.obj
 .text.tud_control_status
                0x100053e0       0x38 usb/device/tinyusb_device_examples/audio_test/CMakeFiles/tinyusb_dev_audio_test.dir/C_/Program_Files/Raspberry_Pi/Pico_SDK_v1.5.1/pico-sdk/lib/tinyusb/src/device/usbd_control.c.obj
                0x100053e0                tud_control_status
 .text.tud_control_xfer
                0x10005418       0x74 usb/device/tinyusb_device_examples/audio_test/CMakeFiles/tinyusb_dev_audio_test.dir/C_/Program_Files/Raspberry_Pi/Pico_SDK_v1.5.1/pico-sdk/lib/tinyusb/src/device/usbd_control.c.obj
                0x10005418                tud_control_xfer
 .text.usbd_control_reset
                0x1000548c       0x14 usb/device/tinyusb_device_examples/audio_test/CMakeFiles/tinyusb_dev_audio_test.dir/C_/Program_Files/Raspberry_Pi/Pico_SDK_v1.5.1/pico-sdk/lib/tinyusb/src/device/usbd_control.c.obj
                0x1000548c                usbd_control_reset
 .text.usbd_control_set_complete_callback
                0x100054a0        0xc usb/device/tinyusb_device_examples/audio_test/CMakeFiles/tinyusb_dev_audio_test.dir/C_/Program_Files/Raspberry_Pi/Pico_SDK_v1.5.1/pico-sdk/lib/tinyusb/src/device/usbd_control.c.obj
                0x100054a0                usbd_control_set_complete_callback
 .text.usbd_control_set_request
                0x100054ac       0x1c usb/device/tinyusb_device_examples/audio_test/CMakeFiles/tinyusb_dev_audio_test.dir/C_/Program_Files/Raspberry_Pi/Pico_SDK_v1.5.1/pico-sdk/lib/tinyusb/src/device/usbd_control.c.obj
                0x100054ac                usbd_control_set_request
 .text.usbd_control_xfer_cb
                0x100054c8       0xcc usb/device/tinyusb_device_examples/audio_test/CMakeFiles/tinyusb_dev_audio_test.dir/C_/Program_Files/Raspberry_Pi/Pico_SDK_v1.5.1/pico-sdk/lib/tinyusb/src/device/usbd_control.c.obj
                0x100054c8                usbd_control_xfer_cb
 .text.audiod_get_AS_interface_index
                0x10005594       0x50 usb/device/tinyusb_device_examples/audio_test/CMakeFiles/tinyusb_dev_audio_test.dir/C_/Program_Files/Raspberry_Pi/Pico_SDK_v1.5.1/pico-sdk/lib/tinyusb/src/class/audio/audio_device.c.obj
 .text.audiod_get_AS_interface_index_global
                0x100055e4       0x40 usb/device/tinyusb_device_examples/audio_test/CMakeFiles/tinyusb_dev_audio_test.dir/C_/Program_Files/Raspberry_Pi/Pico_SDK_v1.5.1/pico-sdk/lib/tinyusb/src/class/audio/audio_device.c.obj
 .text.audiod_verify_entity_exists
                0x10005624       0x54 usb/device/tinyusb_device_examples/audio_test/CMakeFiles/tinyusb_dev_audio_test.dir/C_/Program_Files/Raspberry_Pi/Pico_SDK_v1.5.1/pico-sdk/lib/tinyusb/src/class/audio/audio_device.c.obj
 .text.audiod_verify_itf_exists
                0x10005678       0x50 usb/device/tinyusb_device_examples/audio_test/CMakeFiles/tinyusb_dev_audio_test.dir/C_/Program_Files/Raspberry_Pi/Pico_SDK_v1.5.1/pico-sdk/lib/tinyusb/src/class/audio/audio_device.c.obj
 .text.audiod_verify_ep_exists
                0x100056c8       0x58 usb/device/tinyusb_device_examples/audio_test/CMakeFiles/tinyusb_dev_audio_test.dir/C_/Program_Files/Raspberry_Pi/Pico_SDK_v1.5.1/pico-sdk/lib/tinyusb/src/class/audio/audio_device.c.obj
 .text.audiod_control_complete
                0x10005720       0xd0 usb/device/tinyusb_device_examples/audio_test/CMakeFiles/tinyusb_dev_audio_test.dir/C_/Program_Files/Raspberry_Pi/Pico_SDK_v1.5.1/pico-sdk/lib/tinyusb/src/class/audio/audio_device.c.obj
 .text.audiod_get_audio_fct_idx
                0x100057f0       0x24 usb/device/tinyusb_device_examples/audio_test/CMakeFiles/tinyusb_dev_audio_test.dir/C_/Program_Files/Raspberry_Pi/Pico_SDK_v1.5.1/pico-sdk/lib/tinyusb/src/class/audio/audio_device.c.obj
 .text.audiod_get_interface
                0x10005814       0x48 usb/device/tinyusb_device_examples/audio_test/CMakeFiles/tinyusb_dev_audio_test.dir/C_/Program_Files/Raspberry_Pi/Pico_SDK_v1.5.1/pico-sdk/lib/tinyusb/src/class/audio/audio_device.c.obj
 .text.audiod_tx_done_cb
                0x1000585c       0xac usb/device/tinyusb_device_examples/audio_test/CMakeFiles/tinyusb_dev_audio_test.dir/C_/Program_Files/Raspberry_Pi/Pico_SDK_v1.5.1/pico-sdk/lib/tinyusb/src/class/audio/audio_device.c.obj
 .text.audiod_set_interface
                0x10005908      0x1b0 usb/device/tinyusb_device_examples/audio_test/CMakeFiles/tinyusb_dev_audio_test.dir/C_/Program_Files/Raspberry_Pi/Pico_SDK_v1.5.1/pico-sdk/lib/tinyusb/src/class/audio/audio_device.c.obj
 .text.audiod_control_request
                0x10005ab8       0xfc usb/device/tinyusb_device_examples/audio_test/CMakeFiles/tinyusb_dev_audio_test.dir/C_/Program_Files/Raspberry_Pi/Pico_SDK_v1.5.1/pico-sdk/lib/tinyusb/src/class/audio/audio_device.c.obj
 .text.tud_audio_n_write
                0x10005bb4       0x30 usb/device/tinyusb_device_examples/audio_test/CMakeFiles/tinyusb_dev_audio_test.dir/C_/Program_Files/Raspberry_Pi/Pico_SDK_v1.5.1/pico-sdk/lib/tinyusb/src/class/audio/audio_device.c.obj
                0x10005bb4                tud_audio_n_write
 .text.audiod_init
                0x10005be4       0x70 usb/device/tinyusb_device_examples/audio_test/CMakeFiles/tinyusb_dev_audio_test.dir/C_/Program_Files/Raspberry_Pi/Pico_SDK_v1.5.1/pico-sdk/lib/tinyusb/src/class/audio/audio_device.c.obj
                0x10005be4                audiod_init
 .text.audiod_reset
                0x10005c54       0x30 usb/device/tinyusb_device_examples/audio_test/CMakeFiles/tinyusb_dev_audio_test.dir/C_/Program_Files/Raspberry_Pi/Pico_SDK_v1.5.1/pico-sdk/lib/tinyusb/src/class/audio/audio_device.c.obj
                0x10005c54                audiod_reset
 .text.audiod_open
                0x10005c84       0x7c usb/device/tinyusb_device_examples/audio_test/CMakeFiles/tinyusb_dev_audio_test.dir/C_/Program_Files/Raspberry_Pi/Pico_SDK_v1.5.1/pico-sdk/lib/tinyusb/src/class/audio/audio_device.c.obj
                0x10005c84                audiod_open
 .text.audiod_control_xfer_cb
                0x10005d00       0x1e usb/device/tinyusb_device_examples/audio_test/CMakeFiles/tinyusb_dev_audio_test.dir/C_/Program_Files/Raspberry_Pi/Pico_SDK_v1.5.1/pico-sdk/lib/tinyusb/src/class/audio/audio_device.c.obj
                0x10005d00                audiod_control_xfer_cb
 *fill*         0x10005d1e        0x2 
 .text.audiod_xfer_cb
                0x10005d20       0x34 usb/device/tinyusb_device_examples/audio_test/CMakeFiles/tinyusb_dev_audio_test.dir/C_/Program_Files/Raspberry_Pi/Pico_SDK_v1.5.1/pico-sdk/lib/tinyusb/src/class/audio/audio_device.c.obj
                0x10005d20                audiod_xfer_cb
 .text.tud_audio_buffer_and_schedule_control_xfer
                0x10005d54       0xa4 usb/device/tinyusb_device_examples/audio_test/CMakeFiles/tinyusb_dev_audio_test.dir/C_/Program_Files/Raspberry_Pi/Pico_SDK_v1.5.1/pico-sdk/lib/tinyusb/src/class/audio/audio_device.c.obj
                0x10005d54                tud_audio_buffer_and_schedule_control_xfer
 .text.tusb_inited
                0x10005df8        0xe usb/device/tinyusb_device_examples/audio_test/CMakeFiles/tinyusb_dev_audio_test.dir/C_/Program_Files/Raspberry_Pi/Pico_SDK_v1.5.1/pico-sdk/lib/tinyusb/src/tusb.c.obj
                0x10005df8                tusb_inited
 *fill*         0x10005e06        0x2 
 .text.tu_edpt_validate
                0x10005e08       0x78 usb/device/tinyusb_device_examples/audio_test/CMakeFiles/tinyusb_dev_audio_test.dir/C_/Program_Files/Raspberry_Pi/Pico_SDK_v1.5.1/pico-sdk/lib/tinyusb/src/tusb.c.obj
                0x10005e08                tu_edpt_validate
 .text.tu_edpt_bind_driver
                0x10005e80       0x26 usb/device/tinyusb_device_examples/audio_test/CMakeFiles/tinyusb_dev_audio_test.dir/C_/Program_Files/Raspberry_Pi/Pico_SDK_v1.5.1/pico-sdk/lib/tinyusb/src/tusb.c.obj
                0x10005e80                tu_edpt_bind_driver
 .text.advance_index
                0x10005ea6       0x1a usb/device/tinyusb_device_examples/audio_test/CMakeFiles/tinyusb_dev_audio_test.dir/C_/Program_Files/Raspberry_Pi/Pico_SDK_v1.5.1/pico-sdk/lib/tinyusb/src/common/tusb_fifo.c.obj
 .text._tu_fifo_peek
                0x10005ec0       0x56 usb/device/tinyusb_device_examples/audio_test/CMakeFiles/tinyusb_dev_audio_test.dir/C_/Program_Files/Raspberry_Pi/Pico_SDK_v1.5.1/pico-sdk/lib/tinyusb/src/common/tusb_fifo.c.obj
 .text._ff_pull_const_addr
                0x10005f16       0x4c usb/device/tinyusb_device_examples/audio_test/CMakeFiles/tinyusb_dev_audio_test.dir/C_/Program_Files/Raspberry_Pi/Pico_SDK_v1.5.1/pico-sdk/lib/tinyusb/src/common/tusb_fifo.c.obj
 .text._ff_pull_n
                0x10005f62      0x110 usb/device/tinyusb_device_examples/audio_test/CMakeFiles/tinyusb_dev_audio_test.dir/C_/Program_Files/Raspberry_Pi/Pico_SDK_v1.5.1/pico-sdk/lib/tinyusb/src/common/tusb_fifo.c.obj
 .text._tu_fifo_peek_n
                0x10006072       0x6a usb/device/tinyusb_device_examples/audio_test/CMakeFiles/tinyusb_dev_audio_test.dir/C_/Program_Files/Raspberry_Pi/Pico_SDK_v1.5.1/pico-sdk/lib/tinyusb/src/common/tusb_fifo.c.obj
 .text._tu_fifo_read_n
                0x100060dc       0x4e usb/device/tinyusb_device_examples/audio_test/CMakeFiles/tinyusb_dev_audio_test.dir/C_/Program_Files/Raspberry_Pi/Pico_SDK_v1.5.1/pico-sdk/lib/tinyusb/src/common/tusb_fifo.c.obj
 .text._ff_push_const_addr
                0x1000612a       0x40 usb/device/tinyusb_device_examples/audio_test/CMakeFiles/tinyusb_dev_audio_test.dir/C_/Program_Files/Raspberry_Pi/Pico_SDK_v1.5.1/pico-sdk/lib/tinyusb/src/common/tusb_fifo.c.obj
 .text._ff_push_n
                0x1000616a      0x10c usb/device/tinyusb_device_examples/audio_test/CMakeFiles/tinyusb_dev_audio_test.dir/C_/Program_Files/Raspberry_Pi/Pico_SDK_v1.5.1/pico-sdk/lib/tinyusb/src/common/tusb_fifo.c.obj
 .text._tu_fifo_write_n
                0x10006276       0xf0 usb/device/tinyusb_device_examples/audio_test/CMakeFiles/tinyusb_dev_audio_test.dir/C_/Program_Files/Raspberry_Pi/Pico_SDK_v1.5.1/pico-sdk/lib/tinyusb/src/common/tusb_fifo.c.obj
 .text.tu_fifo_config
                0x10006366       0x7c usb/device/tinyusb_device_examples/audio_test/CMakeFiles/tinyusb_dev_audio_test.dir/C_/Program_Files/Raspberry_Pi/Pico_SDK_v1.5.1/pico-sdk/lib/tinyusb/src/common/tusb_fifo.c.obj
                0x10006366                tu_fifo_config
 .text.tu_fifo_count
                0x100063e2       0x2a usb/device/tinyusb_device_examples/audio_test/CMakeFiles/tinyusb_dev_audio_test.dir/C_/Program_Files/Raspberry_Pi/Pico_SDK_v1.5.1/pico-sdk/lib/tinyusb/src/common/tusb_fifo.c.obj
                0x100063e2                tu_fifo_count
 .text.tu_fifo_full
                0x1000640c       0x28 usb/device/tinyusb_device_examples/audio_test/CMakeFiles/tinyusb_dev_audio_test.dir/C_/Program_Files/Raspberry_Pi/Pico_SDK_v1.5.1/pico-sdk/lib/tinyusb/src/common/tusb_fifo.c.obj
                0x1000640c                tu_fifo_full
 .text.tu_fifo_read
                0x10006434       0x42 usb/device/tinyusb_device_examples/audio_test/CMakeFiles/tinyusb_dev_audio_test.dir/C_/Program_Files/Raspberry_Pi/Pico_SDK_v1.5.1/pico-sdk/lib/tinyusb/src/common/tusb_fifo.c.obj
                0x10006434                tu_fifo_read
 .text.tu_fifo_read_n
                0x10006476        0xa usb/device/tinyusb_device_examples/audio_test/CMakeFiles/tinyusb_dev_audio_test.dir/C_/Program_Files/Raspberry_Pi/Pico_SDK_v1.5.1/pico-sdk/lib/tinyusb/src/common/tusb_fifo.c.obj
                0x10006476                tu_fifo_read_n
 .text.tu_fifo_write
                0x10006480       0x64 usb/device/tinyusb_device_examples/audio_test/CMakeFiles/tinyusb_dev_audio_test.dir/C_/Program_Files/Raspberry_Pi/Pico_SDK_v1.5.1/pico-sdk/lib/tinyusb/src/common/tusb_fifo.c.obj
                0x10006480                tu_fifo_write
 .text.tu_fifo_write_n
                0x100064e4        0xa usb/device/tinyusb_device_examples/audio_test/CMakeFiles/tinyusb_dev_audio_test.dir/C_/Program_Files/Raspberry_Pi/Pico_SDK_v1.5.1/pico-sdk/lib/tinyusb/src/common/tusb_fifo.c.obj
                0x100064e4                tu_fifo_write_n
 .text.tu_fifo_clear
                0x100064ee       0x3e usb/device/tinyusb_device_examples/audio_test/CMakeFiles/tinyusb_dev_audio_test.dir/C_/Program_Files/Raspberry_Pi/Pico_SDK_v1.5.1/pico-sdk/lib/tinyusb/src/common/tusb_fifo.c.obj
                0x100064ee                tu_fifo_clear
 .text.rp2040_usb_device_enumeration_fix
                0x1000652c        0x2 usb/device/tinyusb_device_examples/audio_test/CMakeFiles/tinyusb_dev_audio_test.dir/d04fd67855afdaab89963ae3e2d40636/rp2_common/pico_fix/rp2040_usb_device_enumeration/rp2040_usb_device_enumeration.c.obj
                0x1000652c                rp2040_usb_device_enumeration_fix
 *fill*         0x1000652e        0x2 
 .text.strlen   0x10006530       0x5c c:/progra~1/raspbe~1/picosd~1.1/gcc-ar~1/bin/../lib/gcc/arm-none-eabi/10.3.1/../../../../arm-none-eabi/lib/thumb/v6-m/nofp\libg.a(lib_a-strlen-stub.o)
                0x10006530                strlen
 *(.fini)
 .fini          0x1000658c        0x4 c:/progra~1/raspbe~1/picosd~1.1/gcc-ar~1/bin/../lib/gcc/arm-none-eabi/10.3.1/thumb/v6-m/nofp/crti.o
                0x1000658c                _fini
 .fini.__stub   0x10006590       0xb0 linker stubs
 *crtbegin.o(.ctors)
 *crtbegin?.o(.ctors)
 *(EXCLUDE_FILE(*crtend.o *crtend?.o) .ctors)
 *(SORT_BY_NAME(.ctors.*))
 *(.ctors)
 *crtbegin.o(.dtors)
 *crtbegin?.o(.dtors)
 *(EXCLUDE_FILE(*crtend.o *crtend?.o) .dtors)
 *(SORT_BY_NAME(.dtors.*))
 *(.dtors)
 *(.eh_frame*)
 .eh_frame      0x10006640        0x0 c:/progra~1/raspbe~1/picosd~1.1/gcc-ar~1/bin/../lib/gcc/arm-none-eabi/10.3.1/thumb/v6-m/nofp/crtbegin.o
                0x10006640                . = ALIGN (0x4)

.glue_7         0x10006640        0x0
 .glue_7        0x10006640        0x0 linker stubs

.glue_7t        0x10006640        0x0
 .glue_7t       0x10006640        0x0 linker stubs

.vfp11_veneer   0x10006640        0x0
 .vfp11_veneer  0x10006640        0x0 linker stubs

.v4_bx          0x10006640        0x0
 .v4_bx         0x10006640        0x0 linker stubs

.iplt           0x10006640        0x0
 .iplt          0x10006640        0x0 c:/progra~1/raspbe~1/picosd~1.1/gcc-ar~1/bin/../lib/gcc/arm-none-eabi/10.3.1/thumb/v6-m/nofp/crtbegin.o

.rodata         0x10006640     0x1498
 *(EXCLUDE_FILE(*libm.a: *libc.a:*lib_a-mem*.o *libgcc.a:) .rodata*)
 .rodata.led_blinking_task.str1.4
                0x10006640       0x7d usb/device/tinyusb_device_examples/audio_test/CMakeFiles/tinyusb_dev_audio_test.dir/src/main.c.obj
 *fill*         0x100066bd        0x3 
 .rodata.__func__.0
                0x100066c0       0x15 usb/device/tinyusb_device_examples/audio_test/CMakeFiles/tinyusb_dev_audio_test.dir/src/main.c.obj
 *fill*         0x100066d5        0x3 
 .rodata.str1.4
                0x100066d8       0x21 usb/device/tinyusb_device_examples/audio_test/CMakeFiles/tinyusb_dev_audio_test.dir/src/usb_descriptors.c.obj
 *fill*         0x100066f9        0x3 
 .rodata.__compound_literal.0
                0x100066fc        0x2 usb/device/tinyusb_device_examples/audio_test/CMakeFiles/tinyusb_dev_audio_test.dir/src/usb_descriptors.c.obj
 *fill*         0x100066fe        0x2 
 .rodata.desc_configuration
                0x10006700       0x8d usb/device/tinyusb_device_examples/audio_test/CMakeFiles/tinyusb_dev_audio_test.dir/src/usb_descriptors.c.obj
                0x10006700                desc_configuration
 *fill*         0x1000678d        0x3 
 .rodata.desc_device
                0x10006790       0x12 usb/device/tinyusb_device_examples/audio_test/CMakeFiles/tinyusb_dev_audio_test.dir/src/usb_descriptors.c.obj
                0x10006790                desc_device
 *fill*         0x100067a2        0x2 
 .rodata.spin_lock_claim_unused.str1.4
                0x100067a4       0x1b usb/device/tinyusb_device_examples/audio_test/CMakeFiles/tinyusb_dev_audio_test.dir/C_/Program_Files/Raspberry_Pi/Pico_SDK_v1.5.1/pico-sdk/src/rp2_common/hardware_sync/sync.c.obj
 *fill*         0x100067bf        0x1 
 .rodata.make_branch.str1.4
                0x100067c0       0x89 usb/device/tinyusb_device_examples/audio_test/CMakeFiles/tinyusb_dev_audio_test.dir/C_/Program_Files/Raspberry_Pi/Pico_SDK_v1.5.1/pico-sdk/src/rp2_common/hardware_irq/irq.c.obj
 *fill*         0x10006849        0x3 
 .rodata.insert_branch_and_link.str1.4
                0x1000684c       0x10 usb/device/tinyusb_device_examples/audio_test/CMakeFiles/tinyusb_dev_audio_test.dir/C_/Program_Files/Raspberry_Pi/Pico_SDK_v1.5.1/pico-sdk/src/rp2_common/hardware_irq/irq.c.obj
 .rodata.irq_set_exclusive_handler.str1.4
                0x1000685c       0x36 usb/device/tinyusb_device_examples/audio_test/CMakeFiles/tinyusb_dev_audio_test.dir/C_/Program_Files/Raspberry_Pi/Pico_SDK_v1.5.1/pico-sdk/src/rp2_common/hardware_irq/irq.c.obj
 *fill*         0x10006892        0x2 
 .rodata.irq_add_shared_handler.str1.4
                0x10006894       0xd9 usb/device/tinyusb_device_examples/audio_test/CMakeFiles/tinyusb_dev_audio_test.dir/C_/Program_Files/Raspberry_Pi/Pico_SDK_v1.5.1/pico-sdk/src/rp2_common/hardware_irq/irq.c.obj
 *fill*         0x1000696d        0x3 
 .rodata.irq_remove_handler.str1.4
                0x10006970       0x3a usb/device/tinyusb_device_examples/audio_test/CMakeFiles/tinyusb_dev_audio_test.dir/C_/Program_Files/Raspberry_Pi/Pico_SDK_v1.5.1/pico-sdk/src/rp2_common/hardware_irq/irq.c.obj
 *fill*         0x100069aa        0x2 
 .rodata.irq_add_tail_to_free_list.str1.4
                0x100069ac       0x3a usb/device/tinyusb_device_examples/audio_test/CMakeFiles/tinyusb_dev_audio_test.dir/C_/Program_Files/Raspberry_Pi/Pico_SDK_v1.5.1/pico-sdk/src/rp2_common/hardware_irq/irq.c.obj
 *fill*         0x100069e6        0x2 
 .rodata.__func__.0
                0x100069e8       0x1a usb/device/tinyusb_device_examples/audio_test/CMakeFiles/tinyusb_dev_audio_test.dir/C_/Program_Files/Raspberry_Pi/Pico_SDK_v1.5.1/pico-sdk/src/rp2_common/hardware_irq/irq.c.obj
 *fill*         0x10006a02        0x2 
 .rodata.__func__.1
                0x10006a04       0x17 usb/device/tinyusb_device_examples/audio_test/CMakeFiles/tinyusb_dev_audio_test.dir/C_/Program_Files/Raspberry_Pi/Pico_SDK_v1.5.1/pico-sdk/src/rp2_common/hardware_irq/irq.c.obj
 *fill*         0x10006a1b        0x1 
 .rodata.__func__.2
                0x10006a1c       0x13 usb/device/tinyusb_device_examples/audio_test/CMakeFiles/tinyusb_dev_audio_test.dir/C_/Program_Files/Raspberry_Pi/Pico_SDK_v1.5.1/pico-sdk/src/rp2_common/hardware_irq/irq.c.obj
 *fill*         0x10006a2f        0x1 
 .rodata.__func__.3
                0x10006a30        0xc usb/device/tinyusb_device_examples/audio_test/CMakeFiles/tinyusb_dev_audio_test.dir/C_/Program_Files/Raspberry_Pi/Pico_SDK_v1.5.1/pico-sdk/src/rp2_common/hardware_irq/irq.c.obj
 .rodata.__func__.4
                0x10006a3c        0xf usb/device/tinyusb_device_examples/audio_test/CMakeFiles/tinyusb_dev_audio_test.dir/C_/Program_Files/Raspberry_Pi/Pico_SDK_v1.5.1/pico-sdk/src/rp2_common/hardware_irq/irq.c.obj
 *fill*         0x10006a4b        0x1 
 .rodata.__func__.5
                0x10006a4c       0x17 usb/device/tinyusb_device_examples/audio_test/CMakeFiles/tinyusb_dev_audio_test.dir/C_/Program_Files/Raspberry_Pi/Pico_SDK_v1.5.1/pico-sdk/src/rp2_common/hardware_irq/irq.c.obj
 *fill*         0x10006a63        0x1 
 .rodata.__func__.6
                0x10006a64       0x1a usb/device/tinyusb_device_examples/audio_test/CMakeFiles/tinyusb_dev_audio_test.dir/C_/Program_Files/Raspberry_Pi/Pico_SDK_v1.5.1/pico-sdk/src/rp2_common/hardware_irq/irq.c.obj
 *fill*         0x10006a7e        0x2 
 .rodata.str1.4
                0x10006a80       0xa5 usb/device/tinyusb_device_examples/audio_test/CMakeFiles/tinyusb_dev_audio_test.dir/C_/Program_Files/Raspberry_Pi/Pico_SDK_v1.5.1/pico-sdk/src/common/pico_sync/mutex.c.obj
                                0x125 (size before relaxing)
 *fill*         0x10006b25        0x3 
 .rodata.__func__.1
                0x10006b28        0xb usb/device/tinyusb_device_examples/audio_test/CMakeFiles/tinyusb_dev_audio_test.dir/C_/Program_Files/Raspberry_Pi/Pico_SDK_v1.5.1/pico-sdk/src/common/pico_sync/mutex.c.obj
 *fill*         0x10006b33        0x1 
 .rodata.__func__.3
                0x10006b34       0x18 usb/device/tinyusb_device_examples/audio_test/CMakeFiles/tinyusb_dev_audio_test.dir/C_/Program_Files/Raspberry_Pi/Pico_SDK_v1.5.1/pico-sdk/src/common/pico_sync/mutex.c.obj
 .rodata.__func__.4
                0x10006b4c       0x15 usb/device/tinyusb_device_examples/audio_test/CMakeFiles/tinyusb_dev_audio_test.dir/C_/Program_Files/Raspberry_Pi/Pico_SDK_v1.5.1/pico-sdk/src/common/pico_sync/mutex.c.obj
 *fill*         0x10006b61        0x3 
 .rodata.repeating_timer_callback.str1.4
                0x10006b64       0x67 usb/device/tinyusb_device_examples/audio_test/CMakeFiles/tinyusb_dev_audio_test.dir/C_/Program_Files/Raspberry_Pi/Pico_SDK_v1.5.1/pico-sdk/src/common/pico_time/time.c.obj
 *fill*         0x10006bcb        0x1 
 .rodata.timer_pool_entry_comparator.str1.4
                0x10006bcc       0x22 usb/device/tinyusb_device_examples/audio_test/CMakeFiles/tinyusb_dev_audio_test.dir/C_/Program_Files/Raspberry_Pi/Pico_SDK_v1.5.1/pico-sdk/src/common/pico_time/time.c.obj
 *fill*         0x10006bee        0x2 
 .rodata.ph_add_child_node.str1.4
                0x10006bf0       0xb2 usb/device/tinyusb_device_examples/audio_test/CMakeFiles/tinyusb_dev_audio_test.dir/C_/Program_Files/Raspberry_Pi/Pico_SDK_v1.5.1/pico-sdk/src/common/pico_time/time.c.obj
 *fill*         0x10006ca2        0x2 
 .rodata.add_alarm_under_lock.str1.4
                0x10006ca4       0x28 usb/device/tinyusb_device_examples/audio_test/CMakeFiles/tinyusb_dev_audio_test.dir/C_/Program_Files/Raspberry_Pi/Pico_SDK_v1.5.1/pico-sdk/src/common/pico_time/time.c.obj
                                 0x2b (size before relaxing)
 .rodata.alarm_pool_alarm_callback.str1.4
                0x10006ccc       0x98 usb/device/tinyusb_device_examples/audio_test/CMakeFiles/tinyusb_dev_audio_test.dir/C_/Program_Files/Raspberry_Pi/Pico_SDK_v1.5.1/pico-sdk/src/common/pico_time/time.c.obj
                                0x118 (size before relaxing)
 .rodata.alarm_pool_get_default.str1.4
                0x10006d64       0x21 usb/device/tinyusb_device_examples/audio_test/CMakeFiles/tinyusb_dev_audio_test.dir/C_/Program_Files/Raspberry_Pi/Pico_SDK_v1.5.1/pico-sdk/src/common/pico_time/time.c.obj
 *fill*         0x10006d85        0x3 
 .rodata.alarm_pool_cancel_alarm.str1.4
                0x10006d88       0x27 usb/device/tinyusb_device_examples/audio_test/CMakeFiles/tinyusb_dev_audio_test.dir/C_/Program_Files/Raspberry_Pi/Pico_SDK_v1.5.1/pico-sdk/src/common/pico_time/time.c.obj
 *fill*         0x10006daf        0x1 
 .rodata.__func__.1
                0x10006db0       0x18 usb/device/tinyusb_device_examples/audio_test/CMakeFiles/tinyusb_dev_audio_test.dir/C_/Program_Files/Raspberry_Pi/Pico_SDK_v1.5.1/pico-sdk/src/common/pico_time/time.c.obj
 .rodata.__func__.10
                0x10006dc8       0x15 usb/device/tinyusb_device_examples/audio_test/CMakeFiles/tinyusb_dev_audio_test.dir/C_/Program_Files/Raspberry_Pi/Pico_SDK_v1.5.1/pico-sdk/src/common/pico_time/time.c.obj
 *fill*         0x10006ddd        0x3 
 .rodata.__func__.11
                0x10006de0       0x1a usb/device/tinyusb_device_examples/audio_test/CMakeFiles/tinyusb_dev_audio_test.dir/C_/Program_Files/Raspberry_Pi/Pico_SDK_v1.5.1/pico-sdk/src/common/pico_time/time.c.obj
 *fill*         0x10006dfa        0x2 
 .rodata.__func__.12
                0x10006dfc        0xa usb/device/tinyusb_device_examples/audio_test/CMakeFiles/tinyusb_dev_audio_test.dir/C_/Program_Files/Raspberry_Pi/Pico_SDK_v1.5.1/pico-sdk/src/common/pico_time/time.c.obj
 *fill*         0x10006e06        0x2 
 .rodata.__func__.3
                0x10006e08       0x17 usb/device/tinyusb_device_examples/audio_test/CMakeFiles/tinyusb_dev_audio_test.dir/C_/Program_Files/Raspberry_Pi/Pico_SDK_v1.5.1/pico-sdk/src/common/pico_time/time.c.obj
 *fill*         0x10006e1f        0x1 
 .rodata.__func__.4
                0x10006e20       0x12 usb/device/tinyusb_device_examples/audio_test/CMakeFiles/tinyusb_dev_audio_test.dir/C_/Program_Files/Raspberry_Pi/Pico_SDK_v1.5.1/pico-sdk/src/common/pico_time/time.c.obj
 *fill*         0x10006e32        0x2 
 .rodata.__func__.5
                0x10006e34        0xd usb/device/tinyusb_device_examples/audio_test/CMakeFiles/tinyusb_dev_audio_test.dir/C_/Program_Files/Raspberry_Pi/Pico_SDK_v1.5.1/pico-sdk/src/common/pico_time/time.c.obj
 *fill*         0x10006e41        0x3 
 .rodata.__func__.6
                0x10006e44       0x12 usb/device/tinyusb_device_examples/audio_test/CMakeFiles/tinyusb_dev_audio_test.dir/C_/Program_Files/Raspberry_Pi/Pico_SDK_v1.5.1/pico-sdk/src/common/pico_time/time.c.obj
 *fill*         0x10006e56        0x2 
 .rodata.__func__.7
                0x10006e58        0xf usb/device/tinyusb_device_examples/audio_test/CMakeFiles/tinyusb_dev_audio_test.dir/C_/Program_Files/Raspberry_Pi/Pico_SDK_v1.5.1/pico-sdk/src/common/pico_time/time.c.obj
 *fill*         0x10006e67        0x1 
 .rodata.__func__.8
                0x10006e68        0xc usb/device/tinyusb_device_examples/audio_test/CMakeFiles/tinyusb_dev_audio_test.dir/C_/Program_Files/Raspberry_Pi/Pico_SDK_v1.5.1/pico-sdk/src/common/pico_time/time.c.obj
 .rodata.__func__.9
                0x10006e74       0x15 usb/device/tinyusb_device_examples/audio_test/CMakeFiles/tinyusb_dev_audio_test.dir/C_/Program_Files/Raspberry_Pi/Pico_SDK_v1.5.1/pico-sdk/src/common/pico_time/time.c.obj
 *fill*         0x10006e89        0x3 
 .rodata.hardware_alarm_claim.str1.4
                0x10006e8c       0x22 usb/device/tinyusb_device_examples/audio_test/CMakeFiles/tinyusb_dev_audio_test.dir/C_/Program_Files/Raspberry_Pi/Pico_SDK_v1.5.1/pico-sdk/src/rp2_common/hardware_timer/timer.c.obj
 .rodata.busy_wait_us.str1.4
                0x10006eae       0x7d usb/device/tinyusb_device_examples/audio_test/CMakeFiles/tinyusb_dev_audio_test.dir/C_/Program_Files/Raspberry_Pi/Pico_SDK_v1.5.1/pico-sdk/src/rp2_common/hardware_timer/timer.c.obj
 *fill*         0x10006eae        0x2 
 .rodata.hardware_alarm_set_target.str1.4
                0x10006eb0       0x81 usb/device/tinyusb_device_examples/audio_test/CMakeFiles/tinyusb_dev_audio_test.dir/C_/Program_Files/Raspberry_Pi/Pico_SDK_v1.5.1/pico-sdk/src/rp2_common/hardware_timer/timer.c.obj
 *fill*         0x10006f31        0x3 
 .rodata.__func__.0
                0x10006f34       0x1a usb/device/tinyusb_device_examples/audio_test/CMakeFiles/tinyusb_dev_audio_test.dir/C_/Program_Files/Raspberry_Pi/Pico_SDK_v1.5.1/pico-sdk/src/rp2_common/hardware_timer/timer.c.obj
 *fill*         0x10006f4e        0x2 
 .rodata.__func__.1
                0x10006f50       0x15 usb/device/tinyusb_device_examples/audio_test/CMakeFiles/tinyusb_dev_audio_test.dir/C_/Program_Files/Raspberry_Pi/Pico_SDK_v1.5.1/pico-sdk/src/rp2_common/hardware_timer/timer.c.obj
 .rodata.ph_add_child_node.str1.4
                0x10006f65       0xb2 usb/device/tinyusb_device_examples/audio_test/CMakeFiles/tinyusb_dev_audio_test.dir/C_/Program_Files/Raspberry_Pi/Pico_SDK_v1.5.1/pico-sdk/src/common/pico_util/pheap.c.obj
 *fill*         0x10006f65        0x3 
 .rodata.ph_remove_any_head.str1.4
                0x10006f68       0xa8 usb/device/tinyusb_device_examples/audio_test/CMakeFiles/tinyusb_dev_audio_test.dir/C_/Program_Files/Raspberry_Pi/Pico_SDK_v1.5.1/pico-sdk/src/common/pico_util/pheap.c.obj
                                 0xbc (size before relaxing)
 .rodata.ph_remove_and_free_node.str1.4
                0x10007010       0x1e usb/device/tinyusb_device_examples/audio_test/CMakeFiles/tinyusb_dev_audio_test.dir/C_/Program_Files/Raspberry_Pi/Pico_SDK_v1.5.1/pico-sdk/src/common/pico_util/pheap.c.obj
                                 0x26 (size before relaxing)
 *fill*         0x1000702e        0x2 
 .rodata.__func__.0
                0x10007030       0x18 usb/device/tinyusb_device_examples/audio_test/CMakeFiles/tinyusb_dev_audio_test.dir/C_/Program_Files/Raspberry_Pi/Pico_SDK_v1.5.1/pico-sdk/src/common/pico_util/pheap.c.obj
 .rodata.__func__.1
                0x10007048       0x13 usb/device/tinyusb_device_examples/audio_test/CMakeFiles/tinyusb_dev_audio_test.dir/C_/Program_Files/Raspberry_Pi/Pico_SDK_v1.5.1/pico-sdk/src/common/pico_util/pheap.c.obj
 *fill*         0x1000705b        0x1 
 .rodata.__func__.2
                0x1000705c       0x12 usb/device/tinyusb_device_examples/audio_test/CMakeFiles/tinyusb_dev_audio_test.dir/C_/Program_Files/Raspberry_Pi/Pico_SDK_v1.5.1/pico-sdk/src/common/pico_util/pheap.c.obj
 *fill*         0x1000706e        0x2 
 .rodata.__func__.3
                0x10007070        0xc usb/device/tinyusb_device_examples/audio_test/CMakeFiles/tinyusb_dev_audio_test.dir/C_/Program_Files/Raspberry_Pi/Pico_SDK_v1.5.1/pico-sdk/src/common/pico_util/pheap.c.obj
 .rodata.clock_configure.str1.4
                0x1000707c       0x73 usb/device/tinyusb_device_examples/audio_test/CMakeFiles/tinyusb_dev_audio_test.dir/C_/Program_Files/Raspberry_Pi/Pico_SDK_v1.5.1/pico-sdk/src/rp2_common/hardware_clocks/clocks.c.obj
 *fill*         0x100070ef        0x1 
 .rodata.__func__.1
                0x100070f0       0x10 usb/device/tinyusb_device_examples/audio_test/CMakeFiles/tinyusb_dev_audio_test.dir/C_/Program_Files/Raspberry_Pi/Pico_SDK_v1.5.1/pico-sdk/src/rp2_common/hardware_clocks/clocks.c.obj
 .rodata.pll_init.str1.4
                0x10007100      0x140 usb/device/tinyusb_device_examples/audio_test/CMakeFiles/tinyusb_dev_audio_test.dir/C_/Program_Files/Raspberry_Pi/Pico_SDK_v1.5.1/pico-sdk/src/rp2_common/hardware_pll/pll.c.obj
 .rodata.__func__.0
                0x10007240        0x9 usb/device/tinyusb_device_examples/audio_test/CMakeFiles/tinyusb_dev_audio_test.dir/C_/Program_Files/Raspberry_Pi/Pico_SDK_v1.5.1/pico-sdk/src/rp2_common/hardware_pll/pll.c.obj
 *fill*         0x10007249        0x3 
 .rodata.__assert_func.str1.4
                0x1000724c       0x3f usb/device/tinyusb_device_examples/audio_test/CMakeFiles/tinyusb_dev_audio_test.dir/C_/Program_Files/Raspberry_Pi/Pico_SDK_v1.5.1/pico-sdk/src/rp2_common/pico_runtime/runtime.c.obj
                                 0x43 (size before relaxing)
 *fill*         0x1000728b        0x1 
 .rodata.runtime_init.str1.4
                0x1000728c       0x7d usb/device/tinyusb_device_examples/audio_test/CMakeFiles/tinyusb_dev_audio_test.dir/C_/Program_Files/Raspberry_Pi/Pico_SDK_v1.5.1/pico-sdk/src/rp2_common/pico_runtime/runtime.c.obj
 *fill*         0x10007309        0x3 
 .rodata.panic.str1.4
                0x1000730c       0x12 usb/device/tinyusb_device_examples/audio_test/CMakeFiles/tinyusb_dev_audio_test.dir/C_/Program_Files/Raspberry_Pi/Pico_SDK_v1.5.1/pico-sdk/src/rp2_common/pico_runtime/runtime.c.obj
 *fill*         0x1000731e        0x2 
 .rodata.__func__.2
                0x10007320        0xd usb/device/tinyusb_device_examples/audio_test/CMakeFiles/tinyusb_dev_audio_test.dir/C_/Program_Files/Raspberry_Pi/Pico_SDK_v1.5.1/pico-sdk/src/rp2_common/pico_runtime/runtime.c.obj
 *fill*         0x1000732d        0x3 
 .rodata._ftoa.str1.4
                0x10007330       0x15 usb/device/tinyusb_device_examples/audio_test/CMakeFiles/tinyusb_dev_audio_test.dir/C_/Program_Files/Raspberry_Pi/Pico_SDK_v1.5.1/pico-sdk/src/rp2_common/pico_printf/printf.c.obj
 *fill*         0x10007345        0x3 
 .rodata._vsnprintf
                0x10007348      0x1e0 usb/device/tinyusb_device_examples/audio_test/CMakeFiles/tinyusb_dev_audio_test.dir/C_/Program_Files/Raspberry_Pi/Pico_SDK_v1.5.1/pico-sdk/src/rp2_common/pico_printf/printf.c.obj
 .rodata.pow10.0
                0x10007528       0x50 usb/device/tinyusb_device_examples/audio_test/CMakeFiles/tinyusb_dev_audio_test.dir/C_/Program_Files/Raspberry_Pi/Pico_SDK_v1.5.1/pico-sdk/src/rp2_common/pico_printf/printf.c.obj
 .rodata.missing_double_func_shim.str1.4
                0x10007578       0x18 usb/device/tinyusb_device_examples/audio_test/CMakeFiles/tinyusb_dev_audio_test.dir/C_/Program_Files/Raspberry_Pi/Pico_SDK_v1.5.1/pico-sdk/src/rp2_common/pico_double/double_init_rom.c.obj
 .rodata.__aeabi_double_init.str1.4
                0x10007590       0xb8 usb/device/tinyusb_device_examples/audio_test/CMakeFiles/tinyusb_dev_audio_test.dir/C_/Program_Files/Raspberry_Pi/Pico_SDK_v1.5.1/pico-sdk/src/rp2_common/pico_double/double_init_rom.c.obj
 .rodata.__func__.0
                0x10007648       0x14 usb/device/tinyusb_device_examples/audio_test/CMakeFiles/tinyusb_dev_audio_test.dir/C_/Program_Files/Raspberry_Pi/Pico_SDK_v1.5.1/pico-sdk/src/rp2_common/pico_double/double_init_rom.c.obj
 .rodata.missing_float_func_shim.str1.4
                0x1000765c        0x1 usb/device/tinyusb_device_examples/audio_test/CMakeFiles/tinyusb_dev_audio_test.dir/C_/Program_Files/Raspberry_Pi/Pico_SDK_v1.5.1/pico-sdk/src/rp2_common/pico_float/float_init_rom.c.obj
 .rodata.__aeabi_float_init.str1.4
                0x1000765c       0x96 usb/device/tinyusb_device_examples/audio_test/CMakeFiles/tinyusb_dev_audio_test.dir/C_/Program_Files/Raspberry_Pi/Pico_SDK_v1.5.1/pico-sdk/src/rp2_common/pico_float/float_init_rom.c.obj
 *fill*         0x100076f2        0x2 
 .rodata.__func__.0
                0x100076f4       0x13 usb/device/tinyusb_device_examples/audio_test/CMakeFiles/tinyusb_dev_audio_test.dir/C_/Program_Files/Raspberry_Pi/Pico_SDK_v1.5.1/pico-sdk/src/rp2_common/pico_float/float_init_rom.c.obj
 *fill*         0x10007707        0x1 
 .rodata.str1.4
                0x10007708       0x4c usb/device/tinyusb_device_examples/audio_test/CMakeFiles/tinyusb_dev_audio_test.dir/C_/Program_Files/Raspberry_Pi/Pico_SDK_v1.5.1/pico-sdk/src/rp2_common/pico_standard_link/binary_info.c.obj
 .rodata.__bi_44
                0x10007754        0xc usb/device/tinyusb_device_examples/audio_test/CMakeFiles/tinyusb_dev_audio_test.dir/C_/Program_Files/Raspberry_Pi/Pico_SDK_v1.5.1/pico-sdk/src/rp2_common/pico_standard_link/binary_info.c.obj
 .rodata.__bi_75
                0x10007760        0xc usb/device/tinyusb_device_examples/audio_test/CMakeFiles/tinyusb_dev_audio_test.dir/C_/Program_Files/Raspberry_Pi/Pico_SDK_v1.5.1/pico-sdk/src/rp2_common/pico_standard_link/binary_info.c.obj
 .rodata.__bi_81
                0x1000776c        0xc usb/device/tinyusb_device_examples/audio_test/CMakeFiles/tinyusb_dev_audio_test.dir/C_/Program_Files/Raspberry_Pi/Pico_SDK_v1.5.1/pico-sdk/src/rp2_common/pico_standard_link/binary_info.c.obj
 .rodata.stdout_serialize_begin.str1.4
                0x10007778       0x7d usb/device/tinyusb_device_examples/audio_test/CMakeFiles/tinyusb_dev_audio_test.dir/C_/Program_Files/Raspberry_Pi/Pico_SDK_v1.5.1/pico-sdk/src/rp2_common/pico_stdio/stdio.c.obj
 .rodata.__func__.3
                0x10007778       0x15 usb/device/tinyusb_device_examples/audio_test/CMakeFiles/tinyusb_dev_audio_test.dir/C_/Program_Files/Raspberry_Pi/Pico_SDK_v1.5.1/pico-sdk/src/rp2_common/pico_stdio/stdio.c.obj
 *fill*         0x1000778d        0x3 
 .rodata.crlf_str.2
                0x10007790        0x2 usb/device/tinyusb_device_examples/audio_test/CMakeFiles/tinyusb_dev_audio_test.dir/C_/Program_Files/Raspberry_Pi/Pico_SDK_v1.5.1/pico-sdk/src/rp2_common/pico_stdio/stdio.c.obj
 *fill*         0x10007792        0x2 
 .rodata.str1.4
                0x10007794       0x18 usb/device/tinyusb_device_examples/audio_test/CMakeFiles/tinyusb_dev_audio_test.dir/734ab788d52071b7ec936fd1cf9a593e/src/rp2_common/pico_bootsel_via_double_reset/pico_bootsel_via_double_reset.c.obj
 .rodata.__bi_35
                0x100077ac        0xc usb/device/tinyusb_device_examples/audio_test/CMakeFiles/tinyusb_dev_audio_test.dir/734ab788d52071b7ec936fd1cf9a593e/src/rp2_common/pico_bootsel_via_double_reset/pico_bootsel_via_double_reset.c.obj
 .rodata.magic_token
                0x100077b8        0xc usb/device/tinyusb_device_examples/audio_test/CMakeFiles/tinyusb_dev_audio_test.dir/734ab788d52071b7ec936fd1cf9a593e/src/rp2_common/pico_bootsel_via_double_reset/pico_bootsel_via_double_reset.c.obj
 .rodata.__bi_152.0
                0x100077c4        0x8 usb/device/tinyusb_device_examples/audio_test/CMakeFiles/tinyusb_dev_audio_test.dir/C_/Program_Files/Raspberry_Pi/Pico_SDK_v1.5.1/pico-sdk/lib/tinyusb/hw/bsp/rp2040/family.c.obj
 .rodata._hw_endpoint_alloc.str1.4
                0x100077cc       0xd1 usb/device/tinyusb_device_examples/audio_test/CMakeFiles/tinyusb_dev_audio_test.dir/C_/Program_Files/Raspberry_Pi/Pico_SDK_v1.5.1/pico-sdk/lib/tinyusb/src/portable/raspberrypi/rp2040/dcd_rp2040.c.obj
 *fill*         0x1000789d        0x3 
 .rodata.str1.4